Archive member included to satisfy reference by file (symbol)

C:/ST/STM32CubeIDE_1.15.0/STM32CubeIDE/plugins/com.st.stm32cube.ide.mcu.externaltools.gnu-tools-for-stm32.12.3.rel1.win32_1.0.100.202403111256/tools/bin/../lib/gcc/arm-none-eabi/12.3.1/../../../../arm-none-eabi/lib/thumb/v7e-m+fp/hard\libc_nano.a(libc_a-exit.o)
                              C:/ST/STM32CubeIDE_1.15.0/STM32CubeIDE/plugins/com.st.stm32cube.ide.mcu.externaltools.gnu-tools-for-stm32.12.3.rel1.win32_1.0.100.202403111256/tools/bin/../lib/gcc/arm-none-eabi/12.3.1/../../../../arm-none-eabi/lib/thumb/v7e-m+fp/hard/crt0.o (exit)
C:/ST/STM32CubeIDE_1.15.0/STM32CubeIDE/plugins/com.st.stm32cube.ide.mcu.externaltools.gnu-tools-for-stm32.12.3.rel1.win32_1.0.100.202403111256/tools/bin/../lib/gcc/arm-none-eabi/12.3.1/../../../../arm-none-eabi/lib/thumb/v7e-m+fp/hard\libc_nano.a(libc_a-itoa.o)
                              ./Core/Src/main.o (itoa)
C:/ST/STM32CubeIDE_1.15.0/STM32CubeIDE/plugins/com.st.stm32cube.ide.mcu.externaltools.gnu-tools-for-stm32.12.3.rel1.win32_1.0.100.202403111256/tools/bin/../lib/gcc/arm-none-eabi/12.3.1/../../../../arm-none-eabi/lib/thumb/v7e-m+fp/hard\libc_nano.a(libc_a-utoa.o)
                              C:/ST/STM32CubeIDE_1.15.0/STM32CubeIDE/plugins/com.st.stm32cube.ide.mcu.externaltools.gnu-tools-for-stm32.12.3.rel1.win32_1.0.100.202403111256/tools/bin/../lib/gcc/arm-none-eabi/12.3.1/../../../../arm-none-eabi/lib/thumb/v7e-m+fp/hard\libc_nano.a(libc_a-itoa.o) (__utoa)
C:/ST/STM32CubeIDE_1.15.0/STM32CubeIDE/plugins/com.st.stm32cube.ide.mcu.externaltools.gnu-tools-for-stm32.12.3.rel1.win32_1.0.100.202403111256/tools/bin/../lib/gcc/arm-none-eabi/12.3.1/../../../../arm-none-eabi/lib/thumb/v7e-m+fp/hard\libc_nano.a(libc_a-findfp.o)
                              C:/ST/STM32CubeIDE_1.15.0/STM32CubeIDE/plugins/com.st.stm32cube.ide.mcu.externaltools.gnu-tools-for-stm32.12.3.rel1.win32_1.0.100.202403111256/tools/bin/../lib/gcc/arm-none-eabi/12.3.1/../../../../arm-none-eabi/lib/thumb/v7e-m+fp/hard\libc_nano.a(libc_a-exit.o) (__stdio_exit_handler)
C:/ST/STM32CubeIDE_1.15.0/STM32CubeIDE/plugins/com.st.stm32cube.ide.mcu.externaltools.gnu-tools-for-stm32.12.3.rel1.win32_1.0.100.202403111256/tools/bin/../lib/gcc/arm-none-eabi/12.3.1/../../../../arm-none-eabi/lib/thumb/v7e-m+fp/hard\libc_nano.a(libc_a-fwalk.o)
                              C:/ST/STM32CubeIDE_1.15.0/STM32CubeIDE/plugins/com.st.stm32cube.ide.mcu.externaltools.gnu-tools-for-stm32.12.3.rel1.win32_1.0.100.202403111256/tools/bin/../lib/gcc/arm-none-eabi/12.3.1/../../../../arm-none-eabi/lib/thumb/v7e-m+fp/hard\libc_nano.a(libc_a-findfp.o) (_fwalk_sglue)
C:/ST/STM32CubeIDE_1.15.0/STM32CubeIDE/plugins/com.st.stm32cube.ide.mcu.externaltools.gnu-tools-for-stm32.12.3.rel1.win32_1.0.100.202403111256/tools/bin/../lib/gcc/arm-none-eabi/12.3.1/../../../../arm-none-eabi/lib/thumb/v7e-m+fp/hard\libc_nano.a(libc_a-sprintf.o)
                              ./Core/Src/uart.o (sprintf)
C:/ST/STM32CubeIDE_1.15.0/STM32CubeIDE/plugins/com.st.stm32cube.ide.mcu.externaltools.gnu-tools-for-stm32.12.3.rel1.win32_1.0.100.202403111256/tools/bin/../lib/gcc/arm-none-eabi/12.3.1/../../../../arm-none-eabi/lib/thumb/v7e-m+fp/hard\libc_nano.a(libc_a-stdio.o)
                              C:/ST/STM32CubeIDE_1.15.0/STM32CubeIDE/plugins/com.st.stm32cube.ide.mcu.externaltools.gnu-tools-for-stm32.12.3.rel1.win32_1.0.100.202403111256/tools/bin/../lib/gcc/arm-none-eabi/12.3.1/../../../../arm-none-eabi/lib/thumb/v7e-m+fp/hard\libc_nano.a(libc_a-findfp.o) (__sread)
C:/ST/STM32CubeIDE_1.15.0/STM32CubeIDE/plugins/com.st.stm32cube.ide.mcu.externaltools.gnu-tools-for-stm32.12.3.rel1.win32_1.0.100.202403111256/tools/bin/../lib/gcc/arm-none-eabi/12.3.1/../../../../arm-none-eabi/lib/thumb/v7e-m+fp/hard\libc_nano.a(libc_a-memset.o)
                              C:/ST/STM32CubeIDE_1.15.0/STM32CubeIDE/plugins/com.st.stm32cube.ide.mcu.externaltools.gnu-tools-for-stm32.12.3.rel1.win32_1.0.100.202403111256/tools/bin/../lib/gcc/arm-none-eabi/12.3.1/../../../../arm-none-eabi/lib/thumb/v7e-m+fp/hard/crt0.o (memset)
C:/ST/STM32CubeIDE_1.15.0/STM32CubeIDE/plugins/com.st.stm32cube.ide.mcu.externaltools.gnu-tools-for-stm32.12.3.rel1.win32_1.0.100.202403111256/tools/bin/../lib/gcc/arm-none-eabi/12.3.1/../../../../arm-none-eabi/lib/thumb/v7e-m+fp/hard\libc_nano.a(libc_a-closer.o)
                              C:/ST/STM32CubeIDE_1.15.0/STM32CubeIDE/plugins/com.st.stm32cube.ide.mcu.externaltools.gnu-tools-for-stm32.12.3.rel1.win32_1.0.100.202403111256/tools/bin/../lib/gcc/arm-none-eabi/12.3.1/../../../../arm-none-eabi/lib/thumb/v7e-m+fp/hard\libc_nano.a(libc_a-stdio.o) (_close_r)
C:/ST/STM32CubeIDE_1.15.0/STM32CubeIDE/plugins/com.st.stm32cube.ide.mcu.externaltools.gnu-tools-for-stm32.12.3.rel1.win32_1.0.100.202403111256/tools/bin/../lib/gcc/arm-none-eabi/12.3.1/../../../../arm-none-eabi/lib/thumb/v7e-m+fp/hard\libc_nano.a(libc_a-reent.o)
[...]
Memory Configuration

Name             Origin             Length             Attributes
RAM              0x20000000         0x00050000         xrw
RAM2             0x10000000         0x00010000         xrw
FLASH            0x08000000         0x00100000         xr
*default*        0x00000000         0xffffffff

Linker script and memory map

LOAD C:/ST/STM32CubeIDE_1.15.0/STM32CubeIDE/plugins/com.st.stm32cube.ide.mcu.externaltools.gnu-tools-for-stm32.12.3.rel1.win32_1.0.100.202403111256/tools/bin/../lib/gcc/arm-none-eabi/12.3.1/thumb/v7e-m+fp/hard/crti.o
LOAD C:/ST/STM32CubeIDE_1.15.0/STM32CubeIDE/plugins/com.st.stm32cube.ide.mcu.externaltools.gnu-tools-for-stm32.12.3.rel1.win32_1.0.100.202403111256/tools/bin/../lib/gcc/arm-none-eabi/12.3.1/thumb/v7e-m+fp/hard/crtbegin.o
LOAD C:/ST/STM32CubeIDE_1.15.0/STM32CubeIDE/plugins/com.st.stm32cube.ide.mcu.externaltools.gnu-tools-for-stm32.12.3.rel1.win32_1.0.100.202403111256/tools/bin/../lib/gcc/arm-none-eabi/12.3.1/../../../../arm-none-eabi/lib/thumb/v7e-m+fp/hard/crt0.o
LOAD ./Core/Src/PID.o
LOAD ./Core/Src/data.o
LOAD ./Core/Src/delay.o
LOAD ./Core/Src/keypad.o
LOAD ./Core/Src/lcd.o
LOAD ./Core/Src/main.o
LOAD ./Core/Src/spi.o
LOAD ./Core/Src/stm32l4xx_hal_msp.o
LOAD ./Core/Src/stm32l4xx_it.o
LOAD ./Core/Src/syscalls.o
LOAD ./Core/Src/sysmem.o
LOAD ./Core/Src/system_stm32l4xx.o
LOAD ./Core/Src/tim2_timer.o
LOAD ./Core/Src/uart.o
LOAD ./Core/Src/utils.o
LOAD ./Core/Startup/startup_stm32l4a6zgtx.o
LOAD ./Drivers/STM32L4xx_HAL_Driver/Src/stm32l4xx_hal.o
LOAD ./Drivers/STM32L4xx_HAL_Driver/Src/stm32l4xx_hal_cortex.o
LOAD ./Drivers/STM32L4xx_HAL_Driver/Src/stm32l4xx_hal_dma.o
LOAD ./Drivers/STM32L4xx_HAL_Driver/Src/stm32l4xx_hal_dma_ex.o
LOAD ./Drivers/STM32L4xx_HAL_Driver/Src/stm32l4xx_hal_exti.o
LOAD ./Drivers/STM32L4xx_HAL_Driver/Src/stm32l4xx_hal_flash.o
LOAD ./Drivers/STM32L4xx_HAL_Driver/Src/stm32l4xx_hal_flash_ex.o
LOAD ./Drivers/STM32L4xx_HAL_Driver/Src/stm32l4xx_hal_flash_ramfunc.o
LOAD ./Drivers/STM32L4xx_HAL_Driver/Src/stm32l4xx_hal_gpio.o
LOAD ./Drivers/STM32L4xx_HAL_Driver/Src/stm32l4xx_hal_i2c.o
LOAD ./Drivers/STM32L4xx_HAL_Driver/Src/stm32l4xx_hal_i2c_ex.o
LOAD ./Drivers/STM32L4xx_HAL_Driver/Src/stm32l4xx_hal_pwr.o
LOAD ./Drivers/STM32L4xx_HAL_Driver/Src/stm32l4xx_hal_pwr_ex.o
LOAD ./Drivers/STM32L4xx_HAL_Driver/Src/stm32l4xx_hal_rcc.o
LOAD ./Drivers/STM32L4xx_HAL_Driver/Src/stm32l4xx_hal_rcc_ex.o
LOAD ./Drivers/STM32L4xx_HAL_Driver/Src/stm32l4xx_hal_tim.o
LOAD ./Drivers/STM32L4xx_HAL_Driver/Src/stm32l4xx_hal_tim_ex.o
START GROUP
LOAD C:/ST/STM32CubeIDE_1.15.0/STM32CubeIDE/plugins/com.st.stm32cube.ide.mcu.externaltools.gnu-tools-for-stm32.12.3.rel1.win32_1.0.100.202403111256/tools/bin/../lib/gcc/arm-none-eabi/12.3.1/../../../../arm-none-eabi/lib/thumb/v7e-m+fp/hard\libc_nano.a
LOAD C:/ST/STM32CubeIDE_1.15.0/STM32CubeIDE/plugins/com.st.stm32cube.ide.mcu.externaltools.gnu-tools-for-stm32.12.3.rel1.win32_1.0.100.202403111256/tools/bin/../lib/gcc/arm-none-eabi/12.3.1/../../../../arm-none-eabi/lib/thumb/v7e-m+fp/hard\libm.a
END GROUP
START GROUP
LOAD C:/ST/STM32CubeIDE_1.15.0/STM32CubeIDE/plugins/com.st.stm32cube.ide.mcu.externaltools.gnu-tools-for-stm32.12.3.rel1.win32_1.0.100.202403111256/tools/bin/../lib/gcc/arm-none-eabi/12.3.1/thumb/v7e-m+fp/hard\libgcc.a
LOAD C:/ST/STM32CubeIDE_1.15.0/STM32CubeIDE/plugins/com.st.stm32cube.ide.mcu.externaltools.gnu-tools-for-stm32.12.3.rel1.win32_1.0.100.202403111256/tools/bin/../lib/gcc/arm-none-eabi/12.3.1/../../../../arm-none-eabi/lib/thumb/v7e-m+fp/hard\libc_nano.a
END GROUP
START GROUP
LOAD C:/ST/STM32CubeIDE_1.15.0/STM32CubeIDE/plugins/com.st.stm32cube.ide.mcu.externaltools.gnu-tools-for-stm32.12.3.rel1.win32_1.0.100.202403111256/tools/bin/../lib/gcc/arm-none-eabi/12.3.1/thumb/v7e-m+fp/hard\libgcc.a
LOAD C:/ST/STM32CubeIDE_1.15.0/STM32CubeIDE/plugins/com.st.stm32cube.ide.mcu.externaltools.gnu-tools-for-stm32.12.3.rel1.win32_1.0.100.202403111256/tools/bin/../lib/gcc/arm-none-eabi/12.3.1/../../../../arm-none-eabi/lib/thumb/v7e-m+fp/hard\libc_nano.a
LOAD C:/ST/STM32CubeIDE_1.15.0/STM32CubeIDE/plugins/com.st.stm32cube.ide.mcu.externaltools.gnu-tools-for-stm32.12.3.rel1.win32_1.0.100.202403111256/tools/bin/../lib/gcc/arm-none-eabi/12.3.1/../../../../arm-none-eabi/lib/thumb/v7e-m+fp/hard\libnosys.a
END GROUP
START GROUP
LOAD C:/ST/STM32CubeIDE_1.15.0/STM32CubeIDE/plugins/com.st.stm32cube.ide.mcu.externaltools.gnu-tools-for-stm32.12.3.rel1.win32_1.0.100.202403111256/tools/bin/../lib/gcc/arm-none-eabi/12.3.1/thumb/v7e-m+fp/hard\libgcc.a
LOAD C:/ST/STM32CubeIDE_1.15.0/STM32CubeIDE/plugins/com.st.stm32cube.ide.mcu.externaltools.gnu-tools-for-stm32.12.3.rel1.win32_1.0.100.202403111256/tools/bin/../lib/gcc/arm-none-eabi/12.3.1/../../../../arm-none-eabi/lib/thumb/v7e-m+fp/hard\libc_nano.a
LOAD C:/ST/STM32CubeIDE_1.15.0/STM32CubeIDE/plugins/com.st.stm32cube.ide.mcu.externaltools.gnu-tools-for-stm32.12.3.rel1.win32_1.0.100.202403111256/tools/bin/../lib/gcc/arm-none-eabi/12.3.1/../../../../arm-none-eabi/lib/thumb/v7e-m+fp/hard\libnosys.a
END GROUP
LOAD C:/ST/STM32CubeIDE_1.15.0/STM32CubeIDE/plugins/com.st.stm32cube.ide.mcu.externaltools.gnu-tools-for-stm32.12.3.rel1.win32_1.0.100.202403111256/tools/bin/../lib/gcc/arm-none-eabi/12.3.1/thumb/v7e-m+fp/hard/crtend.o
LOAD C:/ST/STM32CubeIDE_1.15.0/STM32CubeIDE/plugins/com.st.stm32cube.ide.mcu.externaltools.gnu-tools-for-stm32.12.3.rel1.win32_1.0.100.202403111256/tools/bin/../lib/gcc/arm-none-eabi/12.3.1/thumb/v7e-m+fp/hard/crtn.o
                0x20050000                        _estack = (ORIGIN (RAM) + LENGTH (RAM))
                0x00000200                        _Min_Heap_Size = 0x200
                0x00000400                        _Min_Stack_Size = 0x400

.isr_vector     0x08000000      0x1ac
                0x08000000                        . = ALIGN (0x4)
 *(.isr_vector)
 .isr_vector    0x08000000      0x1ac ./Core/Startup/startup_stm32l4a6zgtx.o
                0x08000000                g_pfnVectors
                0x080001ac                        . = ALIGN (0x4)

.text           0x080001ac     0x283c
                0x080001ac                        . = ALIGN (0x4)
 *(.text)
 .text          0x080001ac       0x40 C:/ST/STM32CubeIDE_1.15.0/STM32CubeIDE/plugins/com.st.stm32cube.ide.mcu.externaltools.gnu-tools-for-stm32.12.3.rel1.win32_1.0.100.202403111256/tools/bin/../lib/gcc/arm-none-eabi/12.3.1/thumb/v7e-m+fp/hard/crtbegin.o
 .text          0x080001ec       0x10 C:/ST/STM32CubeIDE_1.15.0/STM32CubeIDE/plugins/com.st.stm32cube.ide.mcu.externaltools.gnu-tools-for-stm32.12.3.rel1.win32_1.0.100.202403111256/tools/bin/../lib/gcc/arm-none-eabi/12.3.1/../../../../arm-none-eabi/lib/thumb/v7e-m+fp/hard\libc_nano.a(libc_a-strlen.o)
                0x080001ec                strlen
 .text          0x080001fc      0x378 C:/ST/STM32CubeIDE_1.15.0/STM32CubeIDE/plugins/com.st.stm32cube.ide.mcu.externaltools.gnu-tools-for-stm32.12.3.rel1.win32_1.0.100.202403111256/tools/bin/../lib/gcc/arm-none-eabi/12.3.1/thumb/v7e-m+fp/hard\libgcc.a(_arm_addsubdf3.o)
                0x080001fc                __aeabi_drsub
                0x08000204                __aeabi_dsub
                0x08000204                __subdf3
                0x08000208                __aeabi_dadd
                0x08000208                __adddf3
                0x08000480                __floatunsidf
                0x08000480                __aeabi_ui2d
                0x080004a0                __floatsidf
                0x080004a0                __aeabi_i2d
                0x080004c4                __aeabi_f2d
                0x080004c4                __extendsfdf2
                0x08000508                __floatundidf
                0x08000508                __aeabi_ul2d
                0x08000518                __floatdidf
                0x08000518                __aeabi_l2d
 .text          0x08000574       0x50 C:/ST/STM32CubeIDE_1.15.0/STM32CubeIDE/plugins/com.st.stm32cube.ide.mcu.externaltools.gnu-tools-for-stm32.12.3.rel1.win32_1.0.100.202403111256/tools/bin/../lib/gcc/arm-none-eabi/12.3.1/thumb/v7e-m+fp/hard\libgcc.a(_arm_fixdfsi.o)
                0x08000574                __aeabi_d2iz
                0x08000574                __fixdfsi
 *(.text*)
 .text.SysTick_Init
                0x080005c4       0x2c ./Core/Src/delay.o
                0x080005c4                SysTick_Init
 .text.delay_us
                0x080005f0       0x5c ./Core/Src/delay.o
                0x080005f0                delay_us
 .text.Keypad_Config
                0x0800064c       0x7c ./Core/Src/keypad.o
                0x0800064c                Keypad_Config
 .text.Keypad_IsAnyKeyPressed
                0x080006c8       0x3c ./Core/Src/keypad.o
                0x080006c8                Keypad_IsAnyKeyPressed
 .text.Keypad_WhichKeyIsPressed
                0x08000704      0x10c ./Core/Src/keypad.o
                0x08000704                Keypad_WhichKeyIsPressed
 .text.LCD_init
                0x08000810       0xd8 ./Core/Src/lcd.o
                0x08000810                LCD_init
 .text.LCD_pulse_ENA
                0x080008e8       0x30 ./Core/Src/lcd.o
                0x080008e8                LCD_pulse_ENA
 .text.LCD_4b_command
                0x08000918       0x40 ./Core/Src/lcd.o
                0x08000918                LCD_4b_command
 .text.LCD_command
                0x08000958       0x68 ./Core/Src/lcd.o
                0x08000958                LCD_command
 .text.LCD_write_char
                0x080009c0       0x3c ./Core/Src/lcd.o
                0x080009c0                LCD_write_char
 .text.LCD_write_text
                0x080009fc       0x42 ./Core/Src/lcd.o
                0x080009fc                LCD_write_text
 .text.LCD_set_cursor
                0x08000a3e       0x38 ./Core/Src/lcd.o
                0x08000a3e                LCD_set_cursor
 *fill*         0x08000a76        0x2 
 .text.main     0x08000a78      0x5cc ./Core/Src/main.o
                0x08000a78                main
 .text.TIM2_IRQHandler
                0x08001044       0x4a ./Core/Src/main.o
                0x08001044                TIM2_IRQHandler
 .text.SystemClock_Config
                0x0800108e       0x8e ./Core/Src/main.o
                0x0800108e                SystemClock_Config
 .text.Error_Handler
                0x0800111c        0xc ./Core/Src/main.o
                0x0800111c                Error_Handler
 .text.SPI_init
                0x08001128      0x1a0 ./Core/Src/spi.o
                0x08001128                SPI_init
 .text.SPI_read
                0x080012c8       0x80 ./Core/Src/spi.o
                0x080012c8                SPI_read
 .text.HAL_MspInit
                0x08001348       0x48 ./Core/Src/stm32l4xx_hal_msp.o
                0x08001348                HAL_MspInit
 .text.NMI_Handler
                0x08001390        0x8 ./Core/Src/stm32l4xx_it.o
                0x08001390                NMI_Handler
 .text.HardFault_Handler
                0x08001398        0x8 ./Core/Src/stm32l4xx_it.o
                0x08001398                HardFault_Handler
 .text.MemManage_Handler
                0x080013a0        0x8 ./Core/Src/stm32l4xx_it.o
                0x080013a0                MemManage_Handler
 .text.BusFault_Handler
                0x080013a8        0x8 ./Core/Src/stm32l4xx_it.o
                0x080013a8                BusFault_Handler
 .text.UsageFault_Handler
                0x080013b0        0x8 ./Core/Src/stm32l4xx_it.o
                0x080013b0                UsageFault_Handler
 .text.SVC_Handler
                0x080013b8        0xe ./Core/Src/stm32l4xx_it.o
                0x080013b8                SVC_Handler
 .text.DebugMon_Handler
                0x080013c6        0xe ./Core/Src/stm32l4xx_it.o
                0x080013c6                DebugMon_Handler
 .text.PendSV_Handler
                0x080013d4        0xe ./Core/Src/stm32l4xx_it.o
                0x080013d4                PendSV_Handler
 .text.SysTick_Handler
                0x080013e2        0xc ./Core/Src/stm32l4xx_it.o
                0x080013e2                SysTick_Handler
 *fill*         0x080013ee        0x2 
 .text.SystemInit
                0x080013f0       0x24 ./Core/Src/system_stm32l4xx.o
                0x080013f0                SystemInit
 .text.setup_TIM2
                0x08001414       0xf8 ./Core/Src/tim2_timer.o
                0x08001414                setup_TIM2
 .text.reset_TIM2_timer
                0x0800150c       0x30 ./Core/Src/tim2_timer.o
                0x0800150c                reset_TIM2_timer
 .text.LPUART_init
                0x0800153c      0x100 ./Core/Src/uart.o
                0x0800153c                LPUART_init
 .text.LPUART_print
                0x0800163c       0x4c ./Core/Src/uart.o
                0x0800163c                LPUART_print
 .text.LPUART1_IRQHandler
                0x08001688        0xe ./Core/Src/uart.o
                0x08001688                LPUART1_IRQHandler
 *fill*         0x08001696        0x2 
 .text.initialize_pin
                0x08001698      0x1c0 ./Core/Src/utils.o
                0x08001698                initialize_pin
 .text.Reset_Handler
                0x08001858       0x50 ./Core/Startup/startup_stm32l4a6zgtx.o
                0x08001858                Reset_Handler
 .text.Default_Handler
                0x080018a8        0x2 ./Core/Startup/startup_stm32l4a6zgtx.o
                0x080018a8                RTC_Alarm_IRQHandler
                0x080018a8                HASH_RNG_IRQHandler
                0x080018a8                EXTI2_IRQHandler
                0x080018a8                TIM8_TRG_COM_IRQHandler
                0x080018a8                TIM8_CC_IRQHandler
                0x080018a8                TIM1_CC_IRQHandler
                0x080018a8                TSC_IRQHandler
                0x080018a8                TAMP_STAMP_IRQHandler
                0x080018a8                CAN2_RX1_IRQHandler
                0x080018a8                EXTI3_IRQHandler
                0x080018a8                LPTIM2_IRQHandler
                0x080018a8                DFSDM1_FLT1_IRQHandler
                0x080018a8                I2C3_ER_IRQHandler
                0x080018a8                DFSDM1_FLT2_IRQHandler
                0x080018a8                EXTI0_IRQHandler
                0x080018a8                I2C2_EV_IRQHandler
                0x080018a8                CAN1_RX0_IRQHandler
                0x080018a8                FPU_IRQHandler
                0x080018a8                TIM1_UP_TIM16_IRQHandler
                0x080018a8                CAN2_SCE_IRQHandler
                0x080018a8                ADC1_2_IRQHandler
                0x080018a8                SPI1_IRQHandler
                0x080018a8                TIM6_DAC_IRQHandler
                0x080018a8                DCMI_IRQHandler
                0x080018a8                CAN2_RX0_IRQHandler
                0x080018a8                TIM8_UP_IRQHandler
                0x080018a8                DMA2_Channel2_IRQHandler
                0x080018a8                DMA1_Channel4_IRQHandler
                0x080018a8                SAI2_IRQHandler
                0x080018a8                DFSDM1_FLT3_IRQHandler
                0x080018a8                USART3_IRQHandler
                0x080018a8                DMA1_Channel7_IRQHandler
                0x080018a8                CAN1_RX1_IRQHandler
                0x080018a8                LCD_IRQHandler
                0x080018a8                UART5_IRQHandler
                0x080018a8                ADC3_IRQHandler
                0x080018a8                TIM4_IRQHandler
                0x080018a8                DMA2_Channel1_IRQHandler
                0x080018a8                QUADSPI_IRQHandler
                0x080018a8                I2C1_EV_IRQHandler
                0x080018a8                DMA1_Channel6_IRQHandler
                0x080018a8                UART4_IRQHandler
                0x080018a8                DMA2_Channel4_IRQHandler
                0x080018a8                TIM3_IRQHandler
                0x080018a8                RCC_IRQHandler
                0x080018a8                DMA1_Channel1_IRQHandler
                0x080018a8                Default_Handler
                0x080018a8                DMA2_Channel7_IRQHandler
                0x080018a8                EXTI15_10_IRQHandler
                0x080018a8                TIM7_IRQHandler
                0x080018a8                SDMMC1_IRQHandler
                0x080018a8                CAN2_TX_IRQHandler
                0x080018a8                TIM5_IRQHandler
                0x080018a8                I2C3_EV_IRQHandler
                0x080018a8                EXTI9_5_IRQHandler
                0x080018a8                RTC_WKUP_IRQHandler
                0x080018a8                PVD_PVM_IRQHandler
                0x080018a8                SPI2_IRQHandler
                0x080018a8                CAN1_TX_IRQHandler
                0x080018a8                DMA2_Channel5_IRQHandler
                0x080018a8                CRS_IRQHandler
                0x080018a8                DMA1_Channel5_IRQHandler
                0x080018a8                EXTI4_IRQHandler
                0x080018a8                TIM1_TRG_COM_TIM17_IRQHandler
                0x080018a8                DMA1_Channel3_IRQHandler
                0x080018a8                COMP_IRQHandler
                0x080018a8                WWDG_IRQHandler
                0x080018a8                I2C4_EV_IRQHandler
                0x080018a8                DMA2_Channel6_IRQHandler
                0x080018a8                DMA2D_IRQHandler
                0x080018a8                EXTI1_IRQHandler
                0x080018a8                AES_IRQHandler
                0x080018a8                USART2_IRQHandler
                0x080018a8                DFSDM1_FLT0_IRQHandler
                0x080018a8                I2C2_ER_IRQHandler
                0x080018a8                DMA1_Channel2_IRQHandler
                0x080018a8                TIM8_BRK_IRQHandler
                0x080018a8                CAN1_SCE_IRQHandler
                0x080018a8                FLASH_IRQHandler
                0x080018a8                USART1_IRQHandler
                0x080018a8                OTG_FS_IRQHandler
                0x080018a8                SPI3_IRQHandler
                0x080018a8                I2C1_ER_IRQHandler
                0x080018a8                FMC_IRQHandler
                0x080018a8                SWPMI1_IRQHandler
                0x080018a8                LPTIM1_IRQHandler
                0x080018a8                I2C4_ER_IRQHandler
                0x080018a8                SAI1_IRQHandler
                0x080018a8                DMA2_Channel3_IRQHandler
                0x080018a8                TIM1_BRK_TIM15_IRQHandler
 .text.HAL_Init
                0x080018aa       0x30 ./Drivers/STM32L4xx_HAL_Driver/Src/stm32l4xx_hal.o
                0x080018aa                HAL_Init
 *fill*         0x080018da        0x2 
 .text.HAL_InitTick
                0x080018dc       0x78 ./Drivers/STM32L4xx_HAL_Driver/Src/stm32l4xx_hal.o
                0x080018dc                HAL_InitTick
 .text.HAL_IncTick
                0x08001954       0x28 ./Drivers/STM32L4xx_HAL_Driver/Src/stm32l4xx_hal.o
                0x08001954                HAL_IncTick
 .text.HAL_GetTick
                0x0800197c       0x18 ./Drivers/STM32L4xx_HAL_Driver/Src/stm32l4xx_hal.o
                0x0800197c                HAL_GetTick
 .text.__NVIC_SetPriorityGrouping
                0x08001994       0x48 ./Drivers/STM32L4xx_HAL_Driver/Src/stm32l4xx_hal_cortex.o
 .text.__NVIC_GetPriorityGrouping
                0x080019dc       0x1c ./Drivers/STM32L4xx_HAL_Driver/Src/stm32l4xx_hal_cortex.o
 .text.__NVIC_SetPriority
                0x080019f8       0x54 ./Drivers/STM32L4xx_HAL_Driver/Src/stm32l4xx_hal_cortex.o
 .text.NVIC_EncodePriority
                0x08001a4c       0x66 ./Drivers/STM32L4xx_HAL_Driver/Src/stm32l4xx_hal_cortex.o
 *fill*         0x08001ab2        0x2 
 .text.SysTick_Config
                0x08001ab4       0x44 ./Drivers/STM32L4xx_HAL_Driver/Src/stm32l4xx_hal_cortex.o
 .text.HAL_NVIC_SetPriorityGrouping
                0x08001af8       0x16 ./Drivers/STM32L4xx_HAL_Driver/Src/stm32l4xx_hal_cortex.o
                0x08001af8                HAL_NVIC_SetPriorityGrouping
 .text.HAL_NVIC_SetPriority
                0x08001b0e       0x38 ./Drivers/STM32L4xx_HAL_Driver/Src/stm32l4xx_hal_cortex.o
                0x08001b0e                HAL_NVIC_SetPriority
 .text.HAL_SYSTICK_Config
                0x08001b46       0x18 ./Drivers/STM32L4xx_HAL_Driver/Src/stm32l4xx_hal_cortex.o
                0x08001b46                HAL_SYSTICK_Config
 *fill*         0x08001b5e        0x2 
 .text.HAL_PWREx_GetVoltageRange
                0x08001b60       0x1c ./Drivers/STM32L4xx_HAL_Driver/Src/stm32l4xx_hal_pwr_ex.o
                0x08001b60                HAL_PWREx_GetVoltageRange
 .text.HAL_PWREx_ControlVoltageScaling
                0x08001b7c       0xac ./Drivers/STM32L4xx_HAL_Driver/Src/stm32l4xx_hal_pwr_ex.o
                0x08001b7c                HAL_PWREx_ControlVoltageScaling
 .text.HAL_RCC_OscConfig
                0x08001c28      0x834 ./Drivers/STM32L4xx_HAL_Driver/Src/stm32l4xx_hal_rcc.o
                0x08001c28                HAL_RCC_OscConfig
 .text.HAL_RCC_ClockConfig
                0x0800245c      0x200 ./Drivers/STM32L4xx_HAL_Driver/Src/stm32l4xx_hal_rcc.o
                0x0800245c                HAL_RCC_ClockConfig
 .text.HAL_RCC_GetSysClockFreq
                0x0800265c      0x118 ./Drivers/STM32L4xx_HAL_Driver/Src/stm32l4xx_hal_rcc.o
                0x0800265c                HAL_RCC_GetSysClockFreq
 .text.RCC_SetFlashLatencyFromMSIRange
                0x08002774       0xc0 ./Drivers/STM32L4xx_HAL_Driver/Src/stm32l4xx_hal_rcc.o
 .text.__itoa   0x08002834       0x30 C:/ST/STM32CubeIDE_1.15.0/STM32CubeIDE/plugins/com.st.stm32cube.ide.mcu.externaltools.gnu-tools-for-stm32.12.3.rel1.win32_1.0.100.202403111256/tools/bin/../lib/gcc/arm-none-eabi/12.3.1/../../../../arm-none-eabi/lib/thumb/v7e-m+fp/hard\libc_nano.a(libc_a-itoa.o)
                0x08002834                __itoa
 .text.itoa     0x08002864        0x4 C:/ST/STM32CubeIDE_1.15.0/STM32CubeIDE/plugins/com.st.stm32cube.ide.mcu.externaltools.gnu-tools-for-stm32.12.3.rel1.win32_1.0.100.202403111256/tools/bin/../lib/gcc/arm-none-eabi/12.3.1/../../../../arm-none-eabi/lib/thumb/v7e-m+fp/hard\libc_nano.a(libc_a-itoa.o)
                0x08002864                itoa
 .text.__utoa   0x08002868       0x84 C:/ST/STM32CubeIDE_1.15.0/STM32CubeIDE/plugins/com.st.stm32cube.ide.mcu.externaltools.gnu-tools-for-stm32.12.3.rel1.win32_1.0.100.202403111256/tools/bin/../lib/gcc/arm-none-eabi/12.3.1/../../../../arm-none-eabi/lib/thumb/v7e-m+fp/hard\libc_nano.a(libc_a-utoa.o)
                0x08002868                __utoa
 .text.memset   0x080028ec       0x10 C:/ST/STM32CubeIDE_1.15.0/STM32CubeIDE/plugins/com.st.stm32cube.ide.mcu.externaltools.gnu-tools-for-stm32.12.3.rel1.win32_1.0.100.202403111256/tools/bin/../lib/gcc/arm-none-eabi/12.3.1/../../../../arm-none-eabi/lib/thumb/v7e-m+fp/hard\libc_nano.a(libc_a-memset.o)
                0x080028ec                memset
 .text.__libc_init_array
                0x080028fc       0x48 C:/ST/STM32CubeIDE_1.15.0/STM32CubeIDE/plugins/com.st.stm32cube.ide.mcu.externaltools.gnu-tools-for-stm32.12.3.rel1.win32_1.0.100.202403111256/tools/bin/../lib/gcc/arm-none-eabi/12.3.1/../../../../arm-none-eabi/lib/thumb/v7e-m+fp/hard\libc_nano.a(libc_a-init.o)
                0x080028fc                __libc_init_array
 .text.round    0x08002944       0x8c C:/ST/STM32CubeIDE_1.15.0/STM32CubeIDE/plugins/com.st.stm32cube.ide.mcu.externaltools.gnu-tools-for-stm32.12.3.rel1.win32_1.0.100.202403111256/tools/bin/../lib/gcc/arm-none-eabi/12.3.1/../../../../arm-none-eabi/lib/thumb/v7e-m+fp/hard\libm.a(libm_a-s_round.o)
                0x08002944                round
 *(.glue_7)
 .glue_7        0x080029d0        0x0 linker stubs
 *(.glue_7t)
 .glue_7t       0x080029d0        0x0 linker stubs
 *(.eh_frame)
 .eh_frame      0x080029d0        0x0 C:/ST/STM32CubeIDE_1.15.0/STM32CubeIDE/plugins/com.st.stm32cube.ide.mcu.externaltools.gnu-tools-for-stm32.12.3.rel1.win32_1.0.100.202403111256/tools/bin/../lib/gcc/arm-none-eabi/12.3.1/thumb/v7e-m+fp/hard/crtbegin.o
 *(.init)
 .init          0x080029d0        0x4 C:/ST/STM32CubeIDE_1.15.0/STM32CubeIDE/plugins/com.st.stm32cube.ide.mcu.externaltools.gnu-tools-for-stm32.12.3.rel1.win32_1.0.100.202403111256/tools/bin/../lib/gcc/arm-none-eabi/12.3.1/thumb/v7e-m+fp/hard/crti.o
                0x080029d0                _init
 .init          0x080029d4        0x8 C:/ST/STM32CubeIDE_1.15.0/STM32CubeIDE/plugins/com.st.stm32cube.ide.mcu.externaltools.gnu-tools-for-stm32.12.3.rel1.win32_1.0.100.202403111256/tools/bin/../lib/gcc/arm-none-eabi/12.3.1/thumb/v7e-m+fp/hard/crtn.o
 *(.fini)
 .fini          0x080029dc        0x4 C:/ST/STM32CubeIDE_1.15.0/STM32CubeIDE/plugins/com.st.stm32cube.ide.mcu.externaltools.gnu-tools-for-stm32.12.3.rel1.win32_1.0.100.202403111256/tools/bin/../lib/gcc/arm-none-eabi/12.3.1/thumb/v7e-m+fp/hard/crti.o
                0x080029dc                _fini
 .fini          0x080029e0        0x8 C:/ST/STM32CubeIDE_1.15.0/STM32CubeIDE/plugins/com.st.stm32cube.ide.mcu.externaltools.gnu-tools-for-stm32.12.3.rel1.win32_1.0.100.202403111256/tools/bin/../lib/gcc/arm-none-eabi/12.3.1/thumb/v7e-m+fp/hard/crtn.o
                0x080029e8                        . = ALIGN (0x4)
                0x080029e8                        _etext = .

.vfp11_veneer   0x080029e8        0x0
 .vfp11_veneer  0x080029e8        0x0 linker stubs

.v4_bx          0x080029e8        0x0
 .v4_bx         0x080029e8        0x0 linker stubs

.iplt           0x080029e8        0x0
 .iplt          0x080029e8        0x0 C:/ST/STM32CubeIDE_1.15.0/STM32CubeIDE/plugins/com.st.stm32cube.ide.mcu.externaltools.gnu-tools-for-stm32.12.3.rel1.win32_1.0.100.202403111256/tools/bin/../lib/gcc/arm-none-eabi/12.3.1/thumb/v7e-m+fp/hard/crtbegin.o

.rodata         0x080029e8       0xfc
                0x080029e8                        . = ALIGN (0x4)
 *(.rodata)
 .rodata        0x080029e8       0x92 ./Core/Src/main.o
 *(.rodata*)
 *fill*         0x08002a7a        0x2 
 .rodata.AHBPrescTable
                0x08002a7c       0x10 ./Core/Src/system_stm32l4xx.o
                0x08002a7c                AHBPrescTable
 .rodata.MSIRangeTable
                0x08002a8c       0x30 ./Core/Src/system_stm32l4xx.o
                0x08002a8c                MSIRangeTable
 .rodata.__utoa.str1.1
                0x08002abc       0x25 C:/ST/STM32CubeIDE_1.15.0/STM32CubeIDE/plugins/com.st.stm32cube.ide.mcu.externaltools.gnu-tools-for-stm32.12.3.rel1.win32_1.0.100.202403111256/tools/bin/../lib/gcc/arm-none-eabi/12.3.1/../../../../arm-none-eabi/lib/thumb/v7e-m+fp/hard\libc_nano.a(libc_a-utoa.o)
                0x08002ae4                        . = ALIGN (0x4)
 *fill*         0x08002ae1        0x3 

.ARM.extab      0x08002ae4        0x0
                0x08002ae4                        . = ALIGN (0x4)
 *(.ARM.extab* .gnu.linkonce.armextab.*)
                0x08002ae4                        . = ALIGN (0x4)

.ARM            0x08002ae4        0x8
                0x08002ae4                        . = ALIGN (0x4)
                0x08002ae4                        __exidx_start = .
 *(.ARM.exidx*)
 .ARM.exidx     0x08002ae4        0x8 C:/ST/STM32CubeIDE_1.15.0/STM32CubeIDE/plugins/com.st.stm32cube.ide.mcu.externaltools.gnu-tools-for-stm32.12.3.rel1.win32_1.0.100.202403111256/tools/bin/../lib/gcc/arm-none-eabi/12.3.1/../../../../arm-none-eabi/lib/thumb/v7e-m+fp/hard\libc_nano.a(libc_a-strlen.o)
                0x08002aec                        __exidx_end = .
                0x08002aec                        . = ALIGN (0x4)

.preinit_array  0x08002aec        0x0
                0x08002aec                        . = ALIGN (0x4)
                0x08002aec                        PROVIDE (__preinit_array_start = .)
 *(.preinit_array*)
                0x08002aec                        PROVIDE (__preinit_array_end = .)
                0x08002aec                        . = ALIGN (0x4)

.init_array     0x08002aec        0x4
                0x08002aec                        . = ALIGN (0x4)
                0x08002aec                        PROVIDE (__init_array_start = .)
 *(SORT_BY_NAME(.init_array.*))
 *(.init_array*)
 .init_array    0x08002aec        0x4 C:/ST/STM32CubeIDE_1.15.0/STM32CubeIDE/plugins/com.st.stm32cube.ide.mcu.externaltools.gnu-tools-for-stm32.12.3.rel1.win32_1.0.100.202403111256/tools/bin/../lib/gcc/arm-none-eabi/12.3.1/thumb/v7e-m+fp/hard/crtbegin.o
                0x08002af0                        PROVIDE (__init_array_end = .)
                0x08002af0                        . = ALIGN (0x4)

.fini_array     0x08002af0        0x4
                0x08002af0                        . = ALIGN (0x4)
                [!provide]                        PROVIDE (__fini_array_start = .)
 *(SORT_BY_NAME(.fini_array.*))
 *(.fini_array*)
 .fini_array    0x08002af0        0x4 C:/ST/STM32CubeIDE_1.15.0/STM32CubeIDE/plugins/com.st.stm32cube.ide.mcu.externaltools.gnu-tools-for-stm32.12.3.rel1.win32_1.0.100.202403111256/tools/bin/../lib/gcc/arm-none-eabi/12.3.1/thumb/v7e-m+fp/hard/crtbegin.o
                [!provide]                        PROVIDE (__fini_array_end = .)
                0x08002af4                        . = ALIGN (0x4)
                0x08002af4                        _sidata = LOADADDR (.data)

.rel.dyn        0x08002af4        0x0
 .rel.iplt      0x08002af4        0x0 C:/ST/STM32CubeIDE_1.15.0/STM32CubeIDE/plugins/com.st.stm32cube.ide.mcu.externaltools.gnu-tools-for-stm32.12.3.rel1.win32_1.0.100.202403111256/tools/bin/../lib/gcc/arm-none-eabi/12.3.1/thumb/v7e-m+fp/hard/crtbegin.o

.data           0x20000000      0x790 load address 0x08002af4
                0x20000000                        . = ALIGN (0x4)
                0x20000000                        _sdata = .
 *(.data)
 *(.data*)
 .data.reflow_vals
                0x20000000      0x784 ./Core/Src/main.o
 .data.SystemCoreClock
                0x20000784        0x4 ./Core/Src/system_stm32l4xx.o
                0x20000784                SystemCoreClock
 .data.uwTickPrio
                0x20000788        0x4 ./Drivers/STM32L4xx_HAL_Driver/Src/stm32l4xx_hal.o
                0x20000788                uwTickPrio
 .data.uwTickFreq
                0x2000078c        0x1 ./Drivers/STM32L4xx_HAL_Driver/Src/stm32l4xx_hal.o
                0x2000078c                uwTickFreq
 *(.RamFunc)
 *(.RamFunc*)
                0x20000790                        . = ALIGN (0x4)
 *fill*         0x2000078d        0x3 
                0x20000790                        _edata = .

.igot.plt       0x20000790        0x0 load address 0x08003284
 .igot.plt      0x20000790        0x0 C:/ST/STM32CubeIDE_1.15.0/STM32CubeIDE/plugins/com.st.stm32cube.ide.mcu.externaltools.gnu-tools-for-stm32.12.3.rel1.win32_1.0.100.202403111256/tools/bin/../lib/gcc/arm-none-eabi/12.3.1/thumb/v7e-m+fp/hard/crtbegin.o
                0x20000790                        . = ALIGN (0x4)

.bss            0x20000790       0x54 load address 0x08003284
                0x20000790                        _sbss = .
                0x20000790                        __bss_start__ = _sbss
 *(.bss)
 .bss           0x20000790       0x1c C:/ST/STM32CubeIDE_1.15.0/STM32CubeIDE/plugins/com.st.stm32cube.ide.mcu.externaltools.gnu-tools-for-stm32.12.3.rel1.win32_1.0.100.202403111256/tools/bin/../lib/gcc/arm-none-eabi/12.3.1/thumb/v7e-m+fp/hard/crtbegin.o
 *(.bss*)
 .bss.newtemp   0x200007ac        0x4 ./Core/Src/main.o
                0x200007ac                newtemp
 .bss.state     0x200007b0        0x1 ./Core/Src/main.o
                0x200007b0                state
 *fill*         0x200007b1        0x3 
 .bss.timer_ctr
                0x200007b4        0x4 ./Core/Src/main.o
                0x200007b4                timer_ctr
 .bss.buffer    0x200007b8       0x21 ./Core/Src/main.o
                0x200007b8                buffer
 *fill*         0x200007d9        0x3 
 .bss.sec_passed
                0x200007dc        0x4 ./Core/Src/tim2_timer.o
 .bss.uwTick    0x200007e0        0x4 ./Drivers/STM32L4xx_HAL_Driver/Src/stm32l4xx_hal.o
                0x200007e0                uwTick
 *(COMMON)
                0x200007e4                        . = ALIGN (0x4)
                0x200007e4                        _ebss = .
                0x200007e4                        __bss_end__ = _ebss

._user_heap_stack
                0x200007e4      0x604 load address 0x08003284
                0x200007e8                        . = ALIGN (0x8)
 *fill*         0x200007e4        0x4 
                [!provide]                        PROVIDE (end = .)
                0x200007e8                        PROVIDE (_end = .)
                0x200009e8                        . = (. + _Min_Heap_Size)
 *fill*         0x200007e8      0x200 
                0x20000de8                        . = (. + _Min_Stack_Size)
 *fill*         0x200009e8      0x400 
                0x20000de8                        . = ALIGN (0x8)

/DISCARD/
 libc.a(*)
 libm.a(*)
 libgcc.a(*)

.ARM.attributes
                0x00000000       0x30
 *(.ARM.attributes)
 .ARM.attributes
                0x00000000       0x22 C:/ST/STM32CubeIDE_1.15.0/STM32CubeIDE/plugins/com.st.stm32cube.ide.mcu.externaltools.gnu-tools-for-stm32.12.3.rel1.win32_1.0.100.202403111256/tools/bin/../lib/gcc/arm-none-eabi/12.3.1/thumb/v7e-m+fp/hard/crti.o
 .ARM.attributes
                0x00000022       0x34 C:/ST/STM32CubeIDE_1.15.0/STM32CubeIDE/plugins/com.st.stm32cube.ide.mcu.externaltools.gnu-tools-for-stm32.12.3.rel1.win32_1.0.100.202403111256/tools/bin/../lib/gcc/arm-none-eabi/12.3.1/thumb/v7e-m+fp/hard/crtbegin.o
 .ARM.attributes
                0x00000056       0x34 ./Core/Src/delay.o
 .ARM.attributes
                0x0000008a       0x34 ./Core/Src/keypad.o
 .ARM.attributes
                0x000000be       0x34 ./Core/Src/lcd.o
 .ARM.attributes
                0x000000f2       0x34 ./Core/Src/main.o
 .ARM.attributes
                0x00000126       0x34 ./Core/Src/spi.o
 .ARM.attributes
                0x0000015a       0x34 ./Core/Src/stm32l4xx_hal_msp.o
 .ARM.attributes
                0x0000018e       0x34 ./Core/Src/stm32l4xx_it.o
 .ARM.attributes
                0x000001c2       0x34 ./Core/Src/system_stm32l4xx.o
 .ARM.attributes
                0x000001f6       0x34 ./Core/Src/tim2_timer.o
 .ARM.attributes
                0x0000022a       0x34 ./Core/Src/uart.o
 .ARM.attributes
                0x0000025e       0x34 ./Core/Src/utils.o
 .ARM.attributes
                0x00000292       0x21 ./Core/Startup/startup_stm32l4a6zgtx.o
 .ARM.attributes
                0x000002b3       0x34 ./Drivers/STM32L4xx_HAL_Driver/Src/stm32l4xx_hal.o
 .ARM.attributes
                0x000002e7       0x34 ./Drivers/STM32L4xx_HAL_Driver/Src/stm32l4xx_hal_cortex.o
 .ARM.attributes
                0x0000031b       0x34 ./Drivers/STM32L4xx_HAL_Driver/Src/stm32l4xx_hal_pwr_ex.o
 .ARM.attributes
                0x0000034f       0x34 ./Drivers/STM32L4xx_HAL_Driver/Src/stm32l4xx_hal_rcc.o
 .ARM.attributes
                0x00000383       0x34 C:/ST/STM32CubeIDE_1.15.0/STM32CubeIDE/plugins/com.st.stm32cube.ide.mcu.externaltools.gnu-tools-for-stm32.12.3.rel1.win32_1.0.100.202403111256/tools/bin/../lib/gcc/arm-none-eabi/12.3.1/../../../../arm-none-eabi/lib/thumb/v7e-m+fp/hard\libc_nano.a(libc_a-itoa.o)
 .ARM.attributes
                0x000003b7       0x34 C:/ST/STM32CubeIDE_1.15.0/STM32CubeIDE/plugins/com.st.stm32cube.ide.mcu.externaltools.gnu-tools-for-stm32.12.3.rel1.win32_1.0.100.202403111256/tools/bin/../lib/gcc/arm-none-eabi/12.3.1/../../../../arm-none-eabi/lib/thumb/v7e-m+fp/hard\libc_nano.a(libc_a-utoa.o)
 .ARM.attributes
                0x000003eb       0x34 C:/ST/STM32CubeIDE_1.15.0/STM32CubeIDE/plugins/com.st.stm32cube.ide.mcu.externaltools.gnu-tools-for-stm32.12.3.rel1.win32_1.0.100.202403111256/tools/bin/../lib/gcc/arm-none-eabi/12.3.1/../../../../arm-none-eabi/lib/thumb/v7e-m+fp/hard\libc_nano.a(libc_a-memset.o)
 .ARM.attributes
                0x0000041f       0x34 C:/ST/STM32CubeIDE_1.15.0/STM32CubeIDE/plugins/com.st.stm32cube.ide.mcu.externaltools.gnu-tools-for-stm32.12.3.rel1.win32_1.0.100.202403111256/tools/bin/../lib/gcc/arm-none-eabi/12.3.1/../../../../arm-none-eabi/lib/thumb/v7e-m+fp/hard\libc_nano.a(libc_a-init.o)
 .ARM.attributes
                0x00000453       0x17 C:/ST/STM32CubeIDE_1.15.0/STM32CubeIDE/plugins/com.st.stm32cube.ide.mcu.externaltools.gnu-tools-for-stm32.12.3.rel1.win32_1.0.100.202403111256/tools/bin/../lib/gcc/arm-none-eabi/12.3.1/../../../../arm-none-eabi/lib/thumb/v7e-m+fp/hard\libc_nano.a(libc_a-strlen.o)
 .ARM.attributes
                0x0000046a       0x34 C:/ST/STM32CubeIDE_1.15.0/STM32CubeIDE/plugins/com.st.stm32cube.ide.mcu.externaltools.gnu-tools-for-stm32.12.3.rel1.win32_1.0.100.202403111256/tools/bin/../lib/gcc/arm-none-eabi/12.3.1/../../../../arm-none-eabi/lib/thumb/v7e-m+fp/hard\libm.a(libm_a-s_round.o)
 .ARM.attributes
                0x0000049e       0x22 C:/ST/STM32CubeIDE_1.15.0/STM32CubeIDE/plugins/com.st.stm32cube.ide.mcu.externaltools.gnu-tools-for-stm32.12.3.rel1.win32_1.0.100.202403111256/tools/bin/../lib/gcc/arm-none-eabi/12.3.1/thumb/v7e-m+fp/hard\libgcc.a(_arm_addsubdf3.o)
 .ARM.attributes
                0x000004c0       0x22 C:/ST/STM32CubeIDE_1.15.0/STM32CubeIDE/plugins/com.st.stm32cube.ide.mcu.externaltools.gnu-tools-for-stm32.12.3.rel1.win32_1.0.100.202403111256/tools/bin/../lib/gcc/arm-none-eabi/12.3.1/thumb/v7e-m+fp/hard\libgcc.a(_arm_fixdfsi.o)
 .ARM.attributes
                0x000004e2       0x22 C:/ST/STM32CubeIDE_1.15.0/STM32CubeIDE/plugins/com.st.stm32cube.ide.mcu.externaltools.gnu-tools-for-stm32.12.3.rel1.win32_1.0.100.202403111256/tools/bin/../lib/gcc/arm-none-eabi/12.3.1/thumb/v7e-m+fp/hard/crtn.o
OUTPUT(FinalProject.elf elf32-littlearm)
LOAD linker stubs
LOAD C:/ST/STM32CubeIDE_1.15.0/STM32CubeIDE/plugins/com.st.stm32cube.ide.mcu.externaltools.gnu-tools-for-stm32.12.3.rel1.win32_1.0.100.202403111256/tools/bin/../lib/gcc/arm-none-eabi/12.3.1/../../../../arm-none-eabi/lib/thumb/v7e-m+fp/hard\libc.a
LOAD C:/ST/STM32CubeIDE_1.15.0/STM32CubeIDE/plugins/com.st.stm32cube.ide.mcu.externaltools.gnu-tools-for-stm32.12.3.rel1.win32_1.0.100.202403111256/tools/bin/../lib/gcc/arm-none-eabi/12.3.1/../../../../arm-none-eabi/lib/thumb/v7e-m+fp/hard\libm.a
LOAD C:/ST/STM32CubeIDE_1.15.0/STM32CubeIDE/plugins/com.st.stm32cube.ide.mcu.externaltools.gnu-tools-for-stm32.12.3.rel1.win32_1.0.100.202403111256/tools/bin/../lib/gcc/arm-none-eabi/12.3.1/thumb/v7e-m+fp/hard\libgcc.a

.debug_info     0x00000000     0x6a11
 .debug_info    0x00000000      0x12d ./Core/Src/delay.o
 .debug_info    0x0000012d      0x41e ./Core/Src/keypad.o
 .debug_info    0x0000054b      0x511 ./Core/Src/lcd.o
 .debug_info    0x00000a5c      0x9a6 ./Core/Src/main.o
 .debug_info    0x00001402      0x486 ./Core/Src/spi.o
 .debug_info    0x00001888      0x2d1 ./Core/Src/stm32l4xx_hal_msp.o
 .debug_info    0x00001b59      0x113 ./Core/Src/stm32l4xx_it.o
 .debug_info    0x00001c6c      0x5cd ./Core/Src/system_stm32l4xx.o
 .debug_info    0x00002239      0x9b5 ./Core/Src/tim2_timer.o
 .debug_info    0x00002bee      0xbaf ./Core/Src/uart.o
 .debug_info    0x0000379d      0x39a ./Core/Src/utils.o
 .debug_info    0x00003b37       0x30 ./Core/Startup/startup_stm32l4a6zgtx.o
 .debug_info    0x00003b67      0xb51 ./Drivers/STM32L4xx_HAL_Driver/Src/stm32l4xx_hal.o
 .debug_info    0x000046b8      0xd88 ./Drivers/STM32L4xx_HAL_Driver/Src/stm32l4xx_hal_cortex.o
 .debug_info    0x00005440      0x996 ./Drivers/STM32L4xx_HAL_Driver/Src/stm32l4xx_hal_pwr_ex.o
 .debug_info    0x00005dd6      0xc3b ./Drivers/STM32L4xx_HAL_Driver/Src/stm32l4xx_hal_rcc.o

.debug_abbrev   0x00000000     0x18f9
 .debug_abbrev  0x00000000       0xe3 ./Core/Src/delay.o
 .debug_abbrev  0x000000e3      0x136 ./Core/Src/keypad.o
 .debug_abbrev  0x00000219      0x19c ./Core/Src/lcd.o
 .debug_abbrev  0x000003b5      0x293 ./Core/Src/main.o
 .debug_abbrev  0x00000648      0x12d ./Core/Src/spi.o
 .debug_abbrev  0x00000775       0xc6 ./Core/Src/stm32l4xx_hal_msp.o
 .debug_abbrev  0x0000083b       0x73 ./Core/Src/stm32l4xx_it.o
 .debug_abbrev  0x000008ae      0x11a ./Core/Src/system_stm32l4xx.o
 .debug_abbrev  0x000009c8      0x1ec ./Core/Src/tim2_timer.o
 .debug_abbrev  0x00000bb4      0x222 ./Core/Src/uart.o
 .debug_abbrev  0x00000dd6       0xd2 ./Core/Src/utils.o
 .debug_abbrev  0x00000ea8       0x24 ./Core/Startup/startup_stm32l4a6zgtx.o
 .debug_abbrev  0x00000ecc      0x242 ./Drivers/STM32L4xx_HAL_Driver/Src/stm32l4xx_hal.o
 .debug_abbrev  0x0000110e      0x327 ./Drivers/STM32L4xx_HAL_Driver/Src/stm32l4xx_hal_cortex.o
 .debug_abbrev  0x00001435      0x1f9 ./Drivers/STM32L4xx_HAL_Driver/Src/stm32l4xx_hal_pwr_ex.o
 .debug_abbrev  0x0000162e      0x2cb ./Drivers/STM32L4xx_HAL_Driver/Src/stm32l4xx_hal_rcc.o

.debug_aranges  0x00000000      0x708
 .debug_aranges
                0x00000000       0x28 ./Core/Src/delay.o
 .debug_aranges
                0x00000028       0x30 ./Core/Src/keypad.o
 .debug_aranges
                0x00000058       0x58 ./Core/Src/lcd.o
 .debug_aranges
                0x000000b0       0x38 ./Core/Src/main.o
 .debug_aranges
                0x000000e8       0x38 ./Core/Src/spi.o
 .debug_aranges
                0x00000120       0x20 ./Core/Src/stm32l4xx_hal_msp.o
 .debug_aranges
                0x00000140       0x60 ./Core/Src/stm32l4xx_it.o
 .debug_aranges
                0x000001a0       0x28 ./Core/Src/system_stm32l4xx.o
 .debug_aranges
                0x000001c8       0x40 ./Core/Src/tim2_timer.o
 .debug_aranges
                0x00000208       0x90 ./Core/Src/uart.o
 .debug_aranges
                0x00000298       0x20 ./Core/Src/utils.o
 .debug_aranges
                0x000002b8       0x28 ./Core/Startup/startup_stm32l4a6zgtx.o
 .debug_aranges
                0x000002e0      0x130 ./Drivers/STM32L4xx_HAL_Driver/Src/stm32l4xx_hal.o
 .debug_aranges
                0x00000410      0x118 ./Drivers/STM32L4xx_HAL_Driver/Src/stm32l4xx_hal_cortex.o
 .debug_aranges
                0x00000528      0x150 ./Drivers/STM32L4xx_HAL_Driver/Src/stm32l4xx_hal_pwr_ex.o
 .debug_aranges
                0x00000678       0x90 ./Drivers/STM32L4xx_HAL_Driver/Src/stm32l4xx_hal_rcc.o

.debug_rnglists
                0x00000000      0x510
 .debug_rnglists
                0x00000000       0x19 ./Core/Src/delay.o
 .debug_rnglists
                0x00000019       0x20 ./Core/Src/keypad.o
 .debug_rnglists
                0x00000039       0x3f ./Core/Src/lcd.o
 .debug_rnglists
                0x00000078       0x27 ./Core/Src/main.o
 .debug_rnglists
                0x0000009f       0x28 ./Core/Src/spi.o
 .debug_rnglists
                0x000000c7       0x13 ./Core/Src/stm32l4xx_hal_msp.o
 .debug_rnglists
                0x000000da       0x43 ./Core/Src/stm32l4xx_it.o
 .debug_rnglists
                0x0000011d       0x1a ./Core/Src/system_stm32l4xx.o
 .debug_rnglists
                0x00000137       0x2d ./Core/Src/tim2_timer.o
 .debug_rnglists
                0x00000164       0x68 ./Core/Src/uart.o
 .debug_rnglists
                0x000001cc       0x14 ./Core/Src/utils.o
 .debug_rnglists
                0x000001e0       0x19 ./Core/Startup/startup_stm32l4a6zgtx.o
 .debug_rnglists
                0x000001f9       0xdf ./Drivers/STM32L4xx_HAL_Driver/Src/stm32l4xx_hal.o
 .debug_rnglists
                0x000002d8       0xce ./Drivers/STM32L4xx_HAL_Driver/Src/stm32l4xx_hal_cortex.o
 .debug_rnglists
                0x000003a6       0xfd ./Drivers/STM32L4xx_HAL_Driver/Src/stm32l4xx_hal_pwr_ex.o
 .debug_rnglists
                0x000004a3       0x6d ./Drivers/STM32L4xx_HAL_Driver/Src/stm32l4xx_hal_rcc.o

.debug_macro    0x00000000     0x2b08
 .debug_macro   0x00000000      0x1a7 ./Core/Src/delay.o
 .debug_macro   0x000001a7       0xb8 ./Core/Src/delay.o
 .debug_macro   0x0000025f      0x1c0 ./Core/Src/keypad.o
 .debug_macro   0x0000041f       0x64 ./Core/Src/keypad.o
 .debug_macro   0x00000483      0x28e ./Core/Src/lcd.o
 .debug_macro   0x00000711       0x61 ./Core/Src/lcd.o
 .debug_macro   0x00000772       0x2a ./Core/Src/lcd.o
 .debug_macro   0x0000079c       0x43 ./Core/Src/lcd.o
 .debug_macro   0x000007df       0x34 ./Core/Src/lcd.o
 .debug_macro   0x00000813       0x16 ./Core/Src/lcd.o
 .debug_macro   0x00000829       0x43 ./Core/Src/lcd.o
 .debug_macro   0x0000086c       0x34 ./Core/Src/lcd.o
 .debug_macro   0x000008a0       0x10 ./Core/Src/lcd.o
 .debug_macro   0x000008b0       0x58 ./Core/Src/lcd.o
 .debug_macro   0x00000908       0x8e ./Core/Src/lcd.o
 .debug_macro   0x00000996       0x1c ./Core/Src/lcd.o
 .debug_macro   0x000009b2      0x177 ./Core/Src/lcd.o
 .debug_macro   0x00000b29      0x369 ./Core/Src/lcd.o
 .debug_macro   0x00000e92       0x10 ./Core/Src/lcd.o
 .debug_macro   0x00000ea2       0x35 ./Core/Src/lcd.o
 .debug_macro   0x00000ed7       0x20 ./Core/Src/lcd.o
 .debug_macro   0x00000ef7       0x22 ./Core/Src/lcd.o
 .debug_macro   0x00000f19      0x375 ./Core/Src/main.o
 .debug_macro   0x0000128e       0x2e ./Core/Src/main.o
 .debug_macro   0x000012bc       0x16 ./Core/Src/main.o
 .debug_macro   0x000012d2       0x10 ./Core/Src/main.o
 .debug_macro   0x000012e2       0x16 ./Core/Src/main.o
 .debug_macro   0x000012f8       0x16 ./Core/Src/main.o
 .debug_macro   0x0000130e      0x146 ./Core/Src/main.o
 .debug_macro   0x00001454       0x10 ./Core/Src/main.o
 .debug_macro   0x00001464       0x16 ./Core/Src/main.o
 .debug_macro   0x0000147a       0x16 ./Core/Src/main.o
 .debug_macro   0x00001490       0x29 ./Core/Src/main.o
 .debug_macro   0x000014b9       0x16 ./Core/Src/main.o
 .debug_macro   0x000014cf       0x22 ./Core/Src/main.o
 .debug_macro   0x000014f1       0x6a ./Core/Src/main.o
 .debug_macro   0x0000155b       0x5e ./Core/Src/main.o
 .debug_macro   0x000015b9      0x19b ./Core/Src/main.o
 .debug_macro   0x00001754      0x1a7 ./Core/Src/spi.o
 .debug_macro   0x000018fb       0x28 ./Core/Src/spi.o
 .debug_macro   0x00001923      0x1a7 ./Core/Src/stm32l4xx_hal_msp.o
 .debug_macro   0x00001aca      0x1b1 ./Core/Src/stm32l4xx_it.o
 .debug_macro   0x00001c7b      0x198 ./Core/Src/system_stm32l4xx.o
 .debug_macro   0x00001e13      0x1bb ./Core/Src/tim2_timer.o
 .debug_macro   0x00001fce      0x27f ./Core/Src/uart.o
 .debug_macro   0x0000224d      0x1a1 ./Core/Src/utils.o
 .debug_macro   0x000023ee      0x1e6 ./Drivers/STM32L4xx_HAL_Driver/Src/stm32l4xx_hal.o
 .debug_macro   0x000025d4      0x198 ./Drivers/STM32L4xx_HAL_Driver/Src/stm32l4xx_hal_cortex.o
 .debug_macro   0x0000276c      0x1c2 ./Drivers/STM32L4xx_HAL_Driver/Src/stm32l4xx_hal_pwr_ex.o
 .debug_macro   0x0000292e      0x1da ./Drivers/STM32L4xx_HAL_Driver/Src/stm32l4xx_hal_rcc.o

.debug_line     0x00000000     0x91c1
 .debug_line    0x00000000      0x72e ./Core/Src/delay.o
 .debug_line    0x0000072e      0x821 ./Core/Src/keypad.o
 .debug_line    0x00000f4f      0x9f4 ./Core/Src/lcd.o
 .debug_line    0x00001943      0xb93 ./Core/Src/main.o
 .debug_line    0x000024d6      0x88e ./Core/Src/spi.o
 .debug_line    0x00002d64      0x6eb ./Core/Src/stm32l4xx_hal_msp.o
 .debug_line    0x0000344f      0x7ae ./Core/Src/stm32l4xx_it.o
 .debug_line    0x00003bfd      0x786 ./Core/Src/system_stm32l4xx.o
 .debug_line    0x00004383      0x82e ./Core/Src/tim2_timer.o
 .debug_line    0x00004bb1      0xa49 ./Core/Src/uart.o
 .debug_line    0x000055fa      0x79f ./Core/Src/utils.o
 .debug_line    0x00005d99       0x7a ./Core/Startup/startup_stm32l4a6zgtx.o
 .debug_line    0x00005e13      0xae1 ./Drivers/STM32L4xx_HAL_Driver/Src/stm32l4xx_hal.o
 .debug_line    0x000068f4      0xc80 ./Drivers/STM32L4xx_HAL_Driver/Src/stm32l4xx_hal_cortex.o
 .debug_line    0x00007574      0xcad ./Drivers/STM32L4xx_HAL_Driver/Src/stm32l4xx_hal_pwr_ex.o
 .debug_line    0x00008221      0xfa0 ./Drivers/STM32L4xx_HAL_Driver/Src/stm32l4xx_hal_rcc.o

.debug_str      0x00000000    0xf317d
 .debug_str     0x00000000    0xecaf6 ./Core/Src/delay.o
                              0xecd96 (size before relaxing)
 .debug_str     0x000ecaf6      0x338 ./Core/Src/keypad.o
                              0xed098 (size before relaxing)
 .debug_str     0x000ece2e     0x3277 ./Core/Src/lcd.o
                              0xf0195 (size before relaxing)
 .debug_str     0x000f00a5     0x14a7 ./Core/Src/main.o
                              0xf175b (size before relaxing)
 .debug_str     0x000f154c       0x85 ./Core/Src/spi.o
                              0xecd10 (size before relaxing)
 .debug_str     0x000f15d1       0x33 ./Core/Src/stm32l4xx_hal_msp.o
                              0xecec0 (size before relaxing)
 .debug_str     0x000f1604       0xc9 ./Core/Src/stm32l4xx_it.o
                              0xecdec (size before relaxing)
 .debug_str     0x000f16cd       0xe2 ./Core/Src/system_stm32l4xx.o
                              0xeccd1 (size before relaxing)
 .debug_str     0x000f17af      0x539 ./Core/Src/tim2_timer.o
                              0xed44c (size before relaxing)
 .debug_str     0x000f1ce8      0x1e7 ./Core/Src/uart.o
                              0xf0af2 (size before relaxing)
 .debug_str     0x000f1ecf       0x41 ./Core/Src/utils.o
                              0xecdb7 (size before relaxing)
 .debug_str     0x000f1f10       0x44 ./Core/Startup/startup_stm32l4a6zgtx.o
                                 0xa1 (size before relaxing)
 .debug_str     0x000f1f54      0x65e ./Drivers/STM32L4xx_HAL_Driver/Src/stm32l4xx_hal.o
                              0xed8e7 (size before relaxing)
 .debug_str     0x000f25b2      0x328 ./Drivers/STM32L4xx_HAL_Driver/Src/stm32l4xx_hal_cortex.o
                              0xed588 (size before relaxing)
 .debug_str     0x000f28da      0x4b3 ./Drivers/STM32L4xx_HAL_Driver/Src/stm32l4xx_hal_pwr_ex.o
                              0xed220 (size before relaxing)
 .debug_str     0x000f2d8d      0x3f0 ./Drivers/STM32L4xx_HAL_Driver/Src/stm32l4xx_hal_rcc.o
                              0xed31e (size before relaxing)

.comment        0x00000000       0x43
 .comment       0x00000000       0x43 ./Core/Src/delay.o
                                 0x44 (size before relaxing)
 .comment       0x00000043       0x44 ./Core/Src/keypad.o
 .comment       0x00000043       0x44 ./Core/Src/lcd.o
 .comment       0x00000043       0x44 ./Core/Src/main.o
 .comment       0x00000043       0x44 ./Core/Src/spi.o
 .comment       0x00000043       0x44 ./Core/Src/stm32l4xx_hal_msp.o
 .comment       0x00000043       0x44 ./Core/Src/stm32l4xx_it.o
 .comment       0x00000043       0x44 ./Core/Src/system_stm32l4xx.o
 .comment       0x00000043       0x44 ./Core/Src/tim2_timer.o
 .comment       0x00000043       0x44 ./Core/Src/uart.o
 .comment       0x00000043       0x44 ./Core/Src/utils.o
 .comment       0x00000043       0x44 ./Drivers/STM32L4xx_HAL_Driver/Src/stm32l4xx_hal.o
 .comment       0x00000043       0x44 ./Drivers/STM32L4xx_HAL_Driver/Src/stm32l4xx_hal_cortex.o
 .comment       0x00000043       0x44 ./Drivers/STM32L4xx_HAL_Driver/Src/stm32l4xx_hal_pwr_ex.o
 .comment       0x00000043       0x44 ./Drivers/STM32L4xx_HAL_Driver/Src/stm32l4xx_hal_rcc.o

.debug_frame    0x00000000     0x19f4
 .debug_frame   0x00000000       0x58 ./Core/Src/delay.o
 .debug_frame   0x00000058       0x70 ./Core/Src/keypad.o
 .debug_frame   0x000000c8      0x12c ./Core/Src/lcd.o
 .debug_frame   0x000001f4       0x8c ./Core/Src/main.o
 .debug_frame   0x00000280       0xa8 ./Core/Src/spi.o
 .debug_frame   0x00000328       0x38 ./Core/Src/stm32l4xx_hal_msp.o
 .debug_frame   0x00000360      0x104 ./Core/Src/stm32l4xx_it.o
 .debug_frame   0x00000464       0x58 ./Core/Src/system_stm32l4xx.o
 .debug_frame   0x000004bc       0xc0 ./Core/Src/tim2_timer.o
 .debug_frame   0x0000057c      0x1e8 ./Core/Src/uart.o
 .debug_frame   0x00000764       0x38 ./Core/Src/utils.o
 .debug_frame   0x0000079c      0x498 ./Drivers/STM32L4xx_HAL_Driver/Src/stm32l4xx_hal.o
 .debug_frame   0x00000c34      0x498 ./Drivers/STM32L4xx_HAL_Driver/Src/stm32l4xx_hal_cortex.o
 .debug_frame   0x000010cc      0x544 ./Drivers/STM32L4xx_HAL_Driver/Src/stm32l4xx_hal_pwr_ex.o
 .debug_frame   0x00001610      0x21c ./Drivers/STM32L4xx_HAL_Driver/Src/stm32l4xx_hal_rcc.o
 .debug_frame   0x0000182c       0x38 C:/ST/STM32CubeIDE_1.15.0/STM32CubeIDE/plugins/com.st.stm32cube.ide.mcu.externaltools.gnu-tools-for-stm32.12.3.rel1.win32_1.0.100.202403111256/tools/bin/../lib/gcc/arm-none-eabi/12.3.1/../../../../arm-none-eabi/lib/thumb/v7e-m+fp/hard\libc_nano.a(libc_a-itoa.o)
 .debug_frame   0x00001864       0x48 C:/ST/STM32CubeIDE_1.15.0/STM32CubeIDE/plugins/com.st.stm32cube.ide.mcu.externaltools.gnu-tools-for-stm32.12.3.rel1.win32_1.0.100.202403111256/tools/bin/../lib/gcc/arm-none-eabi/12.3.1/../../../../arm-none-eabi/lib/thumb/v7e-m+fp/hard\libc_nano.a(libc_a-utoa.o)
 .debug_frame   0x000018ac       0x20 C:/ST/STM32CubeIDE_1.15.0/STM32CubeIDE/plugins/com.st.stm32cube.ide.mcu.externaltools.gnu-tools-for-stm32.12.3.rel1.win32_1.0.100.202403111256/tools/bin/../lib/gcc/arm-none-eabi/12.3.1/../../../../arm-none-eabi/lib/thumb/v7e-m+fp/hard\libc_nano.a(libc_a-memset.o)
 .debug_frame   0x000018cc       0x2c C:/ST/STM32CubeIDE_1.15.0/STM32CubeIDE/plugins/com.st.stm32cube.ide.mcu.externaltools.gnu-tools-for-stm32.12.3.rel1.win32_1.0.100.202403111256/tools/bin/../lib/gcc/arm-none-eabi/12.3.1/../../../../arm-none-eabi/lib/thumb/v7e-m+fp/hard\libc_nano.a(libc_a-init.o)
 .debug_frame   0x000018f8       0x2c C:/ST/STM32CubeIDE_1.15.0/STM32CubeIDE/plugins/com.st.stm32cube.ide.mcu.externaltools.gnu-tools-for-stm32.12.3.rel1.win32_1.0.100.202403111256/tools/bin/../lib/gcc/arm-none-eabi/12.3.1/../../../../arm-none-eabi/lib/thumb/v7e-m+fp/hard\libm.a(libm_a-s_round.o)
 .debug_frame   0x00001924       0xac C:/ST/STM32CubeIDE_1.15.0/STM32CubeIDE/plugins/com.st.stm32cube.ide.mcu.externaltools.gnu-tools-for-stm32.12.3.rel1.win32_1.0.100.202403111256/tools/bin/../lib/gcc/arm-none-eabi/12.3.1/thumb/v7e-m+fp/hard\libgcc.a(_arm_addsubdf3.o)
 .debug_frame   0x000019d0       0x24 C:/ST/STM32CubeIDE_1.15.0/STM32CubeIDE/plugins/com.st.stm32cube.ide.mcu.externaltools.gnu-tools-for-stm32.12.3.rel1.win32_1.0.100.202403111256/tools/bin/../lib/gcc/arm-none-eabi/12.3.1/thumb/v7e-m+fp/hard\libgcc.a(_arm_fixdfsi.o)

.debug_line_str
                0x00000000       0x85
 .debug_line_str
                0x00000000       0x85 ./Core/Startup/startup_stm32l4a6zgtx.o
