../Core/Src/uart.c:3:6:LPUART_init	4	static,ignoring_inline_asm
../Core/Src/uart.c:33:6:LPUART_print	24	static
../Core/Src/uart.c:42:6:LPUART_printESC	16	static
../Core/Src/uart.c:48:6:LPUART1_IRQHandler	16	static
../Core/Src/uart.c:73:6:LPUART_moveCursor	48	static
../Core/Src/uart.c:84:6:LPUART_resetCursor	8	static
../Core/Src/uart.c:88:6:LPUART_clearLine	8	static
../Core/Src/uart.c:92:6:LPUART_clearScreen	8	static
../Core/Src/uart.c:96:6:LPUART_clearAttributes	8	static
../Core/Src/uart.c:100:6:LPUART_setBold	8	static
../Core/Src/uart.c:104:6:LPUART_setUnderline	8	static
../Core/Src/uart.c:108:6:LPUART_setBlink	8	static
../Core/Src/uart.c:112:6:LPUART_setTextColor	32	static
../Core/Src/uart.c:120:6:LPUART_setBackgroundColor	32	static
