../Core/Src/uart.c:5:6:LPUART_init	4	static,ignoring_inline_asm
../Core/Src/uart.c:35:6:LPUART_print	24	static
../Core/Src/uart.c:44:6:LPUART_printESC	16	static
../Core/Src/uart.c:50:6:LPUART1_IRQHandler	16	static
../Core/Src/uart.c:76:6:LPUART_moveCursor	48	static
../Core/Src/uart.c:87:6:LPUART_resetCursor	8	static
../Core/Src/uart.c:91:6:LPUART_clearLine	8	static
../Core/Src/uart.c:95:6:LPUART_clearScreen	8	static
../Core/Src/uart.c:99:6:LPUART_clearAttributes	8	static
../Core/Src/uart.c:103:6:LPUART_setBold	8	static
../Core/Src/uart.c:107:6:LPUART_setUnderline	8	static
../Core/Src/uart.c:111:6:LPUART_setBlink	8	static
../Core/Src/uart.c:115:6:LPUART_setTextColor	32	static
../Core/Src/uart.c:123:6:LPUART_setBackgroundColor	32	static
