../Drivers/CMSIS/Include/core_cm4.h:1679:22:__NVIC_EnableIRQ	16	static,ignoring_inline_asm
../Drivers/CMSIS/Include/core_cm4.h:1809:22:__NVIC_SetPriority	16	static
../Drivers/CMSIS/Include/core_cm4.h:2059:26:ITM_SendChar	16	static,ignoring_inline_asm
../Core/Src/main.c:15:5:main	16	static,ignoring_inline_asm
../Core/Src/main.c:45:5:get_user_button_state	4	static
../Core/Src/main.c:50:6:setup_TIM2	16	static,ignoring_inline_asm
../Core/Src/main.c:61:6:TIM2_IRQHandler	4	static
../Core/Src/main.c:74:6:setup_rng	4	static
../Core/Src/main.c:79:10:get_random_number	16	static
../Core/Src/main.c:101:6:setup_ext_interrupt	8	static
../Core/Src/main.c:113:6:EXTI15_10_IRQHandler	8	static
../Core/Src/main.c:121:6:setup_gpio	4	static
../Core/Src/main.c:140:5:__io_putchar	16	static
../Core/Src/main.c:146:6:SystemClock_Config	96	static
../Core/Src/main.c:187:6:Error_Handler	4	static,ignoring_inline_asm
