../Drivers/CMSIS/Include/core_cm4.h:1679:22:__NVIC_EnableIRQ	16	static,ignoring_inline_asm
../Drivers/CMSIS/Include/core_cm4.h:1809:22:__NVIC_SetPriority	16	static
../Drivers/CMSIS/Include/core_cm4.h:2059:26:ITM_SendChar	16	static,ignoring_inline_asm
../Core/Src/main.c:16:5:main	48	static,ignoring_inline_asm
../Core/Src/main.c:108:6:setup_TIM2	16	static,ignoring_inline_asm
../Core/Src/main.c:119:6:TIM2_IRQHandler	4	static
../Core/Src/main.c:129:6:setup_rng	4	static
../Core/Src/main.c:135:10:get_random_number	16	static
../Core/Src/main.c:157:6:setup_ext_interrupt	8	static,ignoring_inline_asm
../Core/Src/main.c:176:6:EXTI15_10_IRQHandler	4	static
../Core/Src/main.c:185:6:setup_gpio	4	static
../Core/Src/main.c:204:5:__io_putchar	16	static
../Core/Src/main.c:210:6:SystemClock_Config	96	static
../Core/Src/main.c:251:6:Error_Handler	4	static,ignoring_inline_asm
