../Core/Src/uart.c:5:6:LPUART_init	4	static,ignoring_inline_asm
../Core/Src/uart.c:35:6:LPUART_print	24	static
../Core/Src/uart.c:44:6:LPUART_printESC	16	static
../Core/Src/uart.c:50:6:LPUART1_IRQHandler	4	static
../Core/Src/uart.c:75:6:LPUART_moveCursor	48	static
../Core/Src/uart.c:86:6:LPUART_resetCursor	8	static
../Core/Src/uart.c:90:6:LPUART_clearLine	8	static
../Core/Src/uart.c:94:6:LPUART_clearScreen	8	static
../Core/Src/uart.c:98:6:LPUART_clearAttributes	8	static
../Core/Src/uart.c:102:6:LPUART_setBold	8	static
../Core/Src/uart.c:106:6:LPUART_setUnderline	8	static
../Core/Src/uart.c:110:6:LPUART_setBlink	8	static
../Core/Src/uart.c:114:6:LPUART_return	8	static
../Core/Src/uart.c:118:6:LPUART_setTextColor	32	static
../Core/Src/uart.c:126:6:LPUART_setBackgroundColor	32	static
