20:40:52 **** Incremental Build of configuration Debug for project A9 ****
make -j16 all 
arm-none-eabi-gcc "../Core/Src/i2c.c" -mcpu=cortex-m4 -std=gnu11 -g3 -DDEBUG -DUSE_HAL_DRIVER -DSTM32L4A6xx -c -I../Core/Inc -I../Drivers/STM32L4xx_HAL_Driver/Inc -I../Drivers/STM32L4xx_HAL_Driver/Inc/Legacy -I../Drivers/CMSIS/Device/ST/STM32L4xx/Include -I../Drivers/CMSIS/Include -O0 -ffunction-sections -fdata-sections -Wall -fstack-usage -fcyclomatic-complexity -MMD -MP -MF"Core/Src/i2c.d" -MT"Core/Src/i2c.o" --specs=nano.specs -mfpu=fpv4-sp-d16 -mfloat-abi=hard -mthumb -o "Core/Src/i2c.o"
arm-none-eabi-gcc -o "A9.elf" @"objects.list"   -mcpu=cortex-m4 -T"C:\Users\rahee\Documents\CPE329\A9\STM32L4A6ZGTX_FLASH.ld" --specs=nosys.specs -Wl,-Map="A9.map" -Wl,--gc-sections -static --specs=nano.specs -mfpu=fpv4-sp-d16 -mfloat-abi=hard -mthumb -Wl,--start-group -lc -lm -Wl,--end-group
Finished building target: A9.elf
 
arm-none-eabi-size  A9.elf 
arm-none-eabi-objdump -h -S A9.elf  > "A9.list"
   text	   data	    bss	    dec	    hex	filename
   5532	     12	   1572	   7116	   1bcc	A9.elf
Finished building: default.size.stdout
 
Finished building: A9.list
 

20:40:52 Build Finished. 0 errors, 0 warnings. (took 643ms)

