23:02:29 **** Incremental Build of configuration Debug for project FinalProject ****
make -j16 all 
arm-none-eabi-gcc "../Core/Src/spi.c" -mcpu=cortex-m4 -std=gnu11 -g3 -DDEBUG -DUSE_HAL_DRIVER -DSTM32L4A6xx -c -I../Core/Inc -I../Drivers/STM32L4xx_HAL_Driver/Inc -I../Drivers/STM32L4xx_HAL_Driver/Inc/Legacy -I../Drivers/CMSIS/Device/ST/STM32L4xx/Include -I../Drivers/CMSIS/Include -O0 -ffunction-sections -fdata-sections -Wall -fstack-usage -fcyclomatic-complexity -MMD -MP -MF"Core/Src/spi.d" -MT"Core/Src/spi.o" --specs=nano.specs -mfpu=fpv4-sp-d16 -mfloat-abi=hard -mthumb -o "Core/Src/spi.o"
arm-none-eabi-gcc -o "FinalProject.elf" @"objects.list"   -mcpu=cortex-m4 -T"C:\Users\rahee\Documents\CPE329\FinalProject\STM32L4A6ZGTX_FLASH.ld" --specs=nosys.specs -Wl,-Map="FinalProject.map" -Wl,--gc-sections -static --specs=nano.specs -mfpu=fpv4-sp-d16 -mfloat-abi=hard -mthumb -Wl,--start-group -lc -lm -Wl,--end-group
Finished building target: FinalProject.elf
 
arm-none-eabi-size  FinalProject.elf 
arm-none-eabi-objdump -h -S FinalProject.elf  > "FinalProject.list"
   text	   data	    bss	    dec	    hex	filename
   5888	     12	   1572	   7472	   1d30	FinalProject.elf
Finished building: default.size.stdout
 
Finished building: FinalProject.list
 

23:02:29 Build Finished. 0 errors, 0 warnings. (took 594ms)

