14:15:02 **** Clean-only build of configuration Debug for project A1 ****
make -j16 clean 
rm -rf ./Drivers/STM32L4xx_HAL_Driver/Src/stm32l4xx_hal.cyclo ./Drivers/STM32L4xx_HAL_Driver/Src/stm32l4xx_hal.d ./Drivers/STM32L4xx_HAL_Driver/Src/stm32l4xx_hal.o ./Drivers/STM32L4xx_HAL_Driver/Src/stm32l4xx_hal.su ./Drivers/STM32L4xx_HAL_Driver/Src/stm32l4xx_hal_cortex.cyclo ./Drivers/STM32L4xx_HAL_Driver/Src/stm32l4xx_hal_cortex.d ./Drivers/STM32L4xx_HAL_Driver/Src/stm32l4xx_hal_cortex.o ./Drivers/STM32L4xx_HAL_Driver/Src/stm32l4xx_hal_cortex.su ./Drivers/STM32L4xx_HAL_Driver/Src/stm32l4xx_hal_dma.cyclo ./Drivers/STM32L4xx_HAL_Driver/Src/stm32l4xx_hal_dma.d ./Drivers/STM32L4xx_HAL_Driver/Src/stm32l4xx_hal_dma.o ./Drivers/STM32L4xx_HAL_Driver/Src/stm32l4xx_hal_dma.su ./Drivers/STM32L4xx_HAL_Driver/Src/stm32l4xx_hal_dma_ex.cyclo ./Drivers/STM32L4xx_HAL_Driver/Src/stm32l4xx_hal_dma_ex.d ./Drivers/STM32L4xx_HAL_Driver/Src/stm32l4xx_hal_dma_ex.o ./Drivers/STM32L4xx_HAL_Driver/Src/stm32l4xx_hal_dma_ex.su ./Drivers/STM32L4xx_HAL_Driver/Src/stm32l4xx_hal_exti.cyclo ./Drivers/STM32L4xx_HAL_Driver/Src/stm32l4xx_hal_exti.d ./Drivers/STM32L4xx_HAL_Driver/Src/stm32l4xx_hal_exti.o ./Drivers/STM32L4xx_HAL_Driver/Src/stm32l4xx_hal_exti.su ./Drivers/STM32L4xx_HAL_Driver/Src/stm32l4xx_hal_flash.cyclo ./Drivers/STM32L4xx_HAL_Driver/Src/stm32l4xx_hal_flash.d ./Drivers/STM32L4xx_HAL_Driver/Src/stm32l4xx_hal_flash.o ./Drivers/STM32L4xx_HAL_Driver/Src/stm32l4xx_hal_flash.su ./Drivers/STM32L4xx_HAL_Driver/Src/stm32l4xx_hal_flash_ex.cyclo ./Drivers/STM32L4xx_HAL_Driver/Src/stm32l4xx_hal_flash_ex.d ./Drivers/STM32L4xx_HAL_Driver/Src/stm32l4xx_hal_flash_ex.o ./Drivers/STM32L4xx_HAL_Driver/Src/stm32l4xx_hal_flash_ex.su ./Drivers/STM32L4xx_HAL_Driver/Src/stm32l4xx_hal_flash_ramfunc.cyclo ./Drivers/STM32L4xx_HAL_Driver/Src/stm32l4xx_hal_flash_ramfunc.d ./Drivers/STM32L4xx_HAL_Driver/Src/stm32l4xx_hal_flash_ramfunc.o ./Drivers/STM32L4xx_HAL_Driver/Src/stm32l4xx_hal_flash_ramfunc.su ./Drivers/STM32L4xx_HAL_Driver/Src/stm32l4xx_hal_gpio.cyclo ./Drivers/STM32L4xx_HAL_Driver/Src/stm32l4xx_hal_gpio.d ./Drivers/STM32L4xx_HAL_Driver/Src/stm32l4xx_hal_gpio.o ./Drivers/STM32L4xx_HAL_Driver/Src/stm32l4xx_hal_gpio.su ./Drivers/STM32L4xx_HAL_Driver/Src/stm32l4xx_hal_i2c.cyclo ./Drivers/STM32L4xx_HAL_Driver/Src/stm32l4xx_hal_i2c.d ./Drivers/STM32L4xx_HAL_Driver/Src/stm32l4xx_hal_i2c.o ./Drivers/STM32L4xx_HAL_Driver/Src/stm32l4xx_hal_i2c.su ./Drivers/STM32L4xx_HAL_Driver/Src/stm32l4xx_hal_i2c_ex.cyclo ./Drivers/STM32L4xx_HAL_Driver/Src/stm32l4xx_hal_i2c_ex.d ./Drivers/STM32L4xx_HAL_Driver/Src/stm32l4xx_hal_i2c_ex.o ./Drivers/STM32L4xx_HAL_Driver/Src/stm32l4xx_hal_i2c_ex.su ./Drivers/STM32L4xx_HAL_Driver/Src/stm32l4xx_hal_pwr.cyclo ./Drivers/STM32L4xx_HAL_Driver/Src/stm32l4xx_hal_pwr.d ./Drivers/STM32L4xx_HAL_Driver/Src/stm32l4xx_hal_pwr.o ./Drivers/STM32L4xx_HAL_Driver/Src/stm32l4xx_hal_pwr.su ./Drivers/STM32L4xx_HAL_Driver/Src/stm32l4xx_hal_pwr_ex.cyclo ./Drivers/STM32L4xx_HAL_Driver/Src/stm32l4xx_hal_pwr_ex.d ./Drivers/STM32L4xx_HAL_Driver/Src/stm32l4xx_hal_pwr_ex.o ./Drivers/STM32L4xx_HAL_Driver/Src/stm32l4xx_hal_pwr_ex.su ./Drivers/STM32L4xx_HAL_Driver/Src/stm32l4xx_hal_rcc.cyclo ./Drivers/STM32L4xx_HAL_Driver/Src/stm32l4xx_hal_rcc.d ./Drivers/STM32L4xx_HAL_Driver/Src/stm32l4xx_hal_rcc.o ./Drivers/STM32L4xx_HAL_Driver/Src/stm32l4xx_hal_rcc.su ./Drivers/STM32L4xx_HAL_Driver/Src/stm32l4xx_hal_rcc_ex.cyclo ./Drivers/STM32L4xx_HAL_Driver/Src/stm32l4xx_hal_rcc_ex.d ./Drivers/STM32L4xx_HAL_Driver/Src/stm32l4xx_hal_rcc_ex.o ./Drivers/STM32L4xx_HAL_Driver/Src/stm32l4xx_hal_rcc_ex.su ./Drivers/STM32L4xx_HAL_Driver/Src/stm32l4xx_hal_tim.cyclo ./Drivers/STM32L4xx_HAL_Driver/Src/stm32l4xx_hal_tim.d ./Drivers/STM32L4xx_HAL_Driver/Src/stm32l4xx_hal_tim.o ./Drivers/STM32L4xx_HAL_Driver/Src/stm32l4xx_hal_tim.su ./Drivers/STM32L4xx_HAL_Driver/Src/stm32l4xx_hal_tim_ex.cyclo ./Drivers/STM32L4xx_HAL_Driver/Src/stm32l4xx_hal_tim_ex.d ./Drivers/STM32L4xx_HAL_Driver/Src/stm32l4xx_hal_tim_ex.o ./Drivers/STM32L4xx_HAL_Driver/Src/stm32l4xx_hal_tim_ex.su
rm -rf ./Core/Startup/startup_stm32l4a6zgtx.d ./Core/Startup/startup_stm32l4a6zgtx.o
rm -rf ./Core/Src/main.cyclo ./Core/Src/main.d ./Core/Src/main.o ./Core/Src/main.su ./Core/Src/rr_io.cyclo ./Core/Src/rr_io.d ./Core/Src/rr_io.o ./Core/Src/rr_io.su ./Core/Src/stm32l4xx_hal_msp.cyclo ./Core/Src/stm32l4xx_hal_msp.d ./Core/Src/stm32l4xx_hal_msp.o ./Core/Src/stm32l4xx_hal_msp.su ./Core/Src/stm32l4xx_it.cyclo ./Core/Src/stm32l4xx_it.d ./Core/Src/stm32l4xx_it.o ./Core/Src/stm32l4xx_it.su ./Core/Src/syscalls.cyclo ./Core/Src/syscalls.d ./Core/Src/syscalls.o ./Core/Src/syscalls.su ./Core/Src/sysmem.cyclo ./Core/Src/sysmem.d ./Core/Src/sysmem.o ./Core/Src/sysmem.su ./Core/Src/system_stm32l4xx.cyclo ./Core/Src/system_stm32l4xx.d ./Core/Src/system_stm32l4xx.o ./Core/Src/system_stm32l4xx.su
rm -rf A1.elf A1.list A1.map default.size.stdout
 
14:15:02 **** Build of configuration Debug for project A1 ****
make -j16 all 
arm-none-eabi-gcc "../Drivers/STM32L4xx_HAL_Driver/Src/stm32l4xx_hal.c" -mcpu=cortex-m4 -std=gnu11 -g3 -DDEBUG -DUSE_HAL_DRIVER -DSTM32L4A6xx -c -I../Core/Inc -I../Drivers/STM32L4xx_HAL_Driver/Inc -I../Drivers/STM32L4xx_HAL_Driver/Inc/Legacy -I../Drivers/CMSIS/Device/ST/STM32L4xx/Include -I../Drivers/CMSIS/Include -O0 -ffunction-sections -fdata-sections -Wall -fstack-usage -fcyclomatic-complexity -MMD -MP -MF"Drivers/STM32L4xx_HAL_Driver/Src/stm32l4xx_hal.d" -MT"Drivers/STM32L4xx_HAL_Driver/Src/stm32l4xx_hal.o" --specs=nano.specs -mfpu=fpv4-sp-d16 -mfloat-abi=hard -mthumb -o "Drivers/STM32L4xx_HAL_Driver/Src/stm32l4xx_hal.o"
arm-none-eabi-gcc "../Drivers/STM32L4xx_HAL_Driver/Src/stm32l4xx_hal_cortex.c" -mcpu=cortex-m4 -std=gnu11 -g3 -DDEBUG -DUSE_HAL_DRIVER -DSTM32L4A6xx -c -I../Core/Inc -I../Drivers/STM32L4xx_HAL_Driver/Inc -I../Drivers/STM32L4xx_HAL_Driver/Inc/Legacy -I../Drivers/CMSIS/Device/ST/STM32L4xx/Include -I../Drivers/CMSIS/Include -O0 -ffunction-sections -fdata-sections -Wall -fstack-usage -fcyclomatic-complexity -MMD -MP -MF"Drivers/STM32L4xx_HAL_Driver/Src/stm32l4xx_hal_cortex.d" -MT"Drivers/STM32L4xx_HAL_Driver/Src/stm32l4xx_hal_cortex.o" --specs=nano.specs -mfpu=fpv4-sp-d16 -mfloat-abi=hard -mthumb -o "Drivers/STM32L4xx_HAL_Driver/Src/stm32l4xx_hal_cortex.o"
arm-none-eabi-gcc "../Drivers/STM32L4xx_HAL_Driver/Src/stm32l4xx_hal_dma.c" -mcpu=cortex-m4 -std=gnu11 -g3 -DDEBUG -DUSE_HAL_DRIVER -DSTM32L4A6xx -c -I../Core/Inc -I../Drivers/STM32L4xx_HAL_Driver/Inc -I../Drivers/STM32L4xx_HAL_Driver/Inc/Legacy -I../Drivers/CMSIS/Device/ST/STM32L4xx/Include -I../Drivers/CMSIS/Include -O0 -ffunction-sections -fdata-sections -Wall -fstack-usage -fcyclomatic-complexity -MMD -MP -MF"Drivers/STM32L4xx_HAL_Driver/Src/stm32l4xx_hal_dma.d" -MT"Drivers/STM32L4xx_HAL_Driver/Src/stm32l4xx_hal_dma.o" --specs=nano.specs -mfpu=fpv4-sp-d16 -mfloat-abi=hard -mthumb -o "Drivers/STM32L4xx_HAL_Driver/Src/stm32l4xx_hal_dma.o"
arm-none-eabi-gcc "../Drivers/STM32L4xx_HAL_Driver/Src/stm32l4xx_hal_dma_ex.c" -mcpu=cortex-m4 -std=gnu11 -g3 -DDEBUG -DUSE_HAL_DRIVER -DSTM32L4A6xx -c -I../Core/Inc -I../Drivers/STM32L4xx_HAL_Driver/Inc -I../Drivers/STM32L4xx_HAL_Driver/Inc/Legacy -I../Drivers/CMSIS/Device/ST/STM32L4xx/Include -I../Drivers/CMSIS/Include -O0 -ffunction-sections -fdata-sections -Wall -fstack-usage -fcyclomatic-complexity -MMD -MP -MF"Drivers/STM32L4xx_HAL_Driver/Src/stm32l4xx_hal_dma_ex.d" -MT"Drivers/STM32L4xx_HAL_Driver/Src/stm32l4xx_hal_dma_ex.o" --specs=nano.specs -mfpu=fpv4-sp-d16 -mfloat-abi=hard -mthumb -o "Drivers/STM32L4xx_HAL_Driver/Src/stm32l4xx_hal_dma_ex.o"
arm-none-eabi-gcc "../Drivers/STM32L4xx_HAL_Driver/Src/stm32l4xx_hal_exti.c" -mcpu=cortex-m4 -std=gnu11 -g3 -DDEBUG -DUSE_HAL_DRIVER -DSTM32L4A6xx -c -I../Core/Inc -I../Drivers/STM32L4xx_HAL_Driver/Inc -I../Drivers/STM32L4xx_HAL_Driver/Inc/Legacy -I../Drivers/CMSIS/Device/ST/STM32L4xx/Include -I../Drivers/CMSIS/Include -O0 -ffunction-sections -fdata-sections -Wall -fstack-usage -fcyclomatic-complexity -MMD -MP -MF"Drivers/STM32L4xx_HAL_Driver/Src/stm32l4xx_hal_exti.d" -MT"Drivers/STM32L4xx_HAL_Driver/Src/stm32l4xx_hal_exti.o" --specs=nano.specs -mfpu=fpv4-sp-d16 -mfloat-abi=hard -mthumb -o "Drivers/STM32L4xx_HAL_Driver/Src/stm32l4xx_hal_exti.o"
arm-none-eabi-gcc "../Drivers/STM32L4xx_HAL_Driver/Src/stm32l4xx_hal_flash.c" -mcpu=cortex-m4 -std=gnu11 -g3 -DDEBUG -DUSE_HAL_DRIVER -DSTM32L4A6xx -c -I../Core/Inc -I../Drivers/STM32L4xx_HAL_Driver/Inc -I../Drivers/STM32L4xx_HAL_Driver/Inc/Legacy -I../Drivers/CMSIS/Device/ST/STM32L4xx/Include -I../Drivers/CMSIS/Include -O0 -ffunction-sections -fdata-sections -Wall -fstack-usage -fcyclomatic-complexity -MMD -MP -MF"Drivers/STM32L4xx_HAL_Driver/Src/stm32l4xx_hal_flash.d" -MT"Drivers/STM32L4xx_HAL_Driver/Src/stm32l4xx_hal_flash.o" --specs=nano.specs -mfpu=fpv4-sp-d16 -mfloat-abi=hard -mthumb -o "Drivers/STM32L4xx_HAL_Driver/Src/stm32l4xx_hal_flash.o"
arm-none-eabi-gcc "../Drivers/STM32L4xx_HAL_Driver/Src/stm32l4xx_hal_flash_ex.c" -mcpu=cortex-m4 -std=gnu11 -g3 -DDEBUG -DUSE_HAL_DRIVER -DSTM32L4A6xx -c -I../Core/Inc -I../Drivers/STM32L4xx_HAL_Driver/Inc -I../Drivers/STM32L4xx_HAL_Driver/Inc/Legacy -I../Drivers/CMSIS/Device/ST/STM32L4xx/Include -I../Drivers/CMSIS/Include -O0 -ffunction-sections -fdata-sections -Wall -fstack-usage -fcyclomatic-complexity -MMD -MP -MF"Drivers/STM32L4xx_HAL_Driver/Src/stm32l4xx_hal_flash_ex.d" -MT"Drivers/STM32L4xx_HAL_Driver/Src/stm32l4xx_hal_flash_ex.o" --specs=nano.specs -mfpu=fpv4-sp-d16 -mfloat-abi=hard -mthumb -o "Drivers/STM32L4xx_HAL_Driver/Src/stm32l4xx_hal_flash_ex.o"
arm-none-eabi-gcc "../Drivers/STM32L4xx_HAL_Driver/Src/stm32l4xx_hal_flash_ramfunc.c" -mcpu=cortex-m4 -std=gnu11 -g3 -DDEBUG -DUSE_HAL_DRIVER -DSTM32L4A6xx -c -I../Core/Inc -I../Drivers/STM32L4xx_HAL_Driver/Inc -I../Drivers/STM32L4xx_HAL_Driver/Inc/Legacy -I../Drivers/CMSIS/Device/ST/STM32L4xx/Include -I../Drivers/CMSIS/Include -O0 -ffunction-sections -fdata-sections -Wall -fstack-usage -fcyclomatic-complexity -MMD -MP -MF"Drivers/STM32L4xx_HAL_Driver/Src/stm32l4xx_hal_flash_ramfunc.d" -MT"Drivers/STM32L4xx_HAL_Driver/Src/stm32l4xx_hal_flash_ramfunc.o" --specs=nano.specs -mfpu=fpv4-sp-d16 -mfloat-abi=hard -mthumb -o "Drivers/STM32L4xx_HAL_Driver/Src/stm32l4xx_hal_flash_ramfunc.o"
arm-none-eabi-gcc "../Drivers/STM32L4xx_HAL_Driver/Src/stm32l4xx_hal_gpio.c" -mcpu=cortex-m4 -std=gnu11 -g3 -DDEBUG -DUSE_HAL_DRIVER -DSTM32L4A6xx -c -I../Core/Inc -I../Drivers/STM32L4xx_HAL_Driver/Inc -I../Drivers/STM32L4xx_HAL_Driver/Inc/Legacy -I../Drivers/CMSIS/Device/ST/STM32L4xx/Include -I../Drivers/CMSIS/Include -O0 -ffunction-sections -fdata-sections -Wall -fstack-usage -fcyclomatic-complexity -MMD -MP -MF"Drivers/STM32L4xx_HAL_Driver/Src/stm32l4xx_hal_gpio.d" -MT"Drivers/STM32L4xx_HAL_Driver/Src/stm32l4xx_hal_gpio.o" --specs=nano.specs -mfpu=fpv4-sp-d16 -mfloat-abi=hard -mthumb -o "Drivers/STM32L4xx_HAL_Driver/Src/stm32l4xx_hal_gpio.o"
arm-none-eabi-gcc "../Drivers/STM32L4xx_HAL_Driver/Src/stm32l4xx_hal_i2c.c" -mcpu=cortex-m4 -std=gnu11 -g3 -DDEBUG -DUSE_HAL_DRIVER -DSTM32L4A6xx -c -I../Core/Inc -I../Drivers/STM32L4xx_HAL_Driver/Inc -I../Drivers/STM32L4xx_HAL_Driver/Inc/Legacy -I../Drivers/CMSIS/Device/ST/STM32L4xx/Include -I../Drivers/CMSIS/Include -O0 -ffunction-sections -fdata-sections -Wall -fstack-usage -fcyclomatic-complexity -MMD -MP -MF"Drivers/STM32L4xx_HAL_Driver/Src/stm32l4xx_hal_i2c.d" -MT"Drivers/STM32L4xx_HAL_Driver/Src/stm32l4xx_hal_i2c.o" --specs=nano.specs -mfpu=fpv4-sp-d16 -mfloat-abi=hard -mthumb -o "Drivers/STM32L4xx_HAL_Driver/Src/stm32l4xx_hal_i2c.o"
arm-none-eabi-gcc "../Drivers/STM32L4xx_HAL_Driver/Src/stm32l4xx_hal_i2c_ex.c" -mcpu=cortex-m4 -std=gnu11 -g3 -DDEBUG -DUSE_HAL_DRIVER -DSTM32L4A6xx -c -I../Core/Inc -I../Drivers/STM32L4xx_HAL_Driver/Inc -I../Drivers/STM32L4xx_HAL_Driver/Inc/Legacy -I../Drivers/CMSIS/Device/ST/STM32L4xx/Include -I../Drivers/CMSIS/Include -O0 -ffunction-sections -fdata-sections -Wall -fstack-usage -fcyclomatic-complexity -MMD -MP -MF"Drivers/STM32L4xx_HAL_Driver/Src/stm32l4xx_hal_i2c_ex.d" -MT"Drivers/STM32L4xx_HAL_Driver/Src/stm32l4xx_hal_i2c_ex.o" --specs=nano.specs -mfpu=fpv4-sp-d16 -mfloat-abi=hard -mthumb -o "Drivers/STM32L4xx_HAL_Driver/Src/stm32l4xx_hal_i2c_ex.o"
arm-none-eabi-gcc "../Drivers/STM32L4xx_HAL_Driver/Src/stm32l4xx_hal_pwr.c" -mcpu=cortex-m4 -std=gnu11 -g3 -DDEBUG -DUSE_HAL_DRIVER -DSTM32L4A6xx -c -I../Core/Inc -I../Drivers/STM32L4xx_HAL_Driver/Inc -I../Drivers/STM32L4xx_HAL_Driver/Inc/Legacy -I../Drivers/CMSIS/Device/ST/STM32L4xx/Include -I../Drivers/CMSIS/Include -O0 -ffunction-sections -fdata-sections -Wall -fstack-usage -fcyclomatic-complexity -MMD -MP -MF"Drivers/STM32L4xx_HAL_Driver/Src/stm32l4xx_hal_pwr.d" -MT"Drivers/STM32L4xx_HAL_Driver/Src/stm32l4xx_hal_pwr.o" --specs=nano.specs -mfpu=fpv4-sp-d16 -mfloat-abi=hard -mthumb -o "Drivers/STM32L4xx_HAL_Driver/Src/stm32l4xx_hal_pwr.o"
arm-none-eabi-gcc "../Drivers/STM32L4xx_HAL_Driver/Src/stm32l4xx_hal_pwr_ex.c" -mcpu=cortex-m4 -std=gnu11 -g3 -DDEBUG -DUSE_HAL_DRIVER -DSTM32L4A6xx -c -I../Core/Inc -I../Drivers/STM32L4xx_HAL_Driver/Inc -I../Drivers/STM32L4xx_HAL_Driver/Inc/Legacy -I../Drivers/CMSIS/Device/ST/STM32L4xx/Include -I../Drivers/CMSIS/Include -O0 -ffunction-sections -fdata-sections -Wall -fstack-usage -fcyclomatic-complexity -MMD -MP -MF"Drivers/STM32L4xx_HAL_Driver/Src/stm32l4xx_hal_pwr_ex.d" -MT"Drivers/STM32L4xx_HAL_Driver/Src/stm32l4xx_hal_pwr_ex.o" --specs=nano.specs -mfpu=fpv4-sp-d16 -mfloat-abi=hard -mthumb -o "Drivers/STM32L4xx_HAL_Driver/Src/stm32l4xx_hal_pwr_ex.o"
arm-none-eabi-gcc "../Drivers/STM32L4xx_HAL_Driver/Src/stm32l4xx_hal_rcc.c" -mcpu=cortex-m4 -std=gnu11 -g3 -DDEBUG -DUSE_HAL_DRIVER -DSTM32L4A6xx -c -I../Core/Inc -I../Drivers/STM32L4xx_HAL_Driver/Inc -I../Drivers/STM32L4xx_HAL_Driver/Inc/Legacy -I../Drivers/CMSIS/Device/ST/STM32L4xx/Include -I../Drivers/CMSIS/Include -O0 -ffunction-sections -fdata-sections -Wall -fstack-usage -fcyclomatic-complexity -MMD -MP -MF"Drivers/STM32L4xx_HAL_Driver/Src/stm32l4xx_hal_rcc.d" -MT"Drivers/STM32L4xx_HAL_Driver/Src/stm32l4xx_hal_rcc.o" --specs=nano.specs -mfpu=fpv4-sp-d16 -mfloat-abi=hard -mthumb -o "Drivers/STM32L4xx_HAL_Driver/Src/stm32l4xx_hal_rcc.o"
arm-none-eabi-gcc "../Drivers/STM32L4xx_HAL_Driver/Src/stm32l4xx_hal_rcc_ex.c" -mcpu=cortex-m4 -std=gnu11 -g3 -DDEBUG -DUSE_HAL_DRIVER -DSTM32L4A6xx -c -I../Core/Inc -I../Drivers/STM32L4xx_HAL_Driver/Inc -I../Drivers/STM32L4xx_HAL_Driver/Inc/Legacy -I../Drivers/CMSIS/Device/ST/STM32L4xx/Include -I../Drivers/CMSIS/Include -O0 -ffunction-sections -fdata-sections -Wall -fstack-usage -fcyclomatic-complexity -MMD -MP -MF"Drivers/STM32L4xx_HAL_Driver/Src/stm32l4xx_hal_rcc_ex.d" -MT"Drivers/STM32L4xx_HAL_Driver/Src/stm32l4xx_hal_rcc_ex.o" --specs=nano.specs -mfpu=fpv4-sp-d16 -mfloat-abi=hard -mthumb -o "Drivers/STM32L4xx_HAL_Driver/Src/stm32l4xx_hal_rcc_ex.o"
arm-none-eabi-gcc "../Drivers/STM32L4xx_HAL_Driver/Src/stm32l4xx_hal_tim.c" -mcpu=cortex-m4 -std=gnu11 -g3 -DDEBUG -DUSE_HAL_DRIVER -DSTM32L4A6xx -c -I../Core/Inc -I../Drivers/STM32L4xx_HAL_Driver/Inc -I../Drivers/STM32L4xx_HAL_Driver/Inc/Legacy -I../Drivers/CMSIS/Device/ST/STM32L4xx/Include -I../Drivers/CMSIS/Include -O0 -ffunction-sections -fdata-sections -Wall -fstack-usage -fcyclomatic-complexity -MMD -MP -MF"Drivers/STM32L4xx_HAL_Driver/Src/stm32l4xx_hal_tim.d" -MT"Drivers/STM32L4xx_HAL_Driver/Src/stm32l4xx_hal_tim.o" --specs=nano.specs -mfpu=fpv4-sp-d16 -mfloat-abi=hard -mthumb -o "Drivers/STM32L4xx_HAL_Driver/Src/stm32l4xx_hal_tim.o"
arm-none-eabi-gcc "../Drivers/STM32L4xx_HAL_Driver/Src/stm32l4xx_hal_tim_ex.c" -mcpu=cortex-m4 -std=gnu11 -g3 -DDEBUG -DUSE_HAL_DRIVER -DSTM32L4A6xx -c -I../Core/Inc -I../Drivers/STM32L4xx_HAL_Driver/Inc -I../Drivers/STM32L4xx_HAL_Driver/Inc/Legacy -I../Drivers/CMSIS/Device/ST/STM32L4xx/Include -I../Drivers/CMSIS/Include -O0 -ffunction-sections -fdata-sections -Wall -fstack-usage -fcyclomatic-complexity -MMD -MP -MF"Drivers/STM32L4xx_HAL_Driver/Src/stm32l4xx_hal_tim_ex.d" -MT"Drivers/STM32L4xx_HAL_Driver/Src/stm32l4xx_hal_tim_ex.o" --specs=nano.specs -mfpu=fpv4-sp-d16 -mfloat-abi=hard -mthumb -o "Drivers/STM32L4xx_HAL_Driver/Src/stm32l4xx_hal_tim_ex.o"
arm-none-eabi-gcc -mcpu=cortex-m4 -g3 -DDEBUG -c -x assembler-with-cpp -MMD -MP -MF"Core/Startup/startup_stm32l4a6zgtx.d" -MT"Core/Startup/startup_stm32l4a6zgtx.o" --specs=nano.specs -mfpu=fpv4-sp-d16 -mfloat-abi=hard -mthumb -o "Core/Startup/startup_stm32l4a6zgtx.o" "../Core/Startup/startup_stm32l4a6zgtx.s"
arm-none-eabi-gcc "../Core/Src/main.c" -mcpu=cortex-m4 -std=gnu11 -g3 -DDEBUG -DUSE_HAL_DRIVER -DSTM32L4A6xx -c -I../Core/Inc -I../Drivers/STM32L4xx_HAL_Driver/Inc -I../Drivers/STM32L4xx_HAL_Driver/Inc/Legacy -I../Drivers/CMSIS/Device/ST/STM32L4xx/Include -I../Drivers/CMSIS/Include -O0 -ffunction-sections -fdata-sections -Wall -fstack-usage -fcyclomatic-complexity -MMD -MP -MF"Core/Src/main.d" -MT"Core/Src/main.o" --specs=nano.specs -mfpu=fpv4-sp-d16 -mfloat-abi=hard -mthumb -o "Core/Src/main.o"
arm-none-eabi-gcc "../Core/Src/rr_io.c" -mcpu=cortex-m4 -std=gnu11 -g3 -DDEBUG -DUSE_HAL_DRIVER -DSTM32L4A6xx -c -I../Core/Inc -I../Drivers/STM32L4xx_HAL_Driver/Inc -I../Drivers/STM32L4xx_HAL_Driver/Inc/Legacy -I../Drivers/CMSIS/Device/ST/STM32L4xx/Include -I../Drivers/CMSIS/Include -O0 -ffunction-sections -fdata-sections -Wall -fstack-usage -fcyclomatic-complexity -MMD -MP -MF"Core/Src/rr_io.d" -MT"Core/Src/rr_io.o" --specs=nano.specs -mfpu=fpv4-sp-d16 -mfloat-abi=hard -mthumb -o "Core/Src/rr_io.o"
arm-none-eabi-gcc "../Core/Src/stm32l4xx_hal_msp.c" -mcpu=cortex-m4 -std=gnu11 -g3 -DDEBUG -DUSE_HAL_DRIVER -DSTM32L4A6xx -c -I../Core/Inc -I../Drivers/STM32L4xx_HAL_Driver/Inc -I../Drivers/STM32L4xx_HAL_Driver/Inc/Legacy -I../Drivers/CMSIS/Device/ST/STM32L4xx/Include -I../Drivers/CMSIS/Include -O0 -ffunction-sections -fdata-sections -Wall -fstack-usage -fcyclomatic-complexity -MMD -MP -MF"Core/Src/stm32l4xx_hal_msp.d" -MT"Core/Src/stm32l4xx_hal_msp.o" --specs=nano.specs -mfpu=fpv4-sp-d16 -mfloat-abi=hard -mthumb -o "Core/Src/stm32l4xx_hal_msp.o"
arm-none-eabi-gcc "../Core/Src/stm32l4xx_it.c" -mcpu=cortex-m4 -std=gnu11 -g3 -DDEBUG -DUSE_HAL_DRIVER -DSTM32L4A6xx -c -I../Core/Inc -I../Drivers/STM32L4xx_HAL_Driver/Inc -I../Drivers/STM32L4xx_HAL_Driver/Inc/Legacy -I../Drivers/CMSIS/Device/ST/STM32L4xx/Include -I../Drivers/CMSIS/Include -O0 -ffunction-sections -fdata-sections -Wall -fstack-usage -fcyclomatic-complexity -MMD -MP -MF"Core/Src/stm32l4xx_it.d" -MT"Core/Src/stm32l4xx_it.o" --specs=nano.specs -mfpu=fpv4-sp-d16 -mfloat-abi=hard -mthumb -o "Core/Src/stm32l4xx_it.o"
arm-none-eabi-gcc "../Core/Src/syscalls.c" -mcpu=cortex-m4 -std=gnu11 -g3 -DDEBUG -DUSE_HAL_DRIVER -DSTM32L4A6xx -c -I../Core/Inc -I../Drivers/STM32L4xx_HAL_Driver/Inc -I../Drivers/STM32L4xx_HAL_Driver/Inc/Legacy -I../Drivers/CMSIS/Device/ST/STM32L4xx/Include -I../Drivers/CMSIS/Include -O0 -ffunction-sections -fdata-sections -Wall -fstack-usage -fcyclomatic-complexity -MMD -MP -MF"Core/Src/syscalls.d" -MT"Core/Src/syscalls.o" --specs=nano.specs -mfpu=fpv4-sp-d16 -mfloat-abi=hard -mthumb -o "Core/Src/syscalls.o"
arm-none-eabi-gcc "../Core/Src/sysmem.c" -mcpu=cortex-m4 -std=gnu11 -g3 -DDEBUG -DUSE_HAL_DRIVER -DSTM32L4A6xx -c -I../Core/Inc -I../Drivers/STM32L4xx_HAL_Driver/Inc -I../Drivers/STM32L4xx_HAL_Driver/Inc/Legacy -I../Drivers/CMSIS/Device/ST/STM32L4xx/Include -I../Drivers/CMSIS/Include -O0 -ffunction-sections -fdata-sections -Wall -fstack-usage -fcyclomatic-complexity -MMD -MP -MF"Core/Src/sysmem.d" -MT"Core/Src/sysmem.o" --specs=nano.specs -mfpu=fpv4-sp-d16 -mfloat-abi=hard -mthumb -o "Core/Src/sysmem.o"
arm-none-eabi-gcc "../Core/Src/system_stm32l4xx.c" -mcpu=cortex-m4 -std=gnu11 -g3 -DDEBUG -DUSE_HAL_DRIVER -DSTM32L4A6xx -c -I../Core/Inc -I../Drivers/STM32L4xx_HAL_Driver/Inc -I../Drivers/STM32L4xx_HAL_Driver/Inc/Legacy -I../Drivers/CMSIS/Device/ST/STM32L4xx/Include -I../Drivers/CMSIS/Include -O0 -ffunction-sections -fdata-sections -Wall -fstack-usage -fcyclomatic-complexity -MMD -MP -MF"Core/Src/system_stm32l4xx.d" -MT"Core/Src/system_stm32l4xx.o" --specs=nano.specs -mfpu=fpv4-sp-d16 -mfloat-abi=hard -mthumb -o "Core/Src/system_stm32l4xx.o"
../Core/Src/main.c: In function 'main':
../Core/Src/main.c:96:17: warning: variable 'main_var' set but not used [-Wunused-but-set-variable]
   96 |         int32_t main_var;
      |                 ^~~~~~~~
../Core/Src/main.c: At top level:
../Core/Src/main.c:200:13: warning: 'MX_GPIO_Init' defined but not used [-Wunused-function]
  200 | static void MX_GPIO_Init(void)
      |             ^~~~~~~~~~~~
arm-none-eabi-gcc -o "A1.elf" @"objects.list"   -mcpu=cortex-m4 -T"C:\Users\rahee\Documents\CPE329\A1\STM32L4A6ZGTX_FLASH.ld" --specs=nosys.specs -Wl,-Map="A1.map" -Wl,--gc-sections -static --specs=nano.specs -mfpu=fpv4-sp-d16 -mfloat-abi=hard -mthumb -Wl,--start-group -lc -lm -Wl,--end-group
C:/ST/STM32CubeIDE_1.15.0/STM32CubeIDE/plugins/com.st.stm32cube.ide.mcu.externaltools.gnu-tools-for-stm32.12.3.rel1.win32_1.0.100.202403111256/tools/bin/../lib/gcc/arm-none-eabi/12.3.1/../../../../arm-none-eabi/bin/ld.exe: warning: A1.elf has a LOAD segment with RWX permissions
Finished building target: A1.elf
 
arm-none-eabi-size  A1.elf 
arm-none-eabi-objdump -h -S A1.elf  > "A1.list"
   text	   data	    bss	    dec	    hex	filename
   5328	     20	   1572	   6920	   1b08	A1.elf
Finished building: default.size.stdout
 
Finished building: A1.list
 
14:15:31 **** Incremental Build of configuration Debug for project A1 ****
make -j16 all 
arm-none-eabi-gcc "../Core/Src/main.c" -mcpu=cortex-m4 -std=gnu11 -g3 -DDEBUG -DUSE_HAL_DRIVER -DSTM32L4A6xx -c -I../Core/Inc -I../Drivers/STM32L4xx_HAL_Driver/Inc -I../Drivers/STM32L4xx_HAL_Driver/Inc/Legacy -I../Drivers/CMSIS/Device/ST/STM32L4xx/Include -I../Drivers/CMSIS/Include -O0 -ffunction-sections -fdata-sections -Wall -fstack-usage -fcyclomatic-complexity -MMD -MP -MF"Core/Src/main.d" -MT"Core/Src/main.o" --specs=nano.specs -mfpu=fpv4-sp-d16 -mfloat-abi=hard -mthumb -o "Core/Src/main.o"
../Core/Src/main.c: In function 'main':
../Core/Src/main.c:96:17: warning: variable 'main_var' set but not used [-Wunused-but-set-variable]
   96 |         int32_t main_var;
      |                 ^~~~~~~~
../Core/Src/main.c: At top level:
../Core/Src/main.c:200:13: warning: 'MX_GPIO_Init' defined but not used [-Wunused-function]
  200 | static void MX_GPIO_Init(void)
      |             ^~~~~~~~~~~~
arm-none-eabi-gcc -o "A1.elf" @"objects.list"   -mcpu=cortex-m4 -T"C:\Users\rahee\Documents\CPE329\A1\STM32L4A6ZGTX_FLASH.ld" --specs=nosys.specs -Wl,-Map="A1.map" -Wl,--gc-sections -static --specs=nano.specs -mfpu=fpv4-sp-d16 -mfloat-abi=hard -mthumb -Wl,--start-group -lc -lm -Wl,--end-group
C:/ST/STM32CubeIDE_1.15.0/STM32CubeIDE/plugins/com.st.stm32cube.ide.mcu.externaltools.gnu-tools-for-stm32.12.3.rel1.win32_1.0.100.202403111256/tools/bin/../lib/gcc/arm-none-eabi/12.3.1/../../../../arm-none-eabi/bin/ld.exe: warning: A1.elf has a LOAD segment with RWX permissions
Finished building target: A1.elf
 
arm-none-eabi-size  A1.elf 
arm-none-eabi-objdump -h -S A1.elf  > "A1.list"
   text	   data	    bss	    dec	    hex	filename
   5336	     20	   1572	   6928	   1b10	A1.elf
Finished building: default.size.stdout
 
Finished building: A1.list
 
14:16:20 **** Incremental Build of configuration Debug for project A1 ****
make -j16 all 
arm-none-eabi-gcc "../Core/Src/main.c" -mcpu=cortex-m4 -std=gnu11 -g3 -DDEBUG -DUSE_HAL_DRIVER -DSTM32L4A6xx -c -I../Core/Inc -I../Drivers/STM32L4xx_HAL_Driver/Inc -I../Drivers/STM32L4xx_HAL_Driver/Inc/Legacy -I../Drivers/CMSIS/Device/ST/STM32L4xx/Include -I../Drivers/CMSIS/Include -O0 -ffunction-sections -fdata-sections -Wall -fstack-usage -fcyclomatic-complexity -MMD -MP -MF"Core/Src/main.d" -MT"Core/Src/main.o" --specs=nano.specs -mfpu=fpv4-sp-d16 -mfloat-abi=hard -mthumb -o "Core/Src/main.o"
../Core/Src/main.c: In function 'main':
../Core/Src/main.c:96:17: warning: variable 'main_var' set but not used [-Wunused-but-set-variable]
   96 |         int32_t main_var;
      |                 ^~~~~~~~
../Core/Src/main.c: At top level:
../Core/Src/main.c:200:13: warning: 'MX_GPIO_Init' defined but not used [-Wunused-function]
  200 | static void MX_GPIO_Init(void)
      |             ^~~~~~~~~~~~
arm-none-eabi-gcc -o "A1.elf" @"objects.list"   -mcpu=cortex-m4 -T"C:\Users\rahee\Documents\CPE329\A1\STM32L4A6ZGTX_FLASH.ld" --specs=nosys.specs -Wl,-Map="A1.map" -Wl,--gc-sections -static --specs=nano.specs -mfpu=fpv4-sp-d16 -mfloat-abi=hard -mthumb -Wl,--start-group -lc -lm -Wl,--end-group
C:/ST/STM32CubeIDE_1.15.0/STM32CubeIDE/plugins/com.st.stm32cube.ide.mcu.externaltools.gnu-tools-for-stm32.12.3.rel1.win32_1.0.100.202403111256/tools/bin/../lib/gcc/arm-none-eabi/12.3.1/../../../../arm-none-eabi/bin/ld.exe: warning: A1.elf has a LOAD segment with RWX permissions
Finished building target: A1.elf
 
arm-none-eabi-size  A1.elf 
arm-none-eabi-objdump -h -S A1.elf  > "A1.list"
   text	   data	    bss	    dec	    hex	filename
   5328	     20	   1572	   6920	   1b08	A1.elf
Finished building: default.size.stdout
 
Finished building: A1.list
 
14:17:20 **** Incremental Build of configuration Debug for project A1 ****
make -j16 all 
arm-none-eabi-gcc "../Core/Src/main.c" -mcpu=cortex-m4 -std=gnu11 -g3 -DDEBUG -DUSE_HAL_DRIVER -DSTM32L4A6xx -c -I../Core/Inc -I../Drivers/STM32L4xx_HAL_Driver/Inc -I../Drivers/STM32L4xx_HAL_Driver/Inc/Legacy -I../Drivers/CMSIS/Device/ST/STM32L4xx/Include -I../Drivers/CMSIS/Include -O0 -ffunction-sections -fdata-sections -Wall -fstack-usage -fcyclomatic-complexity -MMD -MP -MF"Core/Src/main.d" -MT"Core/Src/main.o" --specs=nano.specs -mfpu=fpv4-sp-d16 -mfloat-abi=hard -mthumb -o "Core/Src/main.o"
../Core/Src/main.c: In function 'main':
../Core/Src/main.c:96:17: warning: variable 'main_var' set but not used [-Wunused-but-set-variable]
   96 |         int32_t main_var;
      |                 ^~~~~~~~
../Core/Src/main.c: At top level:
../Core/Src/main.c:200:13: warning: 'MX_GPIO_Init' defined but not used [-Wunused-function]
  200 | static void MX_GPIO_Init(void)
      |             ^~~~~~~~~~~~
arm-none-eabi-gcc -o "A1.elf" @"objects.list"   -mcpu=cortex-m4 -T"C:\Users\rahee\Documents\CPE329\A1\STM32L4A6ZGTX_FLASH.ld" --specs=nosys.specs -Wl,-Map="A1.map" -Wl,--gc-sections -static --specs=nano.specs -mfpu=fpv4-sp-d16 -mfloat-abi=hard -mthumb -Wl,--start-group -lc -lm -Wl,--end-group
C:/ST/STM32CubeIDE_1.15.0/STM32CubeIDE/plugins/com.st.stm32cube.ide.mcu.externaltools.gnu-tools-for-stm32.12.3.rel1.win32_1.0.100.202403111256/tools/bin/../lib/gcc/arm-none-eabi/12.3.1/../../../../arm-none-eabi/bin/ld.exe: warning: A1.elf has a LOAD segment with RWX permissions
Finished building target: A1.elf
 
arm-none-eabi-size  A1.elf 
arm-none-eabi-objdump -h -S A1.elf  > "A1.list"
   text	   data	    bss	    dec	    hex	filename
   5348	     20	   1572	   6940	   1b1c	A1.elf
Finished building: default.size.stdout
 
Finished building: A1.list
 
14:34:34 **** Incremental Build of configuration Debug for project A1 ****
make -j16 all 
arm-none-eabi-gcc "../Core/Src/main.c" -mcpu=cortex-m4 -std=gnu11 -g3 -DDEBUG -DUSE_HAL_DRIVER -DSTM32L4A6xx -c -I../Core/Inc -I../Drivers/STM32L4xx_HAL_Driver/Inc -I../Drivers/STM32L4xx_HAL_Driver/Inc/Legacy -I../Drivers/CMSIS/Device/ST/STM32L4xx/Include -I../Drivers/CMSIS/Include -O0 -ffunction-sections -fdata-sections -Wall -fstack-usage -fcyclomatic-complexity -MMD -MP -MF"Core/Src/main.d" -MT"Core/Src/main.o" --specs=nano.specs -mfpu=fpv4-sp-d16 -mfloat-abi=hard -mthumb -o "Core/Src/main.o"
../Core/Src/main.c: In function 'main':
../Core/Src/main.c:96:17: warning: variable 'main_var' set but not used [-Wunused-but-set-variable]
   96 |         uint8_t main_var;
      |                 ^~~~~~~~
../Core/Src/main.c: At top level:
../Core/Src/main.c:200:13: warning: 'MX_GPIO_Init' defined but not used [-Wunused-function]
  200 | static void MX_GPIO_Init(void)
      |             ^~~~~~~~~~~~
arm-none-eabi-gcc -o "A1.elf" @"objects.list"   -mcpu=cortex-m4 -T"C:\Users\rahee\Documents\CPE329\A1\STM32L4A6ZGTX_FLASH.ld" --specs=nosys.specs -Wl,-Map="A1.map" -Wl,--gc-sections -static --specs=nano.specs -mfpu=fpv4-sp-d16 -mfloat-abi=hard -mthumb -Wl,--start-group -lc -lm -Wl,--end-group
C:/ST/STM32CubeIDE_1.15.0/STM32CubeIDE/plugins/com.st.stm32cube.ide.mcu.externaltools.gnu-tools-for-stm32.12.3.rel1.win32_1.0.100.202403111256/tools/bin/../lib/gcc/arm-none-eabi/12.3.1/../../../../arm-none-eabi/bin/ld.exe: warning: A1.elf has a LOAD segment with RWX permissions
Finished building target: A1.elf
 
arm-none-eabi-size  A1.elf 
arm-none-eabi-objdump -h -S A1.elf  > "A1.list"
   text	   data	    bss	    dec	    hex	filename
   5348	     20	   1572	   6940	   1b1c	A1.elf
Finished building: default.size.stdout
 
Finished building: A1.list
 
14:37:49 **** Incremental Build of configuration Debug for project A1 ****
make -j16 all 
arm-none-eabi-gcc "../Core/Src/main.c" -mcpu=cortex-m4 -std=gnu11 -g3 -DDEBUG -DUSE_HAL_DRIVER -DSTM32L4A6xx -c -I../Core/Inc -I../Drivers/STM32L4xx_HAL_Driver/Inc -I../Drivers/STM32L4xx_HAL_Driver/Inc/Legacy -I../Drivers/CMSIS/Device/ST/STM32L4xx/Include -I../Drivers/CMSIS/Include -O0 -ffunction-sections -fdata-sections -Wall -fstack-usage -fcyclomatic-complexity -MMD -MP -MF"Core/Src/main.d" -MT"Core/Src/main.o" --specs=nano.specs -mfpu=fpv4-sp-d16 -mfloat-abi=hard -mthumb -o "Core/Src/main.o"
../Core/Src/main.c: In function 'main':
../Core/Src/main.c:96:18: warning: variable 'main_var' set but not used [-Wunused-but-set-variable]
   96 |         int64_t  main_var;
      |                  ^~~~~~~~
../Core/Src/main.c: At top level:
../Core/Src/main.c:200:13: warning: 'MX_GPIO_Init' defined but not used [-Wunused-function]
  200 | static void MX_GPIO_Init(void)
      |             ^~~~~~~~~~~~
arm-none-eabi-gcc -o "A1.elf" @"objects.list"   -mcpu=cortex-m4 -T"C:\Users\rahee\Documents\CPE329\A1\STM32L4A6ZGTX_FLASH.ld" --specs=nosys.specs -Wl,-Map="A1.map" -Wl,--gc-sections -static --specs=nano.specs -mfpu=fpv4-sp-d16 -mfloat-abi=hard -mthumb -Wl,--start-group -lc -lm -Wl,--end-group
C:/ST/STM32CubeIDE_1.15.0/STM32CubeIDE/plugins/com.st.stm32cube.ide.mcu.externaltools.gnu-tools-for-stm32.12.3.rel1.win32_1.0.100.202403111256/tools/bin/../lib/gcc/arm-none-eabi/12.3.1/../../../../arm-none-eabi/bin/ld.exe: warning: A1.elf has a LOAD segment with RWX permissions
Finished building target: A1.elf
 
arm-none-eabi-size  A1.elf 
arm-none-eabi-objdump -h -S A1.elf  > "A1.list"
   text	   data	    bss	    dec	    hex	filename
   6220	     20	   1572	   7812	   1e84	A1.elf
Finished building: default.size.stdout
 
Finished building: A1.list
 
14:41:50 **** Incremental Build of configuration Debug for project A1 ****
make -j16 all 
arm-none-eabi-gcc "../Core/Src/main.c" -mcpu=cortex-m4 -std=gnu11 -g3 -DDEBUG -DUSE_HAL_DRIVER -DSTM32L4A6xx -c -I../Core/Inc -I../Drivers/STM32L4xx_HAL_Driver/Inc -I../Drivers/STM32L4xx_HAL_Driver/Inc/Legacy -I../Drivers/CMSIS/Device/ST/STM32L4xx/Include -I../Drivers/CMSIS/Include -O0 -ffunction-sections -fdata-sections -Wall -fstack-usage -fcyclomatic-complexity -MMD -MP -MF"Core/Src/main.d" -MT"Core/Src/main.o" --specs=nano.specs -mfpu=fpv4-sp-d16 -mfloat-abi=hard -mthumb -o "Core/Src/main.o"
../Core/Src/main.c: In function 'main':
../Core/Src/main.c:96:17: warning: variable 'main_var' set but not used [-Wunused-but-set-variable]
   96 |         uint8_t main_var;
      |                 ^~~~~~~~
../Core/Src/main.c: At top level:
../Core/Src/main.c:200:13: warning: 'MX_GPIO_Init' defined but not used [-Wunused-function]
  200 | static void MX_GPIO_Init(void)
      |             ^~~~~~~~~~~~
arm-none-eabi-gcc -o "A1.elf" @"objects.list"   -mcpu=cortex-m4 -T"C:\Users\rahee\Documents\CPE329\A1\STM32L4A6ZGTX_FLASH.ld" --specs=nosys.specs -Wl,-Map="A1.map" -Wl,--gc-sections -static --specs=nano.specs -mfpu=fpv4-sp-d16 -mfloat-abi=hard -mthumb -Wl,--start-group -lc -lm -Wl,--end-group
C:/ST/STM32CubeIDE_1.15.0/STM32CubeIDE/plugins/com.st.stm32cube.ide.mcu.externaltools.gnu-tools-for-stm32.12.3.rel1.win32_1.0.100.202403111256/tools/bin/../lib/gcc/arm-none-eabi/12.3.1/../../../../arm-none-eabi/bin/ld.exe: warning: A1.elf has a LOAD segment with RWX permissions
Finished building target: A1.elf
 
arm-none-eabi-size  A1.elf 
arm-none-eabi-objdump -h -S A1.elf  > "A1.list"
   text	   data	    bss	    dec	    hex	filename
   5348	     20	   1572	   6940	   1b1c	A1.elf
Finished building: default.size.stdout
 
Finished building: A1.list
 
14:47:44 **** Incremental Build of configuration Debug for project A1 ****
make -j16 all 
arm-none-eabi-gcc "../Core/Src/main.c" -mcpu=cortex-m4 -std=gnu11 -g3 -DDEBUG -DUSE_HAL_DRIVER -DSTM32L4A6xx -c -I../Core/Inc -I../Drivers/STM32L4xx_HAL_Driver/Inc -I../Drivers/STM32L4xx_HAL_Driver/Inc/Legacy -I../Drivers/CMSIS/Device/ST/STM32L4xx/Include -I../Drivers/CMSIS/Include -O0 -ffunction-sections -fdata-sections -Wall -fstack-usage -fcyclomatic-complexity -MMD -MP -MF"Core/Src/main.d" -MT"Core/Src/main.o" --specs=nano.specs -mfpu=fpv4-sp-d16 -mfloat-abi=hard -mthumb -o "Core/Src/main.o"
../Core/Src/main.c: In function 'main':
../Core/Src/main.c:96:17: warning: unused variable 'main_var' [-Wunused-variable]
   96 |         uint8_t main_var;
      |                 ^~~~~~~~
../Core/Src/main.c: At top level:
../Core/Src/main.c:200:13: warning: 'MX_GPIO_Init' defined but not used [-Wunused-function]
  200 | static void MX_GPIO_Init(void)
      |             ^~~~~~~~~~~~
arm-none-eabi-gcc -o "A1.elf" @"objects.list"   -mcpu=cortex-m4 -T"C:\Users\rahee\Documents\CPE329\A1\STM32L4A6ZGTX_FLASH.ld" --specs=nosys.specs -Wl,-Map="A1.map" -Wl,--gc-sections -static --specs=nano.specs -mfpu=fpv4-sp-d16 -mfloat-abi=hard -mthumb -Wl,--start-group -lc -lm -Wl,--end-group
C:/ST/STM32CubeIDE_1.15.0/STM32CubeIDE/plugins/com.st.stm32cube.ide.mcu.externaltools.gnu-tools-for-stm32.12.3.rel1.win32_1.0.100.202403111256/tools/bin/../lib/gcc/arm-none-eabi/12.3.1/../../../../arm-none-eabi/bin/ld.exe: warning: A1.elf has a LOAD segment with RWX permissions
Finished building target: A1.elf
 
arm-none-eabi-size  A1.elf 
arm-none-eabi-objdump -h -S A1.elf  > "A1.list"
   text	   data	    bss	    dec	    hex	filename
   5264	     20	   1572	   6856	   1ac8	A1.elf
Finished building: default.size.stdout
 
Finished building: A1.list
 
14:48:41 **** Incremental Build of configuration Debug for project A1 ****
make -j16 all 
arm-none-eabi-gcc "../Core/Src/main.c" -mcpu=cortex-m4 -std=gnu11 -g3 -DDEBUG -DUSE_HAL_DRIVER -DSTM32L4A6xx -c -I../Core/Inc -I../Drivers/STM32L4xx_HAL_Driver/Inc -I../Drivers/STM32L4xx_HAL_Driver/Inc/Legacy -I../Drivers/CMSIS/Device/ST/STM32L4xx/Include -I../Drivers/CMSIS/Include -O0 -ffunction-sections -fdata-sections -Wall -fstack-usage -fcyclomatic-complexity -MMD -MP -MF"Core/Src/main.d" -MT"Core/Src/main.o" --specs=nano.specs -mfpu=fpv4-sp-d16 -mfloat-abi=hard -mthumb -o "Core/Src/main.o"
../Core/Src/main.c: In function 'main':
../Core/Src/main.c:96:17: warning: unused variable 'main_var' [-Wunused-variable]
   96 |         uint8_t main_var;
      |                 ^~~~~~~~
../Core/Src/main.c: At top level:
../Core/Src/main.c:202:13: warning: 'MX_GPIO_Init' defined but not used [-Wunused-function]
  202 | static void MX_GPIO_Init(void)
      |             ^~~~~~~~~~~~
arm-none-eabi-gcc -o "A1.elf" @"objects.list"   -mcpu=cortex-m4 -T"C:\Users\rahee\Documents\CPE329\A1\STM32L4A6ZGTX_FLASH.ld" --specs=nosys.specs -Wl,-Map="A1.map" -Wl,--gc-sections -static --specs=nano.specs -mfpu=fpv4-sp-d16 -mfloat-abi=hard -mthumb -Wl,--start-group -lc -lm -Wl,--end-group
C:/ST/STM32CubeIDE_1.15.0/STM32CubeIDE/plugins/com.st.stm32cube.ide.mcu.externaltools.gnu-tools-for-stm32.12.3.rel1.win32_1.0.100.202403111256/tools/bin/../lib/gcc/arm-none-eabi/12.3.1/../../../../arm-none-eabi/bin/ld.exe: warning: A1.elf has a LOAD segment with RWX permissions
Finished building target: A1.elf
 
arm-none-eabi-size  A1.elf 
arm-none-eabi-objdump -h -S A1.elf  > "A1.list"
   text	   data	    bss	    dec	    hex	filename
   5264	     20	   1572	   6856	   1ac8	A1.elf
Finished building: default.size.stdout
 
Finished building: A1.list
 
17:32:09 **** Build of configuration Debug for project A1 ****
make -j16 all 
arm-none-eabi-gcc "../Core/Src/main.c" -mcpu=cortex-m4 -std=gnu11 -g3 -DDEBUG -DUSE_HAL_DRIVER -DSTM32L4A6xx -c -I../Core/Inc -I../Drivers/STM32L4xx_HAL_Driver/Inc -I../Drivers/STM32L4xx_HAL_Driver/Inc/Legacy -I../Drivers/CMSIS/Device/ST/STM32L4xx/Include -I../Drivers/CMSIS/Include -O0 -ffunction-sections -fdata-sections -Wall -fstack-usage -fcyclomatic-complexity -MMD -MP -MF"Core/Src/main.d" -MT"Core/Src/main.o" --specs=nano.specs -mfpu=fpv4-sp-d16 -mfloat-abi=hard -mthumb -o "Core/Src/main.o"
../Core/Src/main.c: In function 'main':
../Core/Src/main.c:92:17: warning: variable 'main_var' set but not used [-Wunused-but-set-variable]
   92 |         uint8_t main_var;
      |                 ^~~~~~~~
../Core/Src/main.c: At top level:
../Core/Src/main.c:196:13: warning: 'MX_GPIO_Init' defined but not used [-Wunused-function]
  196 | static void MX_GPIO_Init(void)
      |             ^~~~~~~~~~~~
arm-none-eabi-gcc -o "A1.elf" @"objects.list"   -mcpu=cortex-m4 -T"C:\Users\rahee\Documents\CPE329\A1\STM32L4A6ZGTX_FLASH.ld" --specs=nosys.specs -Wl,-Map="A1.map" -Wl,--gc-sections -static --specs=nano.specs -mfpu=fpv4-sp-d16 -mfloat-abi=hard -mthumb -Wl,--start-group -lc -lm -Wl,--end-group
C:/ST/STM32CubeIDE_1.15.0/STM32CubeIDE/plugins/com.st.stm32cube.ide.mcu.externaltools.gnu-tools-for-stm32.12.3.rel1.win32_1.0.100.202403111256/tools/bin/../lib/gcc/arm-none-eabi/12.3.1/../../../../arm-none-eabi/bin/ld.exe: warning: A1.elf has a LOAD segment with RWX permissions
Finished building target: A1.elf
 
arm-none-eabi-size  A1.elf 
arm-none-eabi-objdump -h -S A1.elf  > "A1.list"
   text	   data	    bss	    dec	    hex	filename
   5348	     20	   1572	   6940	   1b1c	A1.elf
Finished building: default.size.stdout
 
Finished building: A1.list
 
17:34:43 **** Incremental Build of configuration Debug for project A1 ****
make -j16 all 
arm-none-eabi-gcc "../Core/Src/main.c" -mcpu=cortex-m4 -std=gnu11 -g3 -DDEBUG -DUSE_HAL_DRIVER -DSTM32L4A6xx -c -I../Core/Inc -I../Drivers/STM32L4xx_HAL_Driver/Inc -I../Drivers/STM32L4xx_HAL_Driver/Inc/Legacy -I../Drivers/CMSIS/Device/ST/STM32L4xx/Include -I../Drivers/CMSIS/Include -O0 -ffunction-sections -fdata-sections -Wall -fstack-usage -fcyclomatic-complexity -MMD -MP -MF"Core/Src/main.d" -MT"Core/Src/main.o" --specs=nano.specs -mfpu=fpv4-sp-d16 -mfloat-abi=hard -mthumb -o "Core/Src/main.o"
../Core/Src/main.c: In function 'main':
../Core/Src/main.c:92:17: warning: variable 'main_var' set but not used [-Wunused-but-set-variable]
   92 |         uint8_t main_var;
      |                 ^~~~~~~~
../Core/Src/main.c: At top level:
../Core/Src/main.c:196:13: warning: 'MX_GPIO_Init' defined but not used [-Wunused-function]
  196 | static void MX_GPIO_Init(void)
      |             ^~~~~~~~~~~~
arm-none-eabi-gcc -o "A1.elf" @"objects.list"   -mcpu=cortex-m4 -T"C:\Users\rahee\Documents\CPE329\A1\STM32L4A6ZGTX_FLASH.ld" --specs=nosys.specs -Wl,-Map="A1.map" -Wl,--gc-sections -static --specs=nano.specs -mfpu=fpv4-sp-d16 -mfloat-abi=hard -mthumb -Wl,--start-group -lc -lm -Wl,--end-group
C:/ST/STM32CubeIDE_1.15.0/STM32CubeIDE/plugins/com.st.stm32cube.ide.mcu.externaltools.gnu-tools-for-stm32.12.3.rel1.win32_1.0.100.202403111256/tools/bin/../lib/gcc/arm-none-eabi/12.3.1/../../../../arm-none-eabi/bin/ld.exe: warning: A1.elf has a LOAD segment with RWX permissions
Finished building target: A1.elf
 
arm-none-eabi-size  A1.elf 
arm-none-eabi-objdump -h -S A1.elf  > "A1.list"
   text	   data	    bss	    dec	    hex	filename
   5324	     20	   1572	   6916	   1b04	A1.elf
Finished building: default.size.stdout
 
Finished building: A1.list
 
17:37:48 **** Incremental Build of configuration Debug for project A1 ****
make -j16 all 
arm-none-eabi-gcc "../Core/Src/main.c" -mcpu=cortex-m4 -std=gnu11 -g3 -DDEBUG -DUSE_HAL_DRIVER -DSTM32L4A6xx -c -I../Core/Inc -I../Drivers/STM32L4xx_HAL_Driver/Inc -I../Drivers/STM32L4xx_HAL_Driver/Inc/Legacy -I../Drivers/CMSIS/Device/ST/STM32L4xx/Include -I../Drivers/CMSIS/Include -O0 -ffunction-sections -fdata-sections -Wall -fstack-usage -fcyclomatic-complexity -MMD -MP -MF"Core/Src/main.d" -MT"Core/Src/main.o" --specs=nano.specs -mfpu=fpv4-sp-d16 -mfloat-abi=hard -mthumb -o "Core/Src/main.o"
../Core/Src/main.c: In function 'main':
../Core/Src/main.c:92:17: warning: variable 'main_var' set but not used [-Wunused-but-set-variable]
   92 |         uint8_t main_var;
      |                 ^~~~~~~~
../Core/Src/main.c: At top level:
../Core/Src/main.c:196:13: warning: 'MX_GPIO_Init' defined but not used [-Wunused-function]
  196 | static void MX_GPIO_Init(void)
      |             ^~~~~~~~~~~~
arm-none-eabi-gcc -o "A1.elf" @"objects.list"   -mcpu=cortex-m4 -T"C:\Users\rahee\Documents\CPE329\A1\STM32L4A6ZGTX_FLASH.ld" --specs=nosys.specs -Wl,-Map="A1.map" -Wl,--gc-sections -static --specs=nano.specs -mfpu=fpv4-sp-d16 -mfloat-abi=hard -mthumb -Wl,--start-group -lc -lm -Wl,--end-group
C:/ST/STM32CubeIDE_1.15.0/STM32CubeIDE/plugins/com.st.stm32cube.ide.mcu.externaltools.gnu-tools-for-stm32.12.3.rel1.win32_1.0.100.202403111256/tools/bin/../lib/gcc/arm-none-eabi/12.3.1/../../../../arm-none-eabi/bin/ld.exe: warning: A1.elf has a LOAD segment with RWX permissions
Finished building target: A1.elf
 
arm-none-eabi-size  A1.elf 
arm-none-eabi-objdump -h -S A1.elf  > "A1.list"
   text	   data	    bss	    dec	    hex	filename
   5328	     20	   1572	   6920	   1b08	A1.elf
Finished building: default.size.stdout
 
Finished building: A1.list
 
17:38:45 **** Incremental Build of configuration Debug for project A1 ****
make -j16 all 
arm-none-eabi-gcc "../Core/Src/main.c" -mcpu=cortex-m4 -std=gnu11 -g3 -DDEBUG -DUSE_HAL_DRIVER -DSTM32L4A6xx -c -I../Core/Inc -I../Drivers/STM32L4xx_HAL_Driver/Inc -I../Drivers/STM32L4xx_HAL_Driver/Inc/Legacy -I../Drivers/CMSIS/Device/ST/STM32L4xx/Include -I../Drivers/CMSIS/Include -O0 -ffunction-sections -fdata-sections -Wall -fstack-usage -fcyclomatic-complexity -MMD -MP -MF"Core/Src/main.d" -MT"Core/Src/main.o" --specs=nano.specs -mfpu=fpv4-sp-d16 -mfloat-abi=hard -mthumb -o "Core/Src/main.o"
../Core/Src/main.c: In function 'main':
../Core/Src/main.c:92:17: warning: variable 'main_var' set but not used [-Wunused-but-set-variable]
   92 |         uint8_t main_var;
      |                 ^~~~~~~~
../Core/Src/main.c: At top level:
../Core/Src/main.c:196:13: warning: 'MX_GPIO_Init' defined but not used [-Wunused-function]
  196 | static void MX_GPIO_Init(void)
      |             ^~~~~~~~~~~~
arm-none-eabi-gcc -o "A1.elf" @"objects.list"   -mcpu=cortex-m4 -T"C:\Users\rahee\Documents\CPE329\A1\STM32L4A6ZGTX_FLASH.ld" --specs=nosys.specs -Wl,-Map="A1.map" -Wl,--gc-sections -static --specs=nano.specs -mfpu=fpv4-sp-d16 -mfloat-abi=hard -mthumb -Wl,--start-group -lc -lm -Wl,--end-group
C:/ST/STM32CubeIDE_1.15.0/STM32CubeIDE/plugins/com.st.stm32cube.ide.mcu.externaltools.gnu-tools-for-stm32.12.3.rel1.win32_1.0.100.202403111256/tools/bin/../lib/gcc/arm-none-eabi/12.3.1/../../../../arm-none-eabi/bin/ld.exe: warning: A1.elf has a LOAD segment with RWX permissions
Finished building target: A1.elf
 
arm-none-eabi-size  A1.elf 
arm-none-eabi-objdump -h -S A1.elf  > "A1.list"
   text	   data	    bss	    dec	    hex	filename
   5332	     20	   1572	   6924	   1b0c	A1.elf
Finished building: default.size.stdout
 
Finished building: A1.list
 
17:39:34 **** Incremental Build of configuration Debug for project A1 ****
make -j16 all 
arm-none-eabi-gcc "../Core/Src/main.c" -mcpu=cortex-m4 -std=gnu11 -g3 -DDEBUG -DUSE_HAL_DRIVER -DSTM32L4A6xx -c -I../Core/Inc -I../Drivers/STM32L4xx_HAL_Driver/Inc -I../Drivers/STM32L4xx_HAL_Driver/Inc/Legacy -I../Drivers/CMSIS/Device/ST/STM32L4xx/Include -I../Drivers/CMSIS/Include -O0 -ffunction-sections -fdata-sections -Wall -fstack-usage -fcyclomatic-complexity -MMD -MP -MF"Core/Src/main.d" -MT"Core/Src/main.o" --specs=nano.specs -mfpu=fpv4-sp-d16 -mfloat-abi=hard -mthumb -o "Core/Src/main.o"
../Core/Src/main.c: In function 'main':
../Core/Src/main.c:92:17: warning: variable 'main_var' set but not used [-Wunused-but-set-variable]
   92 |         uint8_t main_var;
      |                 ^~~~~~~~
../Core/Src/main.c: At top level:
../Core/Src/main.c:196:13: warning: 'MX_GPIO_Init' defined but not used [-Wunused-function]
  196 | static void MX_GPIO_Init(void)
      |             ^~~~~~~~~~~~
arm-none-eabi-gcc -o "A1.elf" @"objects.list"   -mcpu=cortex-m4 -T"C:\Users\rahee\Documents\CPE329\A1\STM32L4A6ZGTX_FLASH.ld" --specs=nosys.specs -Wl,-Map="A1.map" -Wl,--gc-sections -static --specs=nano.specs -mfpu=fpv4-sp-d16 -mfloat-abi=hard -mthumb -Wl,--start-group -lc -lm -Wl,--end-group
C:/ST/STM32CubeIDE_1.15.0/STM32CubeIDE/plugins/com.st.stm32cube.ide.mcu.externaltools.gnu-tools-for-stm32.12.3.rel1.win32_1.0.100.202403111256/tools/bin/../lib/gcc/arm-none-eabi/12.3.1/../../../../arm-none-eabi/bin/ld.exe: warning: A1.elf has a LOAD segment with RWX permissions
Finished building target: A1.elf
 
arm-none-eabi-size  A1.elf 
arm-none-eabi-objdump -h -S A1.elf  > "A1.list"
   text	   data	    bss	    dec	    hex	filename
   5336	     20	   1572	   6928	   1b10	A1.elf
Finished building: default.size.stdout
 
Finished building: A1.list
 
17:40:04 **** Incremental Build of configuration Debug for project A1 ****
make -j16 all 
arm-none-eabi-gcc "../Core/Src/main.c" -mcpu=cortex-m4 -std=gnu11 -g3 -DDEBUG -DUSE_HAL_DRIVER -DSTM32L4A6xx -c -I../Core/Inc -I../Drivers/STM32L4xx_HAL_Driver/Inc -I../Drivers/STM32L4xx_HAL_Driver/Inc/Legacy -I../Drivers/CMSIS/Device/ST/STM32L4xx/Include -I../Drivers/CMSIS/Include -O0 -ffunction-sections -fdata-sections -Wall -fstack-usage -fcyclomatic-complexity -MMD -MP -MF"Core/Src/main.d" -MT"Core/Src/main.o" --specs=nano.specs -mfpu=fpv4-sp-d16 -mfloat-abi=hard -mthumb -o "Core/Src/main.o"
../Core/Src/main.c: In function 'main':
../Core/Src/main.c:92:17: warning: variable 'main_var' set but not used [-Wunused-but-set-variable]
   92 |         uint8_t main_var;
      |                 ^~~~~~~~
../Core/Src/main.c: At top level:
../Core/Src/main.c:196:13: warning: 'MX_GPIO_Init' defined but not used [-Wunused-function]
  196 | static void MX_GPIO_Init(void)
      |             ^~~~~~~~~~~~
arm-none-eabi-gcc -o "A1.elf" @"objects.list"   -mcpu=cortex-m4 -T"C:\Users\rahee\Documents\CPE329\A1\STM32L4A6ZGTX_FLASH.ld" --specs=nosys.specs -Wl,-Map="A1.map" -Wl,--gc-sections -static --specs=nano.specs -mfpu=fpv4-sp-d16 -mfloat-abi=hard -mthumb -Wl,--start-group -lc -lm -Wl,--end-group
C:/ST/STM32CubeIDE_1.15.0/STM32CubeIDE/plugins/com.st.stm32cube.ide.mcu.externaltools.gnu-tools-for-stm32.12.3.rel1.win32_1.0.100.202403111256/tools/bin/../lib/gcc/arm-none-eabi/12.3.1/../../../../arm-none-eabi/bin/ld.exe: warning: A1.elf has a LOAD segment with RWX permissions
Finished building target: A1.elf
 
arm-none-eabi-size  A1.elf 
arm-none-eabi-objdump -h -S A1.elf  > "A1.list"
   text	   data	    bss	    dec	    hex	filename
   5332	     20	   1572	   6924	   1b0c	A1.elf
Finished building: default.size.stdout
 
Finished building: A1.list
 
17:41:21 **** Incremental Build of configuration Debug for project A1 ****
make -j16 all 
arm-none-eabi-gcc "../Core/Src/main.c" -mcpu=cortex-m4 -std=gnu11 -g3 -DDEBUG -DUSE_HAL_DRIVER -DSTM32L4A6xx -c -I../Core/Inc -I../Drivers/STM32L4xx_HAL_Driver/Inc -I../Drivers/STM32L4xx_HAL_Driver/Inc/Legacy -I../Drivers/CMSIS/Device/ST/STM32L4xx/Include -I../Drivers/CMSIS/Include -O0 -ffunction-sections -fdata-sections -Wall -fstack-usage -fcyclomatic-complexity -MMD -MP -MF"Core/Src/main.d" -MT"Core/Src/main.o" --specs=nano.specs -mfpu=fpv4-sp-d16 -mfloat-abi=hard -mthumb -o "Core/Src/main.o"
../Core/Src/main.c: In function 'main':
../Core/Src/main.c:92:17: warning: variable 'main_var' set but not used [-Wunused-but-set-variable]
   92 |         uint8_t main_var;
      |                 ^~~~~~~~
../Core/Src/main.c: At top level:
../Core/Src/main.c:196:13: warning: 'MX_GPIO_Init' defined but not used [-Wunused-function]
  196 | static void MX_GPIO_Init(void)
      |             ^~~~~~~~~~~~
arm-none-eabi-gcc -o "A1.elf" @"objects.list"   -mcpu=cortex-m4 -T"C:\Users\rahee\Documents\CPE329\A1\STM32L4A6ZGTX_FLASH.ld" --specs=nosys.specs -Wl,-Map="A1.map" -Wl,--gc-sections -static --specs=nano.specs -mfpu=fpv4-sp-d16 -mfloat-abi=hard -mthumb -Wl,--start-group -lc -lm -Wl,--end-group
C:/ST/STM32CubeIDE_1.15.0/STM32CubeIDE/plugins/com.st.stm32cube.ide.mcu.externaltools.gnu-tools-for-stm32.12.3.rel1.win32_1.0.100.202403111256/tools/bin/../lib/gcc/arm-none-eabi/12.3.1/../../../../arm-none-eabi/bin/ld.exe: warning: A1.elf has a LOAD segment with RWX permissions
Finished building target: A1.elf
 
arm-none-eabi-size  A1.elf 
arm-none-eabi-objdump -h -S A1.elf  > "A1.list"
   text	   data	    bss	    dec	    hex	filename
   5348	     20	   1572	   6940	   1b1c	A1.elf
Finished building: default.size.stdout
 
Finished building: A1.list
 
17:42:05 **** Incremental Build of configuration Debug for project A1 ****
make -j16 all 
arm-none-eabi-gcc "../Core/Src/main.c" -mcpu=cortex-m4 -std=gnu11 -g3 -DDEBUG -DUSE_HAL_DRIVER -DSTM32L4A6xx -c -I../Core/Inc -I../Drivers/STM32L4xx_HAL_Driver/Inc -I../Drivers/STM32L4xx_HAL_Driver/Inc/Legacy -I../Drivers/CMSIS/Device/ST/STM32L4xx/Include -I../Drivers/CMSIS/Include -O0 -ffunction-sections -fdata-sections -Wall -fstack-usage -fcyclomatic-complexity -MMD -MP -MF"Core/Src/main.d" -MT"Core/Src/main.o" --specs=nano.specs -mfpu=fpv4-sp-d16 -mfloat-abi=hard -mthumb -o "Core/Src/main.o"
../Core/Src/main.c: In function 'main':
../Core/Src/main.c:92:17: warning: variable 'main_var' set but not used [-Wunused-but-set-variable]
   92 |         int32_t main_var;
      |                 ^~~~~~~~
../Core/Src/main.c: At top level:
../Core/Src/main.c:196:13: warning: 'MX_GPIO_Init' defined but not used [-Wunused-function]
  196 | static void MX_GPIO_Init(void)
      |             ^~~~~~~~~~~~
arm-none-eabi-gcc -o "A1.elf" @"objects.list"   -mcpu=cortex-m4 -T"C:\Users\rahee\Documents\CPE329\A1\STM32L4A6ZGTX_FLASH.ld" --specs=nosys.specs -Wl,-Map="A1.map" -Wl,--gc-sections -static --specs=nano.specs -mfpu=fpv4-sp-d16 -mfloat-abi=hard -mthumb -Wl,--start-group -lc -lm -Wl,--end-group
C:/ST/STM32CubeIDE_1.15.0/STM32CubeIDE/plugins/com.st.stm32cube.ide.mcu.externaltools.gnu-tools-for-stm32.12.3.rel1.win32_1.0.100.202403111256/tools/bin/../lib/gcc/arm-none-eabi/12.3.1/../../../../arm-none-eabi/bin/ld.exe: warning: A1.elf has a LOAD segment with RWX permissions
Finished building target: A1.elf
 
arm-none-eabi-size  A1.elf 
arm-none-eabi-objdump -h -S A1.elf  > "A1.list"
   text	   data	    bss	    dec	    hex	filename
   5348	     20	   1572	   6940	   1b1c	A1.elf
Finished building: default.size.stdout
 
Finished building: A1.list
 
17:42:57 **** Incremental Build of configuration Debug for project A1 ****
make -j16 all 
arm-none-eabi-gcc "../Core/Src/main.c" -mcpu=cortex-m4 -std=gnu11 -g3 -DDEBUG -DUSE_HAL_DRIVER -DSTM32L4A6xx -c -I../Core/Inc -I../Drivers/STM32L4xx_HAL_Driver/Inc -I../Drivers/STM32L4xx_HAL_Driver/Inc/Legacy -I../Drivers/CMSIS/Device/ST/STM32L4xx/Include -I../Drivers/CMSIS/Include -O0 -ffunction-sections -fdata-sections -Wall -fstack-usage -fcyclomatic-complexity -MMD -MP -MF"Core/Src/main.d" -MT"Core/Src/main.o" --specs=nano.specs -mfpu=fpv4-sp-d16 -mfloat-abi=hard -mthumb -o "Core/Src/main.o"
../Core/Src/main.c: In function 'main':
../Core/Src/main.c:92:17: warning: variable 'main_var' set but not used [-Wunused-but-set-variable]
   92 |         int32_t main_var;
      |                 ^~~~~~~~
../Core/Src/main.c: At top level:
../Core/Src/main.c:196:13: warning: 'MX_GPIO_Init' defined but not used [-Wunused-function]
  196 | static void MX_GPIO_Init(void)
      |             ^~~~~~~~~~~~
arm-none-eabi-gcc -o "A1.elf" @"objects.list"   -mcpu=cortex-m4 -T"C:\Users\rahee\Documents\CPE329\A1\STM32L4A6ZGTX_FLASH.ld" --specs=nosys.specs -Wl,-Map="A1.map" -Wl,--gc-sections -static --specs=nano.specs -mfpu=fpv4-sp-d16 -mfloat-abi=hard -mthumb -Wl,--start-group -lc -lm -Wl,--end-group
C:/ST/STM32CubeIDE_1.15.0/STM32CubeIDE/plugins/com.st.stm32cube.ide.mcu.externaltools.gnu-tools-for-stm32.12.3.rel1.win32_1.0.100.202403111256/tools/bin/../lib/gcc/arm-none-eabi/12.3.1/../../../../arm-none-eabi/bin/ld.exe: warning: A1.elf has a LOAD segment with RWX permissions
Finished building target: A1.elf
 
arm-none-eabi-size  A1.elf 
arm-none-eabi-objdump -h -S A1.elf  > "A1.list"
   text	   data	    bss	    dec	    hex	filename
   5324	     20	   1572	   6916	   1b04	A1.elf
Finished building: default.size.stdout
 
Finished building: A1.list
 
17:43:24 **** Incremental Build of configuration Debug for project A1 ****
make -j16 all 
arm-none-eabi-gcc "../Core/Src/main.c" -mcpu=cortex-m4 -std=gnu11 -g3 -DDEBUG -DUSE_HAL_DRIVER -DSTM32L4A6xx -c -I../Core/Inc -I../Drivers/STM32L4xx_HAL_Driver/Inc -I../Drivers/STM32L4xx_HAL_Driver/Inc/Legacy -I../Drivers/CMSIS/Device/ST/STM32L4xx/Include -I../Drivers/CMSIS/Include -O0 -ffunction-sections -fdata-sections -Wall -fstack-usage -fcyclomatic-complexity -MMD -MP -MF"Core/Src/main.d" -MT"Core/Src/main.o" --specs=nano.specs -mfpu=fpv4-sp-d16 -mfloat-abi=hard -mthumb -o "Core/Src/main.o"
../Core/Src/main.c: In function 'main':
../Core/Src/main.c:92:17: warning: variable 'main_var' set but not used [-Wunused-but-set-variable]
   92 |         int32_t main_var;
      |                 ^~~~~~~~
../Core/Src/main.c: At top level:
../Core/Src/main.c:196:13: warning: 'MX_GPIO_Init' defined but not used [-Wunused-function]
  196 | static void MX_GPIO_Init(void)
      |             ^~~~~~~~~~~~
arm-none-eabi-gcc -o "A1.elf" @"objects.list"   -mcpu=cortex-m4 -T"C:\Users\rahee\Documents\CPE329\A1\STM32L4A6ZGTX_FLASH.ld" --specs=nosys.specs -Wl,-Map="A1.map" -Wl,--gc-sections -static --specs=nano.specs -mfpu=fpv4-sp-d16 -mfloat-abi=hard -mthumb -Wl,--start-group -lc -lm -Wl,--end-group
C:/ST/STM32CubeIDE_1.15.0/STM32CubeIDE/plugins/com.st.stm32cube.ide.mcu.externaltools.gnu-tools-for-stm32.12.3.rel1.win32_1.0.100.202403111256/tools/bin/../lib/gcc/arm-none-eabi/12.3.1/../../../../arm-none-eabi/bin/ld.exe: warning: A1.elf has a LOAD segment with RWX permissions
Finished building target: A1.elf
 
arm-none-eabi-size  A1.elf 
arm-none-eabi-objdump -h -S A1.elf  > "A1.list"
   text	   data	    bss	    dec	    hex	filename
   5324	     20	   1572	   6916	   1b04	A1.elf
Finished building: default.size.stdout
 
Finished building: A1.list
 
17:44:08 **** Incremental Build of configuration Debug for project A1 ****
make -j16 all 
arm-none-eabi-gcc "../Core/Src/main.c" -mcpu=cortex-m4 -std=gnu11 -g3 -DDEBUG -DUSE_HAL_DRIVER -DSTM32L4A6xx -c -I../Core/Inc -I../Drivers/STM32L4xx_HAL_Driver/Inc -I../Drivers/STM32L4xx_HAL_Driver/Inc/Legacy -I../Drivers/CMSIS/Device/ST/STM32L4xx/Include -I../Drivers/CMSIS/Include -O0 -ffunction-sections -fdata-sections -Wall -fstack-usage -fcyclomatic-complexity -MMD -MP -MF"Core/Src/main.d" -MT"Core/Src/main.o" --specs=nano.specs -mfpu=fpv4-sp-d16 -mfloat-abi=hard -mthumb -o "Core/Src/main.o"
../Core/Src/main.c: In function 'main':
../Core/Src/main.c:92:17: warning: variable 'main_var' set but not used [-Wunused-but-set-variable]
   92 |         int32_t main_var;
      |                 ^~~~~~~~
../Core/Src/main.c: At top level:
../Core/Src/main.c:196:13: warning: 'MX_GPIO_Init' defined but not used [-Wunused-function]
  196 | static void MX_GPIO_Init(void)
      |             ^~~~~~~~~~~~
arm-none-eabi-gcc -o "A1.elf" @"objects.list"   -mcpu=cortex-m4 -T"C:\Users\rahee\Documents\CPE329\A1\STM32L4A6ZGTX_FLASH.ld" --specs=nosys.specs -Wl,-Map="A1.map" -Wl,--gc-sections -static --specs=nano.specs -mfpu=fpv4-sp-d16 -mfloat-abi=hard -mthumb -Wl,--start-group -lc -lm -Wl,--end-group
C:/ST/STM32CubeIDE_1.15.0/STM32CubeIDE/plugins/com.st.stm32cube.ide.mcu.externaltools.gnu-tools-for-stm32.12.3.rel1.win32_1.0.100.202403111256/tools/bin/../lib/gcc/arm-none-eabi/12.3.1/../../../../arm-none-eabi/bin/ld.exe: warning: A1.elf has a LOAD segment with RWX permissions
Finished building target: A1.elf
 
arm-none-eabi-size  A1.elf 
arm-none-eabi-objdump -h -S A1.elf  > "A1.list"
   text	   data	    bss	    dec	    hex	filename
   5328	     20	   1572	   6920	   1b08	A1.elf
Finished building: default.size.stdout
 
Finished building: A1.list
 
17:44:33 **** Incremental Build of configuration Debug for project A1 ****
make -j16 all 
arm-none-eabi-gcc "../Core/Src/main.c" -mcpu=cortex-m4 -std=gnu11 -g3 -DDEBUG -DUSE_HAL_DRIVER -DSTM32L4A6xx -c -I../Core/Inc -I../Drivers/STM32L4xx_HAL_Driver/Inc -I../Drivers/STM32L4xx_HAL_Driver/Inc/Legacy -I../Drivers/CMSIS/Device/ST/STM32L4xx/Include -I../Drivers/CMSIS/Include -O0 -ffunction-sections -fdata-sections -Wall -fstack-usage -fcyclomatic-complexity -MMD -MP -MF"Core/Src/main.d" -MT"Core/Src/main.o" --specs=nano.specs -mfpu=fpv4-sp-d16 -mfloat-abi=hard -mthumb -o "Core/Src/main.o"
../Core/Src/main.c: In function 'main':
../Core/Src/main.c:92:17: warning: variable 'main_var' set but not used [-Wunused-but-set-variable]
   92 |         int32_t main_var;
      |                 ^~~~~~~~
../Core/Src/main.c: At top level:
../Core/Src/main.c:196:13: warning: 'MX_GPIO_Init' defined but not used [-Wunused-function]
  196 | static void MX_GPIO_Init(void)
      |             ^~~~~~~~~~~~
arm-none-eabi-gcc -o "A1.elf" @"objects.list"   -mcpu=cortex-m4 -T"C:\Users\rahee\Documents\CPE329\A1\STM32L4A6ZGTX_FLASH.ld" --specs=nosys.specs -Wl,-Map="A1.map" -Wl,--gc-sections -static --specs=nano.specs -mfpu=fpv4-sp-d16 -mfloat-abi=hard -mthumb -Wl,--start-group -lc -lm -Wl,--end-group
C:/ST/STM32CubeIDE_1.15.0/STM32CubeIDE/plugins/com.st.stm32cube.ide.mcu.externaltools.gnu-tools-for-stm32.12.3.rel1.win32_1.0.100.202403111256/tools/bin/../lib/gcc/arm-none-eabi/12.3.1/../../../../arm-none-eabi/bin/ld.exe: warning: A1.elf has a LOAD segment with RWX permissions
Finished building target: A1.elf
 
arm-none-eabi-size  A1.elf 
arm-none-eabi-objdump -h -S A1.elf  > "A1.list"
   text	   data	    bss	    dec	    hex	filename
   5336	     20	   1572	   6928	   1b10	A1.elf
Finished building: default.size.stdout
 
Finished building: A1.list
 
17:45:05 **** Incremental Build of configuration Debug for project A1 ****
make -j16 all 
arm-none-eabi-gcc "../Core/Src/main.c" -mcpu=cortex-m4 -std=gnu11 -g3 -DDEBUG -DUSE_HAL_DRIVER -DSTM32L4A6xx -c -I../Core/Inc -I../Drivers/STM32L4xx_HAL_Driver/Inc -I../Drivers/STM32L4xx_HAL_Driver/Inc/Legacy -I../Drivers/CMSIS/Device/ST/STM32L4xx/Include -I../Drivers/CMSIS/Include -O0 -ffunction-sections -fdata-sections -Wall -fstack-usage -fcyclomatic-complexity -MMD -MP -MF"Core/Src/main.d" -MT"Core/Src/main.o" --specs=nano.specs -mfpu=fpv4-sp-d16 -mfloat-abi=hard -mthumb -o "Core/Src/main.o"
../Core/Src/main.c: In function 'main':
../Core/Src/main.c:92:17: warning: variable 'main_var' set but not used [-Wunused-but-set-variable]
   92 |         int32_t main_var;
      |                 ^~~~~~~~
../Core/Src/main.c: At top level:
../Core/Src/main.c:196:13: warning: 'MX_GPIO_Init' defined but not used [-Wunused-function]
  196 | static void MX_GPIO_Init(void)
      |             ^~~~~~~~~~~~
arm-none-eabi-gcc -o "A1.elf" @"objects.list"   -mcpu=cortex-m4 -T"C:\Users\rahee\Documents\CPE329\A1\STM32L4A6ZGTX_FLASH.ld" --specs=nosys.specs -Wl,-Map="A1.map" -Wl,--gc-sections -static --specs=nano.specs -mfpu=fpv4-sp-d16 -mfloat-abi=hard -mthumb -Wl,--start-group -lc -lm -Wl,--end-group
C:/ST/STM32CubeIDE_1.15.0/STM32CubeIDE/plugins/com.st.stm32cube.ide.mcu.externaltools.gnu-tools-for-stm32.12.3.rel1.win32_1.0.100.202403111256/tools/bin/../lib/gcc/arm-none-eabi/12.3.1/../../../../arm-none-eabi/bin/ld.exe: warning: A1.elf has a LOAD segment with RWX permissions
Finished building target: A1.elf
 
arm-none-eabi-size  A1.elf 
arm-none-eabi-objdump -h -S A1.elf  > "A1.list"
   text	   data	    bss	    dec	    hex	filename
   5328	     20	   1572	   6920	   1b08	A1.elf
Finished building: default.size.stdout
 
Finished building: A1.list
 
17:45:46 **** Incremental Build of configuration Debug for project A1 ****
make -j16 all 
arm-none-eabi-gcc "../Core/Src/main.c" -mcpu=cortex-m4 -std=gnu11 -g3 -DDEBUG -DUSE_HAL_DRIVER -DSTM32L4A6xx -c -I../Core/Inc -I../Drivers/STM32L4xx_HAL_Driver/Inc -I../Drivers/STM32L4xx_HAL_Driver/Inc/Legacy -I../Drivers/CMSIS/Device/ST/STM32L4xx/Include -I../Drivers/CMSIS/Include -O0 -ffunction-sections -fdata-sections -Wall -fstack-usage -fcyclomatic-complexity -MMD -MP -MF"Core/Src/main.d" -MT"Core/Src/main.o" --specs=nano.specs -mfpu=fpv4-sp-d16 -mfloat-abi=hard -mthumb -o "Core/Src/main.o"
../Core/Src/main.c: In function 'main':
../Core/Src/main.c:92:17: warning: variable 'main_var' set but not used [-Wunused-but-set-variable]
   92 |         int32_t main_var;
      |                 ^~~~~~~~
../Core/Src/main.c: At top level:
../Core/Src/main.c:196:13: warning: 'MX_GPIO_Init' defined but not used [-Wunused-function]
  196 | static void MX_GPIO_Init(void)
      |             ^~~~~~~~~~~~
arm-none-eabi-gcc -o "A1.elf" @"objects.list"   -mcpu=cortex-m4 -T"C:\Users\rahee\Documents\CPE329\A1\STM32L4A6ZGTX_FLASH.ld" --specs=nosys.specs -Wl,-Map="A1.map" -Wl,--gc-sections -static --specs=nano.specs -mfpu=fpv4-sp-d16 -mfloat-abi=hard -mthumb -Wl,--start-group -lc -lm -Wl,--end-group
C:/ST/STM32CubeIDE_1.15.0/STM32CubeIDE/plugins/com.st.stm32cube.ide.mcu.externaltools.gnu-tools-for-stm32.12.3.rel1.win32_1.0.100.202403111256/tools/bin/../lib/gcc/arm-none-eabi/12.3.1/../../../../arm-none-eabi/bin/ld.exe: warning: A1.elf has a LOAD segment with RWX permissions
Finished building target: A1.elf
 
arm-none-eabi-size  A1.elf 
arm-none-eabi-objdump -h -S A1.elf  > "A1.list"
   text	   data	    bss	    dec	    hex	filename
  11544	    120	   1880	  13544	   34e8	A1.elf
Finished building: default.size.stdout
 
Finished building: A1.list
 
17:46:54 **** Incremental Build of configuration Debug for project A1 ****
make -j16 all 
arm-none-eabi-gcc "../Core/Src/main.c" -mcpu=cortex-m4 -std=gnu11 -g3 -DDEBUG -DUSE_HAL_DRIVER -DSTM32L4A6xx -c -I../Core/Inc -I../Drivers/STM32L4xx_HAL_Driver/Inc -I../Drivers/STM32L4xx_HAL_Driver/Inc/Legacy -I../Drivers/CMSIS/Device/ST/STM32L4xx/Include -I../Drivers/CMSIS/Include -O0 -ffunction-sections -fdata-sections -Wall -fstack-usage -fcyclomatic-complexity -MMD -MP -MF"Core/Src/main.d" -MT"Core/Src/main.o" --specs=nano.specs -mfpu=fpv4-sp-d16 -mfloat-abi=hard -mthumb -o "Core/Src/main.o"
../Core/Src/main.c: In function 'main':
../Core/Src/main.c:92:17: warning: variable 'main_var' set but not used [-Wunused-but-set-variable]
   92 |         int32_t main_var;
      |                 ^~~~~~~~
../Core/Src/main.c: At top level:
../Core/Src/main.c:196:13: warning: 'MX_GPIO_Init' defined but not used [-Wunused-function]
  196 | static void MX_GPIO_Init(void)
      |             ^~~~~~~~~~~~
arm-none-eabi-gcc -o "A1.elf" @"objects.list"   -mcpu=cortex-m4 -T"C:\Users\rahee\Documents\CPE329\A1\STM32L4A6ZGTX_FLASH.ld" --specs=nosys.specs -Wl,-Map="A1.map" -Wl,--gc-sections -static --specs=nano.specs -mfpu=fpv4-sp-d16 -mfloat-abi=hard -mthumb -Wl,--start-group -lc -lm -Wl,--end-group
C:/ST/STM32CubeIDE_1.15.0/STM32CubeIDE/plugins/com.st.stm32cube.ide.mcu.externaltools.gnu-tools-for-stm32.12.3.rel1.win32_1.0.100.202403111256/tools/bin/../lib/gcc/arm-none-eabi/12.3.1/../../../../arm-none-eabi/bin/ld.exe: warning: A1.elf has a LOAD segment with RWX permissions
Finished building target: A1.elf
 
arm-none-eabi-size  A1.elf 
arm-none-eabi-objdump -h -S A1.elf  > "A1.list"
   text	   data	    bss	    dec	    hex	filename
   8228	    120	   1880	  10228	   27f4	A1.elf
Finished building: default.size.stdout
 
Finished building: A1.list
 
17:47:49 **** Incremental Build of configuration Debug for project A1 ****
make -j16 all 
arm-none-eabi-gcc "../Core/Src/main.c" -mcpu=cortex-m4 -std=gnu11 -g3 -DDEBUG -DUSE_HAL_DRIVER -DSTM32L4A6xx -c -I../Core/Inc -I../Drivers/STM32L4xx_HAL_Driver/Inc -I../Drivers/STM32L4xx_HAL_Driver/Inc/Legacy -I../Drivers/CMSIS/Device/ST/STM32L4xx/Include -I../Drivers/CMSIS/Include -O0 -ffunction-sections -fdata-sections -Wall -fstack-usage -fcyclomatic-complexity -MMD -MP -MF"Core/Src/main.d" -MT"Core/Src/main.o" --specs=nano.specs -mfpu=fpv4-sp-d16 -mfloat-abi=hard -mthumb -o "Core/Src/main.o"
../Core/Src/main.c: In function 'main':
../Core/Src/main.c:92:17: warning: variable 'main_var' set but not used [-Wunused-but-set-variable]
   92 |         int32_t main_var;
      |                 ^~~~~~~~
../Core/Src/main.c: At top level:
../Core/Src/main.c:196:13: warning: 'MX_GPIO_Init' defined but not used [-Wunused-function]
  196 | static void MX_GPIO_Init(void)
      |             ^~~~~~~~~~~~
arm-none-eabi-gcc -o "A1.elf" @"objects.list"   -mcpu=cortex-m4 -T"C:\Users\rahee\Documents\CPE329\A1\STM32L4A6ZGTX_FLASH.ld" --specs=nosys.specs -Wl,-Map="A1.map" -Wl,--gc-sections -static --specs=nano.specs -mfpu=fpv4-sp-d16 -mfloat-abi=hard -mthumb -Wl,--start-group -lc -lm -Wl,--end-group
C:/ST/STM32CubeIDE_1.15.0/STM32CubeIDE/plugins/com.st.stm32cube.ide.mcu.externaltools.gnu-tools-for-stm32.12.3.rel1.win32_1.0.100.202403111256/tools/bin/../lib/gcc/arm-none-eabi/12.3.1/../../../../arm-none-eabi/bin/ld.exe: warning: A1.elf has a LOAD segment with RWX permissions
Finished building target: A1.elf
 
arm-none-eabi-size  A1.elf 
arm-none-eabi-objdump -h -S A1.elf  > "A1.list"
   text	   data	    bss	    dec	    hex	filename
  11852	     20	   1572	  13444	   3484	A1.elf
Finished building: default.size.stdout
 
Finished building: A1.list
 
17:48:38 **** Incremental Build of configuration Debug for project A1 ****
make -j16 all 
arm-none-eabi-gcc "../Core/Src/main.c" -mcpu=cortex-m4 -std=gnu11 -g3 -DDEBUG -DUSE_HAL_DRIVER -DSTM32L4A6xx -c -I../Core/Inc -I../Drivers/STM32L4xx_HAL_Driver/Inc -I../Drivers/STM32L4xx_HAL_Driver/Inc/Legacy -I../Drivers/CMSIS/Device/ST/STM32L4xx/Include -I../Drivers/CMSIS/Include -O0 -ffunction-sections -fdata-sections -Wall -fstack-usage -fcyclomatic-complexity -MMD -MP -MF"Core/Src/main.d" -MT"Core/Src/main.o" --specs=nano.specs -mfpu=fpv4-sp-d16 -mfloat-abi=hard -mthumb -o "Core/Src/main.o"
../Core/Src/main.c: In function 'main':
../Core/Src/main.c:92:18: warning: variable 'main_var' set but not used [-Wunused-but-set-variable]
   92 |         int64_t  main_var;
      |                  ^~~~~~~~
../Core/Src/main.c: At top level:
../Core/Src/main.c:196:13: warning: 'MX_GPIO_Init' defined but not used [-Wunused-function]
  196 | static void MX_GPIO_Init(void)
      |             ^~~~~~~~~~~~
arm-none-eabi-gcc -o "A1.elf" @"objects.list"   -mcpu=cortex-m4 -T"C:\Users\rahee\Documents\CPE329\A1\STM32L4A6ZGTX_FLASH.ld" --specs=nosys.specs -Wl,-Map="A1.map" -Wl,--gc-sections -static --specs=nano.specs -mfpu=fpv4-sp-d16 -mfloat-abi=hard -mthumb -Wl,--start-group -lc -lm -Wl,--end-group
C:/ST/STM32CubeIDE_1.15.0/STM32CubeIDE/plugins/com.st.stm32cube.ide.mcu.externaltools.gnu-tools-for-stm32.12.3.rel1.win32_1.0.100.202403111256/tools/bin/../lib/gcc/arm-none-eabi/12.3.1/../../../../arm-none-eabi/bin/ld.exe: warning: A1.elf has a LOAD segment with RWX permissions
Finished building target: A1.elf
 
arm-none-eabi-size  A1.elf 
arm-none-eabi-objdump -h -S A1.elf  > "A1.list"
   text	   data	    bss	    dec	    hex	filename
  12044	     20	   1572	  13636	   3544	A1.elf
Finished building: default.size.stdout
 
Finished building: A1.list
 
17:49:12 **** Incremental Build of configuration Debug for project A1 ****
make -j16 all 
arm-none-eabi-gcc "../Core/Src/main.c" -mcpu=cortex-m4 -std=gnu11 -g3 -DDEBUG -DUSE_HAL_DRIVER -DSTM32L4A6xx -c -I../Core/Inc -I../Drivers/STM32L4xx_HAL_Driver/Inc -I../Drivers/STM32L4xx_HAL_Driver/Inc/Legacy -I../Drivers/CMSIS/Device/ST/STM32L4xx/Include -I../Drivers/CMSIS/Include -O0 -ffunction-sections -fdata-sections -Wall -fstack-usage -fcyclomatic-complexity -MMD -MP -MF"Core/Src/main.d" -MT"Core/Src/main.o" --specs=nano.specs -mfpu=fpv4-sp-d16 -mfloat-abi=hard -mthumb -o "Core/Src/main.o"
../Core/Src/main.c: In function 'main':
../Core/Src/main.c:92:18: warning: variable 'main_var' set but not used [-Wunused-but-set-variable]
   92 |         int64_t  main_var;
      |                  ^~~~~~~~
../Core/Src/main.c: At top level:
../Core/Src/main.c:196:13: warning: 'MX_GPIO_Init' defined but not used [-Wunused-function]
  196 | static void MX_GPIO_Init(void)
      |             ^~~~~~~~~~~~
arm-none-eabi-gcc -o "A1.elf" @"objects.list"   -mcpu=cortex-m4 -T"C:\Users\rahee\Documents\CPE329\A1\STM32L4A6ZGTX_FLASH.ld" --specs=nosys.specs -Wl,-Map="A1.map" -Wl,--gc-sections -static --specs=nano.specs -mfpu=fpv4-sp-d16 -mfloat-abi=hard -mthumb -Wl,--start-group -lc -lm -Wl,--end-group
C:/ST/STM32CubeIDE_1.15.0/STM32CubeIDE/plugins/com.st.stm32cube.ide.mcu.externaltools.gnu-tools-for-stm32.12.3.rel1.win32_1.0.100.202403111256/tools/bin/../lib/gcc/arm-none-eabi/12.3.1/../../../../arm-none-eabi/bin/ld.exe: warning: A1.elf has a LOAD segment with RWX permissions
Finished building target: A1.elf
 
arm-none-eabi-size  A1.elf 
arm-none-eabi-objdump -h -S A1.elf  > "A1.list"
   text	   data	    bss	    dec	    hex	filename
   8340	    120	   1880	  10340	   2864	A1.elf
Finished building: default.size.stdout
 
Finished building: A1.list
 
17:50:11 **** Incremental Build of configuration Debug for project A1 ****
make -j16 all 
arm-none-eabi-gcc "../Core/Src/main.c" -mcpu=cortex-m4 -std=gnu11 -g3 -DDEBUG -DUSE_HAL_DRIVER -DSTM32L4A6xx -c -I../Core/Inc -I../Drivers/STM32L4xx_HAL_Driver/Inc -I../Drivers/STM32L4xx_HAL_Driver/Inc/Legacy -I../Drivers/CMSIS/Device/ST/STM32L4xx/Include -I../Drivers/CMSIS/Include -O0 -ffunction-sections -fdata-sections -Wall -fstack-usage -fcyclomatic-complexity -MMD -MP -MF"Core/Src/main.d" -MT"Core/Src/main.o" --specs=nano.specs -mfpu=fpv4-sp-d16 -mfloat-abi=hard -mthumb -o "Core/Src/main.o"
../Core/Src/main.c: In function 'main':
../Core/Src/main.c:92:18: warning: variable 'main_var' set but not used [-Wunused-but-set-variable]
   92 |         int64_t  main_var;
      |                  ^~~~~~~~
../Core/Src/main.c: At top level:
../Core/Src/main.c:196:13: warning: 'MX_GPIO_Init' defined but not used [-Wunused-function]
  196 | static void MX_GPIO_Init(void)
      |             ^~~~~~~~~~~~
arm-none-eabi-gcc -o "A1.elf" @"objects.list"   -mcpu=cortex-m4 -T"C:\Users\rahee\Documents\CPE329\A1\STM32L4A6ZGTX_FLASH.ld" --specs=nosys.specs -Wl,-Map="A1.map" -Wl,--gc-sections -static --specs=nano.specs -mfpu=fpv4-sp-d16 -mfloat-abi=hard -mthumb -Wl,--start-group -lc -lm -Wl,--end-group
C:/ST/STM32CubeIDE_1.15.0/STM32CubeIDE/plugins/com.st.stm32cube.ide.mcu.externaltools.gnu-tools-for-stm32.12.3.rel1.win32_1.0.100.202403111256/tools/bin/../lib/gcc/arm-none-eabi/12.3.1/../../../../arm-none-eabi/bin/ld.exe: warning: A1.elf has a LOAD segment with RWX permissions
Finished building target: A1.elf
 
arm-none-eabi-size  A1.elf 
arm-none-eabi-objdump -h -S A1.elf  > "A1.list"
   text	   data	    bss	    dec	    hex	filename
  11656	    120	   1880	  13656	   3558	A1.elf
Finished building: default.size.stdout
 
Finished building: A1.list
 
17:51:34 **** Incremental Build of configuration Debug for project A1 ****
make -j16 all 
arm-none-eabi-gcc "../Core/Src/main.c" -mcpu=cortex-m4 -std=gnu11 -g3 -DDEBUG -DUSE_HAL_DRIVER -DSTM32L4A6xx -c -I../Core/Inc -I../Drivers/STM32L4xx_HAL_Driver/Inc -I../Drivers/STM32L4xx_HAL_Driver/Inc/Legacy -I../Drivers/CMSIS/Device/ST/STM32L4xx/Include -I../Drivers/CMSIS/Include -O0 -ffunction-sections -fdata-sections -Wall -fstack-usage -fcyclomatic-complexity -MMD -MP -MF"Core/Src/main.d" -MT"Core/Src/main.o" --specs=nano.specs -mfpu=fpv4-sp-d16 -mfloat-abi=hard -mthumb -o "Core/Src/main.o"
../Core/Src/main.c: In function 'main':
../Core/Src/main.c:92:18: warning: variable 'main_var' set but not used [-Wunused-but-set-variable]
   92 |         int64_t  main_var;
      |                  ^~~~~~~~
../Core/Src/main.c: At top level:
../Core/Src/main.c:196:13: warning: 'MX_GPIO_Init' defined but not used [-Wunused-function]
  196 | static void MX_GPIO_Init(void)
      |             ^~~~~~~~~~~~
arm-none-eabi-gcc -o "A1.elf" @"objects.list"   -mcpu=cortex-m4 -T"C:\Users\rahee\Documents\CPE329\A1\STM32L4A6ZGTX_FLASH.ld" --specs=nosys.specs -Wl,-Map="A1.map" -Wl,--gc-sections -static --specs=nano.specs -mfpu=fpv4-sp-d16 -mfloat-abi=hard -mthumb -Wl,--start-group -lc -lm -Wl,--end-group
C:/ST/STM32CubeIDE_1.15.0/STM32CubeIDE/plugins/com.st.stm32cube.ide.mcu.externaltools.gnu-tools-for-stm32.12.3.rel1.win32_1.0.100.202403111256/tools/bin/../lib/gcc/arm-none-eabi/12.3.1/../../../../arm-none-eabi/bin/ld.exe: warning: A1.elf has a LOAD segment with RWX permissions
Finished building target: A1.elf
 
arm-none-eabi-size  A1.elf 
arm-none-eabi-objdump -h -S A1.elf  > "A1.list"
   text	   data	    bss	    dec	    hex	filename
   6220	     20	   1572	   7812	   1e84	A1.elf
Finished building: default.size.stdout
 
Finished building: A1.list
 
17:52:14 **** Incremental Build of configuration Debug for project A1 ****
make -j16 all 
arm-none-eabi-gcc "../Core/Src/main.c" -mcpu=cortex-m4 -std=gnu11 -g3 -DDEBUG -DUSE_HAL_DRIVER -DSTM32L4A6xx -c -I../Core/Inc -I../Drivers/STM32L4xx_HAL_Driver/Inc -I../Drivers/STM32L4xx_HAL_Driver/Inc/Legacy -I../Drivers/CMSIS/Device/ST/STM32L4xx/Include -I../Drivers/CMSIS/Include -O0 -ffunction-sections -fdata-sections -Wall -fstack-usage -fcyclomatic-complexity -MMD -MP -MF"Core/Src/main.d" -MT"Core/Src/main.o" --specs=nano.specs -mfpu=fpv4-sp-d16 -mfloat-abi=hard -mthumb -o "Core/Src/main.o"
../Core/Src/main.c: In function 'main':
../Core/Src/main.c:92:18: warning: variable 'main_var' set but not used [-Wunused-but-set-variable]
   92 |         int64_t  main_var;
      |                  ^~~~~~~~
../Core/Src/main.c: At top level:
../Core/Src/main.c:196:13: warning: 'MX_GPIO_Init' defined but not used [-Wunused-function]
  196 | static void MX_GPIO_Init(void)
      |             ^~~~~~~~~~~~
arm-none-eabi-gcc -o "A1.elf" @"objects.list"   -mcpu=cortex-m4 -T"C:\Users\rahee\Documents\CPE329\A1\STM32L4A6ZGTX_FLASH.ld" --specs=nosys.specs -Wl,-Map="A1.map" -Wl,--gc-sections -static --specs=nano.specs -mfpu=fpv4-sp-d16 -mfloat-abi=hard -mthumb -Wl,--start-group -lc -lm -Wl,--end-group
C:/ST/STM32CubeIDE_1.15.0/STM32CubeIDE/plugins/com.st.stm32cube.ide.mcu.externaltools.gnu-tools-for-stm32.12.3.rel1.win32_1.0.100.202403111256/tools/bin/../lib/gcc/arm-none-eabi/12.3.1/../../../../arm-none-eabi/bin/ld.exe: warning: A1.elf has a LOAD segment with RWX permissions
Finished building target: A1.elf
 
arm-none-eabi-size  A1.elf 
arm-none-eabi-objdump -h -S A1.elf  > "A1.list"
   text	   data	    bss	    dec	    hex	filename
   5368	     20	   1572	   6960	   1b30	A1.elf
Finished building: default.size.stdout
 
Finished building: A1.list
 
17:52:42 **** Incremental Build of configuration Debug for project A1 ****
make -j16 all 
arm-none-eabi-gcc "../Core/Src/main.c" -mcpu=cortex-m4 -std=gnu11 -g3 -DDEBUG -DUSE_HAL_DRIVER -DSTM32L4A6xx -c -I../Core/Inc -I../Drivers/STM32L4xx_HAL_Driver/Inc -I../Drivers/STM32L4xx_HAL_Driver/Inc/Legacy -I../Drivers/CMSIS/Device/ST/STM32L4xx/Include -I../Drivers/CMSIS/Include -O0 -ffunction-sections -fdata-sections -Wall -fstack-usage -fcyclomatic-complexity -MMD -MP -MF"Core/Src/main.d" -MT"Core/Src/main.o" --specs=nano.specs -mfpu=fpv4-sp-d16 -mfloat-abi=hard -mthumb -o "Core/Src/main.o"
../Core/Src/main.c: In function 'main':
../Core/Src/main.c:92:18: warning: variable 'main_var' set but not used [-Wunused-but-set-variable]
   92 |         int64_t  main_var;
      |                  ^~~~~~~~
../Core/Src/main.c: At top level:
../Core/Src/main.c:196:13: warning: 'MX_GPIO_Init' defined but not used [-Wunused-function]
  196 | static void MX_GPIO_Init(void)
      |             ^~~~~~~~~~~~
arm-none-eabi-gcc -o "A1.elf" @"objects.list"   -mcpu=cortex-m4 -T"C:\Users\rahee\Documents\CPE329\A1\STM32L4A6ZGTX_FLASH.ld" --specs=nosys.specs -Wl,-Map="A1.map" -Wl,--gc-sections -static --specs=nano.specs -mfpu=fpv4-sp-d16 -mfloat-abi=hard -mthumb -Wl,--start-group -lc -lm -Wl,--end-group
C:/ST/STM32CubeIDE_1.15.0/STM32CubeIDE/plugins/com.st.stm32cube.ide.mcu.externaltools.gnu-tools-for-stm32.12.3.rel1.win32_1.0.100.202403111256/tools/bin/../lib/gcc/arm-none-eabi/12.3.1/../../../../arm-none-eabi/bin/ld.exe: warning: A1.elf has a LOAD segment with RWX permissions
Finished building target: A1.elf
 
arm-none-eabi-size  A1.elf 
arm-none-eabi-objdump -h -S A1.elf  > "A1.list"
   text	   data	    bss	    dec	    hex	filename
   6224	     20	   1572	   7816	   1e88	A1.elf
Finished building: default.size.stdout
 
Finished building: A1.list
 
17:53:29 **** Incremental Build of configuration Debug for project A1 ****
make -j16 all 
arm-none-eabi-gcc "../Core/Src/main.c" -mcpu=cortex-m4 -std=gnu11 -g3 -DDEBUG -DUSE_HAL_DRIVER -DSTM32L4A6xx -c -I../Core/Inc -I../Drivers/STM32L4xx_HAL_Driver/Inc -I../Drivers/STM32L4xx_HAL_Driver/Inc/Legacy -I../Drivers/CMSIS/Device/ST/STM32L4xx/Include -I../Drivers/CMSIS/Include -O0 -ffunction-sections -fdata-sections -Wall -fstack-usage -fcyclomatic-complexity -MMD -MP -MF"Core/Src/main.d" -MT"Core/Src/main.o" --specs=nano.specs -mfpu=fpv4-sp-d16 -mfloat-abi=hard -mthumb -o "Core/Src/main.o"
../Core/Src/main.c: In function 'main':
../Core/Src/main.c:92:18: warning: variable 'main_var' set but not used [-Wunused-but-set-variable]
   92 |         int64_t  main_var;
      |                  ^~~~~~~~
../Core/Src/main.c: At top level:
../Core/Src/main.c:196:13: warning: 'MX_GPIO_Init' defined but not used [-Wunused-function]
  196 | static void MX_GPIO_Init(void)
      |             ^~~~~~~~~~~~
arm-none-eabi-gcc -o "A1.elf" @"objects.list"   -mcpu=cortex-m4 -T"C:\Users\rahee\Documents\CPE329\A1\STM32L4A6ZGTX_FLASH.ld" --specs=nosys.specs -Wl,-Map="A1.map" -Wl,--gc-sections -static --specs=nano.specs -mfpu=fpv4-sp-d16 -mfloat-abi=hard -mthumb -Wl,--start-group -lc -lm -Wl,--end-group
C:/ST/STM32CubeIDE_1.15.0/STM32CubeIDE/plugins/com.st.stm32cube.ide.mcu.externaltools.gnu-tools-for-stm32.12.3.rel1.win32_1.0.100.202403111256/tools/bin/../lib/gcc/arm-none-eabi/12.3.1/../../../../arm-none-eabi/bin/ld.exe: warning: A1.elf has a LOAD segment with RWX permissions
Finished building target: A1.elf
 
arm-none-eabi-size  A1.elf 
arm-none-eabi-objdump -h -S A1.elf  > "A1.list"
   text	   data	    bss	    dec	    hex	filename
   5364	     20	   1572	   6956	   1b2c	A1.elf
Finished building: default.size.stdout
 
Finished building: A1.list
 
17:53:59 **** Incremental Build of configuration Debug for project A1 ****
make -j16 all 
arm-none-eabi-gcc "../Core/Src/main.c" -mcpu=cortex-m4 -std=gnu11 -g3 -DDEBUG -DUSE_HAL_DRIVER -DSTM32L4A6xx -c -I../Core/Inc -I../Drivers/STM32L4xx_HAL_Driver/Inc -I../Drivers/STM32L4xx_HAL_Driver/Inc/Legacy -I../Drivers/CMSIS/Device/ST/STM32L4xx/Include -I../Drivers/CMSIS/Include -O0 -ffunction-sections -fdata-sections -Wall -fstack-usage -fcyclomatic-complexity -MMD -MP -MF"Core/Src/main.d" -MT"Core/Src/main.o" --specs=nano.specs -mfpu=fpv4-sp-d16 -mfloat-abi=hard -mthumb -o "Core/Src/main.o"
../Core/Src/main.c: In function 'main':
../Core/Src/main.c:92:18: warning: variable 'main_var' set but not used [-Wunused-but-set-variable]
   92 |         int64_t  main_var;
      |                  ^~~~~~~~
../Core/Src/main.c: At top level:
../Core/Src/main.c:196:13: warning: 'MX_GPIO_Init' defined but not used [-Wunused-function]
  196 | static void MX_GPIO_Init(void)
      |             ^~~~~~~~~~~~
arm-none-eabi-gcc -o "A1.elf" @"objects.list"   -mcpu=cortex-m4 -T"C:\Users\rahee\Documents\CPE329\A1\STM32L4A6ZGTX_FLASH.ld" --specs=nosys.specs -Wl,-Map="A1.map" -Wl,--gc-sections -static --specs=nano.specs -mfpu=fpv4-sp-d16 -mfloat-abi=hard -mthumb -Wl,--start-group -lc -lm -Wl,--end-group
[...]
C:/ST/STM32CubeIDE_1.15.0/STM32CubeIDE/plugins/com.st.stm32cube.ide.mcu.externaltools.gnu-tools-for-stm32.12.3.rel1.win32_1.0.100.202403111256/tools/bin/../lib/gcc/arm-none-eabi/12.3.1/../../../../arm-none-eabi/bin/ld.exe: warning: A1.elf has a LOAD segment with RWX permissions
Finished building target: A1.elf
 
arm-none-eabi-size  A1.elf 
arm-none-eabi-objdump -h -S A1.elf  > "A1.list"
   text	   data	    bss	    dec	    hex	filename
   8320	    120	   1880	  10320	   2850	A1.elf
Finished building: default.size.stdout
 
Finished building: A1.list
 
18:01:24 **** Incremental Build of configuration Debug for project A1 ****
make -j16 all 
arm-none-eabi-gcc "../Core/Src/main.c" -mcpu=cortex-m4 -std=gnu11 -g3 -DDEBUG -DUSE_HAL_DRIVER -DSTM32L4A6xx -c -I../Core/Inc -I../Drivers/STM32L4xx_HAL_Driver/Inc -I../Drivers/STM32L4xx_HAL_Driver/Inc/Legacy -I../Drivers/CMSIS/Device/ST/STM32L4xx/Include -I../Drivers/CMSIS/Include -O0 -ffunction-sections -fdata-sections -Wall -fstack-usage -fcyclomatic-complexity -MMD -MP -MF"Core/Src/main.d" -MT"Core/Src/main.o" --specs=nano.specs -mfpu=fpv4-sp-d16 -mfloat-abi=hard -mthumb -o "Core/Src/main.o"
../Core/Src/main.c: In function 'main':
../Core/Src/main.c:92:16: warning: variable 'main_var' set but not used [-Wunused-but-set-variable]
   92 |         float  main_var;
      |                ^~~~~~~~
../Core/Src/main.c: At top level:
../Core/Src/main.c:196:13: warning: 'MX_GPIO_Init' defined but not used [-Wunused-function]
  196 | static void MX_GPIO_Init(void)
      |             ^~~~~~~~~~~~
arm-none-eabi-gcc -o "A1.elf" @"objects.list"   -mcpu=cortex-m4 -T"C:\Users\rahee\Documents\CPE329\A1\STM32L4A6ZGTX_FLASH.ld" --specs=nosys.specs -Wl,-Map="A1.map" -Wl,--gc-sections -static --specs=nano.specs -mfpu=fpv4-sp-d16 -mfloat-abi=hard -mthumb -Wl,--start-group -lc -lm -Wl,--end-group
C:/ST/STM32CubeIDE_1.15.0/STM32CubeIDE/plugins/com.st.stm32cube.ide.mcu.externaltools.gnu-tools-for-stm32.12.3.rel1.win32_1.0.100.202403111256/tools/bin/../lib/gcc/arm-none-eabi/12.3.1/../../../../arm-none-eabi/bin/ld.exe: warning: A1.elf has a LOAD segment with RWX permissions
Finished building target: A1.elf
 
arm-none-eabi-size  A1.elf 
arm-none-eabi-objdump -h -S A1.elf  > "A1.list"
   text	   data	    bss	    dec	    hex	filename
  12020	     20	   1572	  13612	   352c	A1.elf
Finished building: default.size.stdout
 
Finished building: A1.list
 
18:03:17 **** Incremental Build of configuration Debug for project A1 ****
make -j16 all 
arm-none-eabi-gcc "../Core/Src/main.c" -mcpu=cortex-m4 -std=gnu11 -g3 -DDEBUG -DUSE_HAL_DRIVER -DSTM32L4A6xx -c -I../Core/Inc -I../Drivers/STM32L4xx_HAL_Driver/Inc -I../Drivers/STM32L4xx_HAL_Driver/Inc/Legacy -I../Drivers/CMSIS/Device/ST/STM32L4xx/Include -I../Drivers/CMSIS/Include -O0 -ffunction-sections -fdata-sections -Wall -fstack-usage -fcyclomatic-complexity -MMD -MP -MF"Core/Src/main.d" -MT"Core/Src/main.o" --specs=nano.specs -mfpu=fpv4-sp-d16 -mfloat-abi=hard -mthumb -o "Core/Src/main.o"
../Core/Src/main.c: In function 'main':
../Core/Src/main.c:92:17: warning: variable 'main_var' set but not used [-Wunused-but-set-variable]
   92 |         double  main_var;
      |                 ^~~~~~~~
../Core/Src/main.c: At top level:
../Core/Src/main.c:196:13: warning: 'MX_GPIO_Init' defined but not used [-Wunused-function]
  196 | static void MX_GPIO_Init(void)
      |             ^~~~~~~~~~~~
arm-none-eabi-gcc -o "A1.elf" @"objects.list"   -mcpu=cortex-m4 -T"C:\Users\rahee\Documents\CPE329\A1\STM32L4A6ZGTX_FLASH.ld" --specs=nosys.specs -Wl,-Map="A1.map" -Wl,--gc-sections -static --specs=nano.specs -mfpu=fpv4-sp-d16 -mfloat-abi=hard -mthumb -Wl,--start-group -lc -lm -Wl,--end-group
C:/ST/STM32CubeIDE_1.15.0/STM32CubeIDE/plugins/com.st.stm32cube.ide.mcu.externaltools.gnu-tools-for-stm32.12.3.rel1.win32_1.0.100.202403111256/tools/bin/../lib/gcc/arm-none-eabi/12.3.1/../../../../arm-none-eabi/bin/ld.exe: warning: A1.elf has a LOAD segment with RWX permissions
Finished building target: A1.elf
 
arm-none-eabi-size  A1.elf 
arm-none-eabi-objdump -h -S A1.elf  > "A1.list"
   text	   data	    bss	    dec	    hex	filename
  11860	     20	   1572	  13452	   348c	A1.elf
Finished building: default.size.stdout
 
Finished building: A1.list
 
18:05:39 **** Incremental Build of configuration Debug for project A1 ****
make -j16 all 
arm-none-eabi-gcc "../Core/Src/main.c" -mcpu=cortex-m4 -std=gnu11 -g3 -DDEBUG -DUSE_HAL_DRIVER -DSTM32L4A6xx -c -I../Core/Inc -I../Drivers/STM32L4xx_HAL_Driver/Inc -I../Drivers/STM32L4xx_HAL_Driver/Inc/Legacy -I../Drivers/CMSIS/Device/ST/STM32L4xx/Include -I../Drivers/CMSIS/Include -O0 -ffunction-sections -fdata-sections -Wall -fstack-usage -fcyclomatic-complexity -MMD -MP -MF"Core/Src/main.d" -MT"Core/Src/main.o" --specs=nano.specs -mfpu=fpv4-sp-d16 -mfloat-abi=hard -mthumb -o "Core/Src/main.o"
../Core/Src/main.c: In function 'main':
../Core/Src/main.c:92:17: warning: variable 'main_var' set but not used [-Wunused-but-set-variable]
   92 |         double  main_var;
      |                 ^~~~~~~~
../Core/Src/main.c: At top level:
../Core/Src/main.c:196:13: warning: 'MX_GPIO_Init' defined but not used [-Wunused-function]
  196 | static void MX_GPIO_Init(void)
      |             ^~~~~~~~~~~~
arm-none-eabi-gcc -o "A1.elf" @"objects.list"   -mcpu=cortex-m4 -T"C:\Users\rahee\Documents\CPE329\A1\STM32L4A6ZGTX_FLASH.ld" --specs=nosys.specs -Wl,-Map="A1.map" -Wl,--gc-sections -static --specs=nano.specs -mfpu=fpv4-sp-d16 -mfloat-abi=hard -mthumb -Wl,--start-group -lc -lm -Wl,--end-group
C:/ST/STM32CubeIDE_1.15.0/STM32CubeIDE/plugins/com.st.stm32cube.ide.mcu.externaltools.gnu-tools-for-stm32.12.3.rel1.win32_1.0.100.202403111256/tools/bin/../lib/gcc/arm-none-eabi/12.3.1/../../../../arm-none-eabi/bin/ld.exe: warning: A1.elf has a LOAD segment with RWX permissions
Finished building target: A1.elf
 
arm-none-eabi-size  A1.elf 
arm-none-eabi-objdump -h -S A1.elf  > "A1.list"
   text	   data	    bss	    dec	    hex	filename
   8156	    120	   1880	  10156	   27ac	A1.elf
Finished building: default.size.stdout
 
Finished building: A1.list
 
18:06:23 **** Incremental Build of configuration Debug for project A1 ****
make -j16 all 
arm-none-eabi-gcc "../Core/Src/main.c" -mcpu=cortex-m4 -std=gnu11 -g3 -DDEBUG -DUSE_HAL_DRIVER -DSTM32L4A6xx -c -I../Core/Inc -I../Drivers/STM32L4xx_HAL_Driver/Inc -I../Drivers/STM32L4xx_HAL_Driver/Inc/Legacy -I../Drivers/CMSIS/Device/ST/STM32L4xx/Include -I../Drivers/CMSIS/Include -O0 -ffunction-sections -fdata-sections -Wall -fstack-usage -fcyclomatic-complexity -MMD -MP -MF"Core/Src/main.d" -MT"Core/Src/main.o" --specs=nano.specs -mfpu=fpv4-sp-d16 -mfloat-abi=hard -mthumb -o "Core/Src/main.o"
../Core/Src/main.c: In function 'main':
../Core/Src/main.c:92:17: warning: variable 'main_var' set but not used [-Wunused-but-set-variable]
   92 |         double  main_var;
      |                 ^~~~~~~~
../Core/Src/main.c: At top level:
../Core/Src/main.c:196:13: warning: 'MX_GPIO_Init' defined but not used [-Wunused-function]
  196 | static void MX_GPIO_Init(void)
      |             ^~~~~~~~~~~~
arm-none-eabi-gcc -o "A1.elf" @"objects.list"   -mcpu=cortex-m4 -T"C:\Users\rahee\Documents\CPE329\A1\STM32L4A6ZGTX_FLASH.ld" --specs=nosys.specs -Wl,-Map="A1.map" -Wl,--gc-sections -static --specs=nano.specs -mfpu=fpv4-sp-d16 -mfloat-abi=hard -mthumb -Wl,--start-group -lc -lm -Wl,--end-group
C:/ST/STM32CubeIDE_1.15.0/STM32CubeIDE/plugins/com.st.stm32cube.ide.mcu.externaltools.gnu-tools-for-stm32.12.3.rel1.win32_1.0.100.202403111256/tools/bin/../lib/gcc/arm-none-eabi/12.3.1/../../../../arm-none-eabi/bin/ld.exe: warning: A1.elf has a LOAD segment with RWX permissions
Finished building target: A1.elf
 
arm-none-eabi-size  A1.elf 
arm-none-eabi-objdump -h -S A1.elf  > "A1.list"
   text	   data	    bss	    dec	    hex	filename
  11472	    120	   1880	  13472	   34a0	A1.elf
Finished building: default.size.stdout
 
Finished building: A1.list
 
18:07:51 **** Incremental Build of configuration Debug for project A1 ****
make -j16 all 
arm-none-eabi-gcc "../Core/Src/main.c" -mcpu=cortex-m4 -std=gnu11 -g3 -DDEBUG -DUSE_HAL_DRIVER -DSTM32L4A6xx -c -I../Core/Inc -I../Drivers/STM32L4xx_HAL_Driver/Inc -I../Drivers/STM32L4xx_HAL_Driver/Inc/Legacy -I../Drivers/CMSIS/Device/ST/STM32L4xx/Include -I../Drivers/CMSIS/Include -O0 -ffunction-sections -fdata-sections -Wall -fstack-usage -fcyclomatic-complexity -MMD -MP -MF"Core/Src/main.d" -MT"Core/Src/main.o" --specs=nano.specs -mfpu=fpv4-sp-d16 -mfloat-abi=hard -mthumb -o "Core/Src/main.o"
../Core/Src/main.c: In function 'main':
../Core/Src/main.c:92:17: warning: variable 'main_var' set but not used [-Wunused-but-set-variable]
   92 |         double  main_var;
      |                 ^~~~~~~~
../Core/Src/main.c: In function 'TestFunction':
../Core/Src/main.c:296:25: error: invalid operands to binary % (have 'double' and 'int')
  296 |         test_var =  num % 10;
      |                         ^
../Core/Src/main.c: At top level:
../Core/Src/main.c:196:13: warning: 'MX_GPIO_Init' defined but not used [-Wunused-function]
  196 | static void MX_GPIO_Init(void)
      |             ^~~~~~~~~~~~
make: *** [Core/Src/subdir.mk:37: Core/Src/main.o] Error 1
"make -j16 all" terminated with exit code 2. Build might be incomplete.
18:08:14 **** Incremental Build of configuration Debug for project A1 ****
make -j16 all 
arm-none-eabi-gcc "../Core/Src/main.c" -mcpu=cortex-m4 -std=gnu11 -g3 -DDEBUG -DUSE_HAL_DRIVER -DSTM32L4A6xx -c -I../Core/Inc -I../Drivers/STM32L4xx_HAL_Driver/Inc -I../Drivers/STM32L4xx_HAL_Driver/Inc/Legacy -I../Drivers/CMSIS/Device/ST/STM32L4xx/Include -I../Drivers/CMSIS/Include -O0 -ffunction-sections -fdata-sections -Wall -fstack-usage -fcyclomatic-complexity -MMD -MP -MF"Core/Src/main.d" -MT"Core/Src/main.o" --specs=nano.specs -mfpu=fpv4-sp-d16 -mfloat-abi=hard -mthumb -o "Core/Src/main.o"
../Core/Src/main.c: In function 'main':
../Core/Src/main.c:92:17: warning: variable 'main_var' set but not used [-Wunused-but-set-variable]
   92 |         double  main_var;
      |                 ^~~~~~~~
../Core/Src/main.c: In function 'TestFunction':
../Core/Src/main.c:296:24: error: invalid operands to binary % (have 'double' and 'int')
  296 |         test_var = num % 10;
      |                        ^
../Core/Src/main.c: At top level:
../Core/Src/main.c:196:13: warning: 'MX_GPIO_Init' defined but not used [-Wunused-function]
  196 | static void MX_GPIO_Init(void)
      |             ^~~~~~~~~~~~
make: *** [Core/Src/subdir.mk:37: Core/Src/main.o] Error 1
"make -j16 all" terminated with exit code 2. Build might be incomplete.
18:09:11 **** Incremental Build of configuration Debug for project A1 ****
make -j16 all 
arm-none-eabi-gcc "../Core/Src/main.c" -mcpu=cortex-m4 -std=gnu11 -g3 -DDEBUG -DUSE_HAL_DRIVER -DSTM32L4A6xx -c -I../Core/Inc -I../Drivers/STM32L4xx_HAL_Driver/Inc -I../Drivers/STM32L4xx_HAL_Driver/Inc/Legacy -I../Drivers/CMSIS/Device/ST/STM32L4xx/Include -I../Drivers/CMSIS/Include -O0 -ffunction-sections -fdata-sections -Wall -fstack-usage -fcyclomatic-complexity -MMD -MP -MF"Core/Src/main.d" -MT"Core/Src/main.o" --specs=nano.specs -mfpu=fpv4-sp-d16 -mfloat-abi=hard -mthumb -o "Core/Src/main.o"
../Core/Src/main.c: In function 'main':
../Core/Src/main.c:92:17: warning: variable 'main_var' set but not used [-Wunused-but-set-variable]
   92 |         double  main_var;
      |                 ^~~~~~~~
../Core/Src/main.c: At top level:
../Core/Src/main.c:196:13: warning: 'MX_GPIO_Init' defined but not used [-Wunused-function]
  196 | static void MX_GPIO_Init(void)
      |             ^~~~~~~~~~~~
arm-none-eabi-gcc -o "A1.elf" @"objects.list"   -mcpu=cortex-m4 -T"C:\Users\rahee\Documents\CPE329\A1\STM32L4A6ZGTX_FLASH.ld" --specs=nosys.specs -Wl,-Map="A1.map" -Wl,--gc-sections -static --specs=nano.specs -mfpu=fpv4-sp-d16 -mfloat-abi=hard -mthumb -Wl,--start-group -lc -lm -Wl,--end-group
C:/ST/STM32CubeIDE_1.15.0/STM32CubeIDE/plugins/com.st.stm32cube.ide.mcu.externaltools.gnu-tools-for-stm32.12.3.rel1.win32_1.0.100.202403111256/tools/bin/../lib/gcc/arm-none-eabi/12.3.1/../../../../arm-none-eabi/bin/ld.exe: warning: A1.elf has a LOAD segment with RWX permissions
Finished building target: A1.elf
 
arm-none-eabi-size  A1.elf 
arm-none-eabi-objdump -h -S A1.elf  > "A1.list"
   text	   data	    bss	    dec	    hex	filename
   5964	     20	   1572	   7556	   1d84	A1.elf
Finished building: default.size.stdout
 
Finished building: A1.list
 
18:10:22 **** Incremental Build of configuration Debug for project A1 ****
make -j16 all 
arm-none-eabi-gcc "../Core/Src/main.c" -mcpu=cortex-m4 -std=gnu11 -g3 -DDEBUG -DUSE_HAL_DRIVER -DSTM32L4A6xx -c -I../Core/Inc -I../Drivers/STM32L4xx_HAL_Driver/Inc -I../Drivers/STM32L4xx_HAL_Driver/Inc/Legacy -I../Drivers/CMSIS/Device/ST/STM32L4xx/Include -I../Drivers/CMSIS/Include -O0 -ffunction-sections -fdata-sections -Wall -fstack-usage -fcyclomatic-complexity -MMD -MP -MF"Core/Src/main.d" -MT"Core/Src/main.o" --specs=nano.specs -mfpu=fpv4-sp-d16 -mfloat-abi=hard -mthumb -o "Core/Src/main.o"
../Core/Src/main.c: In function 'main':
../Core/Src/main.c:92:17: warning: variable 'main_var' set but not used [-Wunused-but-set-variable]
   92 |         double  main_var;
      |                 ^~~~~~~~
../Core/Src/main.c: At top level:
../Core/Src/main.c:196:13: warning: 'MX_GPIO_Init' defined but not used [-Wunused-function]
  196 | static void MX_GPIO_Init(void)
      |             ^~~~~~~~~~~~
arm-none-eabi-gcc -o "A1.elf" @"objects.list"   -mcpu=cortex-m4 -T"C:\Users\rahee\Documents\CPE329\A1\STM32L4A6ZGTX_FLASH.ld" --specs=nosys.specs -Wl,-Map="A1.map" -Wl,--gc-sections -static --specs=nano.specs -mfpu=fpv4-sp-d16 -mfloat-abi=hard -mthumb -Wl,--start-group -lc -lm -Wl,--end-group
C:/ST/STM32CubeIDE_1.15.0/STM32CubeIDE/plugins/com.st.stm32cube.ide.mcu.externaltools.gnu-tools-for-stm32.12.3.rel1.win32_1.0.100.202403111256/tools/bin/../lib/gcc/arm-none-eabi/12.3.1/../../../../arm-none-eabi/bin/ld.exe: warning: A1.elf has a LOAD segment with RWX permissions
Finished building target: A1.elf
 
arm-none-eabi-size  A1.elf 
arm-none-eabi-objdump -h -S A1.elf  > "A1.list"
   text	   data	    bss	    dec	    hex	filename
   6436	     20	   1572	   8028	   1f5c	A1.elf
Finished building: default.size.stdout
 
Finished building: A1.list
 
18:10:56 **** Incremental Build of configuration Debug for project A1 ****
make -j16 all 
arm-none-eabi-gcc "../Core/Src/main.c" -mcpu=cortex-m4 -std=gnu11 -g3 -DDEBUG -DUSE_HAL_DRIVER -DSTM32L4A6xx -c -I../Core/Inc -I../Drivers/STM32L4xx_HAL_Driver/Inc -I../Drivers/STM32L4xx_HAL_Driver/Inc/Legacy -I../Drivers/CMSIS/Device/ST/STM32L4xx/Include -I../Drivers/CMSIS/Include -O0 -ffunction-sections -fdata-sections -Wall -fstack-usage -fcyclomatic-complexity -MMD -MP -MF"Core/Src/main.d" -MT"Core/Src/main.o" --specs=nano.specs -mfpu=fpv4-sp-d16 -mfloat-abi=hard -mthumb -o "Core/Src/main.o"
../Core/Src/main.c: In function 'main':
../Core/Src/main.c:92:17: warning: variable 'main_var' set but not used [-Wunused-but-set-variable]
   92 |         double  main_var;
      |                 ^~~~~~~~
../Core/Src/main.c: At top level:
../Core/Src/main.c:196:13: warning: 'MX_GPIO_Init' defined but not used [-Wunused-function]
  196 | static void MX_GPIO_Init(void)
      |             ^~~~~~~~~~~~
arm-none-eabi-gcc -o "A1.elf" @"objects.list"   -mcpu=cortex-m4 -T"C:\Users\rahee\Documents\CPE329\A1\STM32L4A6ZGTX_FLASH.ld" --specs=nosys.specs -Wl,-Map="A1.map" -Wl,--gc-sections -static --specs=nano.specs -mfpu=fpv4-sp-d16 -mfloat-abi=hard -mthumb -Wl,--start-group -lc -lm -Wl,--end-group
C:/ST/STM32CubeIDE_1.15.0/STM32CubeIDE/plugins/com.st.stm32cube.ide.mcu.externaltools.gnu-tools-for-stm32.12.3.rel1.win32_1.0.100.202403111256/tools/bin/../lib/gcc/arm-none-eabi/12.3.1/../../../../arm-none-eabi/bin/ld.exe: warning: A1.elf has a LOAD segment with RWX permissions
Finished building target: A1.elf
 
arm-none-eabi-size  A1.elf 
arm-none-eabi-objdump -h -S A1.elf  > "A1.list"
   text	   data	    bss	    dec	    hex	filename
   5972	     20	   1572	   7564	   1d8c	A1.elf
Finished building: default.size.stdout
 
Finished building: A1.list
 
18:11:48 **** Incremental Build of configuration Debug for project A1 ****
make -j16 all 
arm-none-eabi-gcc "../Core/Src/main.c" -mcpu=cortex-m4 -std=gnu11 -g3 -DDEBUG -DUSE_HAL_DRIVER -DSTM32L4A6xx -c -I../Core/Inc -I../Drivers/STM32L4xx_HAL_Driver/Inc -I../Drivers/STM32L4xx_HAL_Driver/Inc/Legacy -I../Drivers/CMSIS/Device/ST/STM32L4xx/Include -I../Drivers/CMSIS/Include -O0 -ffunction-sections -fdata-sections -Wall -fstack-usage -fcyclomatic-complexity -MMD -MP -MF"Core/Src/main.d" -MT"Core/Src/main.o" --specs=nano.specs -mfpu=fpv4-sp-d16 -mfloat-abi=hard -mthumb -o "Core/Src/main.o"
../Core/Src/main.c: In function 'main':
../Core/Src/main.c:92:17: warning: variable 'main_var' set but not used [-Wunused-but-set-variable]
   92 |         double  main_var;
      |                 ^~~~~~~~
../Core/Src/main.c: At top level:
../Core/Src/main.c:196:13: warning: 'MX_GPIO_Init' defined but not used [-Wunused-function]
  196 | static void MX_GPIO_Init(void)
      |             ^~~~~~~~~~~~
arm-none-eabi-gcc -o "A1.elf" @"objects.list"   -mcpu=cortex-m4 -T"C:\Users\rahee\Documents\CPE329\A1\STM32L4A6ZGTX_FLASH.ld" --specs=nosys.specs -Wl,-Map="A1.map" -Wl,--gc-sections -static --specs=nano.specs -mfpu=fpv4-sp-d16 -mfloat-abi=hard -mthumb -Wl,--start-group -lc -lm -Wl,--end-group
C:/ST/STM32CubeIDE_1.15.0/STM32CubeIDE/plugins/com.st.stm32cube.ide.mcu.externaltools.gnu-tools-for-stm32.12.3.rel1.win32_1.0.100.202403111256/tools/bin/../lib/gcc/arm-none-eabi/12.3.1/../../../../arm-none-eabi/bin/ld.exe: warning: A1.elf has a LOAD segment with RWX permissions
Finished building target: A1.elf
 
arm-none-eabi-size  A1.elf 
arm-none-eabi-objdump -h -S A1.elf  > "A1.list"
   text	   data	    bss	    dec	    hex	filename
   6260	     20	   1572	   7852	   1eac	A1.elf
Finished building: default.size.stdout
 
Finished building: A1.list
 
18:13:08 **** Incremental Build of configuration Debug for project A1 ****
make -j16 all 
arm-none-eabi-gcc "../Core/Src/main.c" -mcpu=cortex-m4 -std=gnu11 -g3 -DDEBUG -DUSE_HAL_DRIVER -DSTM32L4A6xx -c -I../Core/Inc -I../Drivers/STM32L4xx_HAL_Driver/Inc -I../Drivers/STM32L4xx_HAL_Driver/Inc/Legacy -I../Drivers/CMSIS/Device/ST/STM32L4xx/Include -I../Drivers/CMSIS/Include -O0 -ffunction-sections -fdata-sections -Wall -fstack-usage -fcyclomatic-complexity -MMD -MP -MF"Core/Src/main.d" -MT"Core/Src/main.o" --specs=nano.specs -mfpu=fpv4-sp-d16 -mfloat-abi=hard -mthumb -o "Core/Src/main.o"
../Core/Src/main.c: In function 'main':
../Core/Src/main.c:92:17: warning: variable 'main_var' set but not used [-Wunused-but-set-variable]
   92 |         double  main_var;
      |                 ^~~~~~~~
../Core/Src/main.c: At top level:
../Core/Src/main.c:196:13: warning: 'MX_GPIO_Init' defined but not used [-Wunused-function]
  196 | static void MX_GPIO_Init(void)
      |             ^~~~~~~~~~~~
arm-none-eabi-gcc -o "A1.elf" @"objects.list"   -mcpu=cortex-m4 -T"C:\Users\rahee\Documents\CPE329\A1\STM32L4A6ZGTX_FLASH.ld" --specs=nosys.specs -Wl,-Map="A1.map" -Wl,--gc-sections -static --specs=nano.specs -mfpu=fpv4-sp-d16 -mfloat-abi=hard -mthumb -Wl,--start-group -lc -lm -Wl,--end-group
C:/ST/STM32CubeIDE_1.15.0/STM32CubeIDE/plugins/com.st.stm32cube.ide.mcu.externaltools.gnu-tools-for-stm32.12.3.rel1.win32_1.0.100.202403111256/tools/bin/../lib/gcc/arm-none-eabi/12.3.1/../../../../arm-none-eabi/bin/ld.exe: warning: A1.elf has a LOAD segment with RWX permissions
Finished building target: A1.elf
 
arm-none-eabi-size  A1.elf 
arm-none-eabi-objdump -h -S A1.elf  > "A1.list"
   text	   data	    bss	    dec	    hex	filename
   5356	     20	   1572	   6948	   1b24	A1.elf
Finished building: default.size.stdout
 
Finished building: A1.list
 
