20:16:31 **** Incremental Build of configuration Debug for project A4_PARTD ****
make -j16 all 
arm-none-eabi-gcc "../Core/Src/main.c" -mcpu=cortex-m4 -std=gnu11 -g3 -DDEBUG -DUSE_HAL_DRIVER -DSTM32L4A6xx -c -I../Core/Inc -I../Drivers/STM32L4xx_HAL_Driver/Inc -I../Drivers/STM32L4xx_HAL_Driver/Inc/Legacy -I../Drivers/CMSIS/Device/ST/STM32L4xx/Include -I../Drivers/CMSIS/Include -O0 -ffunction-sections -fdata-sections -Wall -fstack-usage -fcyclomatic-complexity -MMD -MP -MF"Core/Src/main.d" -MT"Core/Src/main.o" --specs=nano.specs -mfpu=fpv4-sp-d16 -mfloat-abi=hard -mthumb -o "Core/Src/main.o"
arm-none-eabi-gcc -o "A4_PARTD.elf" @"objects.list"   -mcpu=cortex-m4 -T"C:\Users\rahee\Documents\CPE329\A4_PARTD\STM32L4A6ZGTX_FLASH.ld" --specs=nosys.specs -Wl,-Map="A4_PARTD.map" -Wl,--gc-sections -static --specs=nano.specs -mfpu=fpv4-sp-d16 -mfloat-abi=hard -mthumb -Wl,--start-group -lc -lm -Wl,--end-group
Finished building target: A4_PARTD.elf
 
arm-none-eabi-size  A4_PARTD.elf 
arm-none-eabi-objdump -h -S A4_PARTD.elf  > "A4_PARTD.list"
   text	   data	    bss	    dec	    hex	filename
   5944	     12	   1572	   7528	   1d68	A4_PARTD.elf
Finished building: default.size.stdout
 
Finished building: A4_PARTD.list
 
21:17:20 **** Incremental Build of configuration Debug for project A4_PARTD ****
make -j16 all 
arm-none-eabi-gcc "../Core/Src/lcd.c" -mcpu=cortex-m4 -std=gnu11 -g3 -DDEBUG -DUSE_HAL_DRIVER -DSTM32L4A6xx -c -I../Core/Inc -I../Drivers/STM32L4xx_HAL_Driver/Inc -I../Drivers/STM32L4xx_HAL_Driver/Inc/Legacy -I../Drivers/CMSIS/Device/ST/STM32L4xx/Include -I../Drivers/CMSIS/Include -O0 -ffunction-sections -fdata-sections -Wall -fstack-usage -fcyclomatic-complexity -MMD -MP -MF"Core/Src/lcd.d" -MT"Core/Src/lcd.o" --specs=nano.specs -mfpu=fpv4-sp-d16 -mfloat-abi=hard -mthumb -o "Core/Src/lcd.o"
arm-none-eabi-gcc "../Core/Src/main.c" -mcpu=cortex-m4 -std=gnu11 -g3 -DDEBUG -DUSE_HAL_DRIVER -DSTM32L4A6xx -c -I../Core/Inc -I../Drivers/STM32L4xx_HAL_Driver/Inc -I../Drivers/STM32L4xx_HAL_Driver/Inc/Legacy -I../Drivers/CMSIS/Device/ST/STM32L4xx/Include -I../Drivers/CMSIS/Include -O0 -ffunction-sections -fdata-sections -Wall -fstack-usage -fcyclomatic-complexity -MMD -MP -MF"Core/Src/main.d" -MT"Core/Src/main.o" --specs=nano.specs -mfpu=fpv4-sp-d16 -mfloat-abi=hard -mthumb -o "Core/Src/main.o"
arm-none-eabi-gcc "../Core/Src/stm32l4xx_hal_msp.c" -mcpu=cortex-m4 -std=gnu11 -g3 -DDEBUG -DUSE_HAL_DRIVER -DSTM32L4A6xx -c -I../Core/Inc -I../Drivers/STM32L4xx_HAL_Driver/Inc -I../Drivers/STM32L4xx_HAL_Driver/Inc/Legacy -I../Drivers/CMSIS/Device/ST/STM32L4xx/Include -I../Drivers/CMSIS/Include -O0 -ffunction-sections -fdata-sections -Wall -fstack-usage -fcyclomatic-complexity -MMD -MP -MF"Core/Src/stm32l4xx_hal_msp.d" -MT"Core/Src/stm32l4xx_hal_msp.o" --specs=nano.specs -mfpu=fpv4-sp-d16 -mfloat-abi=hard -mthumb -o "Core/Src/stm32l4xx_hal_msp.o"
arm-none-eabi-gcc "../Core/Src/stm32l4xx_it.c" -mcpu=cortex-m4 -std=gnu11 -g3 -DDEBUG -DUSE_HAL_DRIVER -DSTM32L4A6xx -c -I../Core/Inc -I../Drivers/STM32L4xx_HAL_Driver/Inc -I../Drivers/STM32L4xx_HAL_Driver/Inc/Legacy -I../Drivers/CMSIS/Device/ST/STM32L4xx/Include -I../Drivers/CMSIS/Include -O0 -ffunction-sections -fdata-sections -Wall -fstack-usage -fcyclomatic-complexity -MMD -MP -MF"Core/Src/stm32l4xx_it.d" -MT"Core/Src/stm32l4xx_it.o" --specs=nano.specs -mfpu=fpv4-sp-d16 -mfloat-abi=hard -mthumb -o "Core/Src/stm32l4xx_it.o"
../Core/Src/main.c: In function 'main':
../Core/Src/main.c:25:45: warning: suggest parentheses around '-' inside '>>' [-Wparentheses]
   25 |   uint32_t time_delay = get_random_number() >> 32-25;
      |                                             ^~
../Core/Src/main.c:27:3: warning: implicit declaration of function 'setup_TIM2' [-Wimplicit-function-declaration]
   27 |   setup_TIM2(time_delay);
      |   ^~~~~~~~~~
../Core/Src/main.c: At top level:
../Core/Src/main.c:50:6: warning: conflicting types for 'setup_TIM2'; have 'void(int)'
   50 | void setup_TIM2( int iDutyCycle ) {
      |      ^~~~~~~~~~
../Core/Src/main.c:27:3: note: previous implicit declaration of 'setup_TIM2' with type 'void(int)'
   27 |   setup_TIM2(time_delay);
      |   ^~~~~~~~~~
arm-none-eabi-gcc -o "A4_PARTD.elf" @"objects.list"   -mcpu=cortex-m4 -T"C:\Users\rahee\Documents\CPE329\A4_PARTD\STM32L4A6ZGTX_FLASH.ld" --specs=nosys.specs -Wl,-Map="A4_PARTD.map" -Wl,--gc-sections -static --specs=nano.specs -mfpu=fpv4-sp-d16 -mfloat-abi=hard -mthumb -Wl,--start-group -lc -lm -Wl,--end-group
Finished building target: A4_PARTD.elf
 
arm-none-eabi-size  A4_PARTD.elf 
arm-none-eabi-objdump -h -S A4_PARTD.elf  > "A4_PARTD.list"
   text	   data	    bss	    dec	    hex	filename
   6488	     12	   1572	   8072	   1f88	A4_PARTD.elf
Finished building: default.size.stdout
 
Finished building: A4_PARTD.list
 
15:36:05 **** Incremental Build of configuration Debug for project A4_PARTD ****
make -j16 all 
arm-none-eabi-size  A4_PARTD.elf 
   text	   data	    bss	    dec	    hex	filename
   6488	     12	   1572	   8072	   1f88	A4_PARTD.elf
Finished building: default.size.stdout
 
15:43:30 **** Incremental Build of configuration Debug for project A4_PARTD ****
make -j16 all 
arm-none-eabi-gcc "../Core/Src/main.c" -mcpu=cortex-m4 -std=gnu11 -g3 -DDEBUG -DUSE_HAL_DRIVER -DSTM32L4A6xx -c -I../Core/Inc -I../Drivers/STM32L4xx_HAL_Driver/Inc -I../Drivers/STM32L4xx_HAL_Driver/Inc/Legacy -I../Drivers/CMSIS/Device/ST/STM32L4xx/Include -I../Drivers/CMSIS/Include -O0 -ffunction-sections -fdata-sections -Wall -fstack-usage -fcyclomatic-complexity -MMD -MP -MF"Core/Src/main.d" -MT"Core/Src/main.o" --specs=nano.specs -mfpu=fpv4-sp-d16 -mfloat-abi=hard -mthumb -o "Core/Src/main.o"
../Core/Src/main.c: In function 'main':
../Core/Src/main.c:25:45: warning: suggest parentheses around '-' inside '>>' [-Wparentheses]
   25 |   uint32_t time_delay = get_random_number() >> 32-25;
      |                                             ^~
../Core/Src/main.c:27:3: warning: implicit declaration of function 'setup_TIM2' [-Wimplicit-function-declaration]
   27 |   setup_TIM2(time_delay);
      |   ^~~~~~~~~~
../Core/Src/main.c: At top level:
../Core/Src/main.c:50:6: warning: conflicting types for 'setup_TIM2'; have 'void(int)'
   50 | void setup_TIM2( int iDutyCycle ) {
      |      ^~~~~~~~~~
../Core/Src/main.c:27:3: note: previous implicit declaration of 'setup_TIM2' with type 'void(int)'
   27 |   setup_TIM2(time_delay);
      |   ^~~~~~~~~~
arm-none-eabi-gcc -o "A4_PARTD.elf" @"objects.list"   -mcpu=cortex-m4 -T"C:\Users\rahee\Documents\CPE329\A4_PARTD\STM32L4A6ZGTX_FLASH.ld" --specs=nosys.specs -Wl,-Map="A4_PARTD.map" -Wl,--gc-sections -static --specs=nano.specs -mfpu=fpv4-sp-d16 -mfloat-abi=hard -mthumb -Wl,--start-group -lc -lm -Wl,--end-group
Finished building target: A4_PARTD.elf
 
arm-none-eabi-size  A4_PARTD.elf 
arm-none-eabi-objdump -h -S A4_PARTD.elf  > "A4_PARTD.list"
   text	   data	    bss	    dec	    hex	filename
   6416	     12	   1572	   8000	   1f40	A4_PARTD.elf
Finished building: default.size.stdout
 
Finished building: A4_PARTD.list
 
15:48:59 **** Incremental Build of configuration Debug for project A4_PARTD ****
make -j16 all 
arm-none-eabi-gcc "../Core/Src/main.c" -mcpu=cortex-m4 -std=gnu11 -g3 -DDEBUG -DUSE_HAL_DRIVER -DSTM32L4A6xx -c -I../Core/Inc -I../Drivers/STM32L4xx_HAL_Driver/Inc -I../Drivers/STM32L4xx_HAL_Driver/Inc/Legacy -I../Drivers/CMSIS/Device/ST/STM32L4xx/Include -I../Drivers/CMSIS/Include -O0 -ffunction-sections -fdata-sections -Wall -fstack-usage -fcyclomatic-complexity -MMD -MP -MF"Core/Src/main.d" -MT"Core/Src/main.o" --specs=nano.specs -mfpu=fpv4-sp-d16 -mfloat-abi=hard -mthumb -o "Core/Src/main.o"
../Core/Src/main.c: In function 'main':
../Core/Src/main.c:25:45: warning: suggest parentheses around '-' inside '>>' [-Wparentheses]
   25 |   uint32_t time_delay = get_random_number() >> 32-25;
      |                                             ^~
../Core/Src/main.c:27:3: warning: implicit declaration of function 'setup_TIM2' [-Wimplicit-function-declaration]
   27 |   setup_TIM2(time_delay);
      |   ^~~~~~~~~~
../Core/Src/main.c: At top level:
../Core/Src/main.c:50:6: warning: conflicting types for 'setup_TIM2'; have 'void(int)'
   50 | void setup_TIM2( int iDutyCycle ) {
      |      ^~~~~~~~~~
../Core/Src/main.c:27:3: note: previous implicit declaration of 'setup_TIM2' with type 'void(int)'
   27 |   setup_TIM2(time_delay);
      |   ^~~~~~~~~~
arm-none-eabi-gcc -o "A4_PARTD.elf" @"objects.list"   -mcpu=cortex-m4 -T"C:\Users\rahee\Documents\CPE329\A4_PARTD\STM32L4A6ZGTX_FLASH.ld" --specs=nosys.specs -Wl,-Map="A4_PARTD.map" -Wl,--gc-sections -static --specs=nano.specs -mfpu=fpv4-sp-d16 -mfloat-abi=hard -mthumb -Wl,--start-group -lc -lm -Wl,--end-group
Finished building target: A4_PARTD.elf
 
arm-none-eabi-size  A4_PARTD.elf 
arm-none-eabi-objdump -h -S A4_PARTD.elf  > "A4_PARTD.list"
   text	   data	    bss	    dec	    hex	filename
   6488	     12	   1572	   8072	   1f88	A4_PARTD.elf
Finished building: default.size.stdout
 
Finished building: A4_PARTD.list
 
15:51:01 **** Incremental Build of configuration Debug for project A4_PARTD ****
make -j16 all 
arm-none-eabi-gcc "../Core/Src/main.c" -mcpu=cortex-m4 -std=gnu11 -g3 -DDEBUG -DUSE_HAL_DRIVER -DSTM32L4A6xx -c -I../Core/Inc -I../Drivers/STM32L4xx_HAL_Driver/Inc -I../Drivers/STM32L4xx_HAL_Driver/Inc/Legacy -I../Drivers/CMSIS/Device/ST/STM32L4xx/Include -I../Drivers/CMSIS/Include -O0 -ffunction-sections -fdata-sections -Wall -fstack-usage -fcyclomatic-complexity -MMD -MP -MF"Core/Src/main.d" -MT"Core/Src/main.o" --specs=nano.specs -mfpu=fpv4-sp-d16 -mfloat-abi=hard -mthumb -o "Core/Src/main.o"
../Core/Src/main.c: In function 'main':
../Core/Src/main.c:20:3: warning: implicit declaration of function 'setup_ext_interrupt' [-Wimplicit-function-declaration]
   20 |   setup_ext_interrupt();
      |   ^~~~~~~~~~~~~~~~~~~
../Core/Src/main.c:26:45: warning: suggest parentheses around '-' inside '>>' [-Wparentheses]
   26 |   uint32_t time_delay = get_random_number() >> 32-25;
      |                                             ^~
../Core/Src/main.c:28:3: warning: implicit declaration of function 'setup_TIM2' [-Wimplicit-function-declaration]
   28 |   setup_TIM2(time_delay);
      |   ^~~~~~~~~~
../Core/Src/main.c: At top level:
../Core/Src/main.c:51:6: warning: conflicting types for 'setup_TIM2'; have 'void(int)'
   51 | void setup_TIM2( int iDutyCycle ) {
      |      ^~~~~~~~~~
../Core/Src/main.c:28:3: note: previous implicit declaration of 'setup_TIM2' with type 'void(int)'
   28 |   setup_TIM2(time_delay);
      |   ^~~~~~~~~~
../Core/Src/main.c:102:6: warning: conflicting types for 'setup_ext_interrupt'; have 'void(void)'
  102 | void setup_ext_interrupt(void){
      |      ^~~~~~~~~~~~~~~~~~~
../Core/Src/main.c:20:3: note: previous implicit declaration of 'setup_ext_interrupt' with type 'void(void)'
   20 |   setup_ext_interrupt();
      |   ^~~~~~~~~~~~~~~~~~~
arm-none-eabi-gcc -o "A4_PARTD.elf" @"objects.list"   -mcpu=cortex-m4 -T"C:\Users\rahee\Documents\CPE329\A4_PARTD\STM32L4A6ZGTX_FLASH.ld" --specs=nosys.specs -Wl,-Map="A4_PARTD.map" -Wl,--gc-sections -static --specs=nano.specs -mfpu=fpv4-sp-d16 -mfloat-abi=hard -mthumb -Wl,--start-group -lc -lm -Wl,--end-group
Finished building target: A4_PARTD.elf
 
arm-none-eabi-size  A4_PARTD.elf 
arm-none-eabi-objdump -h -S A4_PARTD.elf  > "A4_PARTD.list"
   text	   data	    bss	    dec	    hex	filename
   6688	     12	   1572	   8272	   2050	A4_PARTD.elf
Finished building: default.size.stdout
 
Finished building: A4_PARTD.list
 
15:51:27 **** Incremental Build of configuration Debug for project A4_PARTD ****
make -j16 all 
arm-none-eabi-size  A4_PARTD.elf 
   text	   data	    bss	    dec	    hex	filename
   6688	     12	   1572	   8272	   2050	A4_PARTD.elf
Finished building: default.size.stdout
 
15:53:05 **** Incremental Build of configuration Debug for project A4_PARTD ****
make -j16 all 
arm-none-eabi-gcc "../Core/Src/main.c" -mcpu=cortex-m4 -std=gnu11 -g3 -DDEBUG -DUSE_HAL_DRIVER -DSTM32L4A6xx -c -I../Core/Inc -I../Drivers/STM32L4xx_HAL_Driver/Inc -I../Drivers/STM32L4xx_HAL_Driver/Inc/Legacy -I../Drivers/CMSIS/Device/ST/STM32L4xx/Include -I../Drivers/CMSIS/Include -O0 -ffunction-sections -fdata-sections -Wall -fstack-usage -fcyclomatic-complexity -MMD -MP -MF"Core/Src/main.d" -MT"Core/Src/main.o" --specs=nano.specs -mfpu=fpv4-sp-d16 -mfloat-abi=hard -mthumb -o "Core/Src/main.o"
../Core/Src/main.c: In function 'main':
../Core/Src/main.c:20:3: warning: implicit declaration of function 'setup_ext_interrupt' [-Wimplicit-function-declaration]
   20 |   setup_ext_interrupt();
      |   ^~~~~~~~~~~~~~~~~~~
../Core/Src/main.c:28:45: warning: suggest parentheses around '-' inside '>>' [-Wparentheses]
   28 |   uint32_t time_delay = get_random_number() >> 32-25;
      |                                             ^~
../Core/Src/main.c:30:3: warning: implicit declaration of function 'setup_TIM2' [-Wimplicit-function-declaration]
   30 |   setup_TIM2(time_delay);
      |   ^~~~~~~~~~
../Core/Src/main.c: At top level:
../Core/Src/main.c:53:6: warning: conflicting types for 'setup_TIM2'; have 'void(int)'
   53 | void setup_TIM2( int iDutyCycle ) {
      |      ^~~~~~~~~~
../Core/Src/main.c:30:3: note: previous implicit declaration of 'setup_TIM2' with type 'void(int)'
   30 |   setup_TIM2(time_delay);
      |   ^~~~~~~~~~
../Core/Src/main.c:104:6: warning: conflicting types for 'setup_ext_interrupt'; have 'void(void)'
  104 | void setup_ext_interrupt(void){
      |      ^~~~~~~~~~~~~~~~~~~
../Core/Src/main.c:20:3: note: previous implicit declaration of 'setup_ext_interrupt' with type 'void(void)'
   20 |   setup_ext_interrupt();
      |   ^~~~~~~~~~~~~~~~~~~
arm-none-eabi-gcc -o "A4_PARTD.elf" @"objects.list"   -mcpu=cortex-m4 -T"C:\Users\rahee\Documents\CPE329\A4_PARTD\STM32L4A6ZGTX_FLASH.ld" --specs=nosys.specs -Wl,-Map="A4_PARTD.map" -Wl,--gc-sections -static --specs=nano.specs -mfpu=fpv4-sp-d16 -mfloat-abi=hard -mthumb -Wl,--start-group -lc -lm -Wl,--end-group
Finished building target: A4_PARTD.elf
 
arm-none-eabi-size  A4_PARTD.elf 
arm-none-eabi-objdump -h -S A4_PARTD.elf  > "A4_PARTD.list"
   text	   data	    bss	    dec	    hex	filename
   6692	     12	   1572	   8276	   2054	A4_PARTD.elf
Finished building: default.size.stdout
 
Finished building: A4_PARTD.list
 
15:56:11 **** Incremental Build of configuration Debug for project A4_PARTD ****
make -j16 all 
arm-none-eabi-gcc "../Core/Src/main.c" -mcpu=cortex-m4 -std=gnu11 -g3 -DDEBUG -DUSE_HAL_DRIVER -DSTM32L4A6xx -c -I../Core/Inc -I../Drivers/STM32L4xx_HAL_Driver/Inc -I../Drivers/STM32L4xx_HAL_Driver/Inc/Legacy -I../Drivers/CMSIS/Device/ST/STM32L4xx/Include -I../Drivers/CMSIS/Include -O0 -ffunction-sections -fdata-sections -Wall -fstack-usage -fcyclomatic-complexity -MMD -MP -MF"Core/Src/main.d" -MT"Core/Src/main.o" --specs=nano.specs -mfpu=fpv4-sp-d16 -mfloat-abi=hard -mthumb -o "Core/Src/main.o"
../Core/Src/main.c: In function 'main':
../Core/Src/main.c:20:3: warning: implicit declaration of function 'setup_ext_interrupt' [-Wimplicit-function-declaration]
   20 |   setup_ext_interrupt();
      |   ^~~~~~~~~~~~~~~~~~~
../Core/Src/main.c:28:45: warning: suggest parentheses around '-' inside '>>' [-Wparentheses]
   28 |   uint32_t time_delay = get_random_number() >> 32-25;
      |                                             ^~
../Core/Src/main.c:30:3: warning: implicit declaration of function 'setup_TIM2' [-Wimplicit-function-declaration]
   30 |   setup_TIM2(time_delay);
      |   ^~~~~~~~~~
../Core/Src/main.c: At top level:
../Core/Src/main.c:53:6: warning: conflicting types for 'setup_TIM2'; have 'void(int)'
   53 | void setup_TIM2( int iDutyCycle ) {
      |      ^~~~~~~~~~
../Core/Src/main.c:30:3: note: previous implicit declaration of 'setup_TIM2' with type 'void(int)'
   30 |   setup_TIM2(time_delay);
      |   ^~~~~~~~~~
../Core/Src/main.c:104:6: warning: conflicting types for 'setup_ext_interrupt'; have 'void(void)'
  104 | void setup_ext_interrupt(void){
      |      ^~~~~~~~~~~~~~~~~~~
../Core/Src/main.c:20:3: note: previous implicit declaration of 'setup_ext_interrupt' with type 'void(void)'
   20 |   setup_ext_interrupt();
      |   ^~~~~~~~~~~~~~~~~~~
arm-none-eabi-gcc -o "A4_PARTD.elf" @"objects.list"   -mcpu=cortex-m4 -T"C:\Users\rahee\Documents\CPE329\A4_PARTD\STM32L4A6ZGTX_FLASH.ld" --specs=nosys.specs -Wl,-Map="A4_PARTD.map" -Wl,--gc-sections -static --specs=nano.specs -mfpu=fpv4-sp-d16 -mfloat-abi=hard -mthumb -Wl,--start-group -lc -lm -Wl,--end-group
Finished building target: A4_PARTD.elf
 
arm-none-eabi-size  A4_PARTD.elf 
arm-none-eabi-objdump -h -S A4_PARTD.elf  > "A4_PARTD.list"
   text	   data	    bss	    dec	    hex	filename
   6704	     12	   1572	   8288	   2060	A4_PARTD.elf
Finished building: default.size.stdout
 
Finished building: A4_PARTD.list
 
16:02:16 **** Incremental Build of configuration Debug for project A4_PARTD ****
make -j16 all 
arm-none-eabi-gcc "../Core/Src/main.c" -mcpu=cortex-m4 -std=gnu11 -g3 -DDEBUG -DUSE_HAL_DRIVER -DSTM32L4A6xx -c -I../Core/Inc -I../Drivers/STM32L4xx_HAL_Driver/Inc -I../Drivers/STM32L4xx_HAL_Driver/Inc/Legacy -I../Drivers/CMSIS/Device/ST/STM32L4xx/Include -I../Drivers/CMSIS/Include -O0 -ffunction-sections -fdata-sections -Wall -fstack-usage -fcyclomatic-complexity -MMD -MP -MF"Core/Src/main.d" -MT"Core/Src/main.o" --specs=nano.specs -mfpu=fpv4-sp-d16 -mfloat-abi=hard -mthumb -o "Core/Src/main.o"
../Core/Src/main.c: In function 'main':
../Core/Src/main.c:20:3: warning: implicit declaration of function 'setup_ext_interrupt' [-Wimplicit-function-declaration]
   20 |   setup_ext_interrupt();
      |   ^~~~~~~~~~~~~~~~~~~
../Core/Src/main.c:28:45: warning: suggest parentheses around '-' inside '>>' [-Wparentheses]
   28 |   uint32_t time_delay = get_random_number() >> 32-25;
      |                                             ^~
../Core/Src/main.c:30:3: warning: implicit declaration of function 'setup_TIM2' [-Wimplicit-function-declaration]
   30 |   setup_TIM2(time_delay);
      |   ^~~~~~~~~~
../Core/Src/main.c: At top level:
../Core/Src/main.c:53:6: warning: conflicting types for 'setup_TIM2'; have 'void(int)'
   53 | void setup_TIM2( int iDutyCycle ) {
      |      ^~~~~~~~~~
../Core/Src/main.c:30:3: note: previous implicit declaration of 'setup_TIM2' with type 'void(int)'
   30 |   setup_TIM2(time_delay);
      |   ^~~~~~~~~~
../Core/Src/main.c:104:6: warning: conflicting types for 'setup_ext_interrupt'; have 'void(void)'
  104 | void setup_ext_interrupt(void){
      |      ^~~~~~~~~~~~~~~~~~~
../Core/Src/main.c:20:3: note: previous implicit declaration of 'setup_ext_interrupt' with type 'void(void)'
   20 |   setup_ext_interrupt();
      |   ^~~~~~~~~~~~~~~~~~~
arm-none-eabi-gcc -o "A4_PARTD.elf" @"objects.list"   -mcpu=cortex-m4 -T"C:\Users\rahee\Documents\CPE329\A4_PARTD\STM32L4A6ZGTX_FLASH.ld" --specs=nosys.specs -Wl,-Map="A4_PARTD.map" -Wl,--gc-sections -static --specs=nano.specs -mfpu=fpv4-sp-d16 -mfloat-abi=hard -mthumb -Wl,--start-group -lc -lm -Wl,--end-group
Finished building target: A4_PARTD.elf
 
arm-none-eabi-size  A4_PARTD.elf 
arm-none-eabi-objdump -h -S A4_PARTD.elf  > "A4_PARTD.list"
   text	   data	    bss	    dec	    hex	filename
   6704	     12	   1572	   8288	   2060	A4_PARTD.elf
Finished building: default.size.stdout
 
Finished building: A4_PARTD.list
 
16:04:45 **** Incremental Build of configuration Debug for project A4_PARTD ****
make -j16 all 
arm-none-eabi-gcc "../Core/Src/main.c" -mcpu=cortex-m4 -std=gnu11 -g3 -DDEBUG -DUSE_HAL_DRIVER -DSTM32L4A6xx -c -I../Core/Inc -I../Drivers/STM32L4xx_HAL_Driver/Inc -I../Drivers/STM32L4xx_HAL_Driver/Inc/Legacy -I../Drivers/CMSIS/Device/ST/STM32L4xx/Include -I../Drivers/CMSIS/Include -O0 -ffunction-sections -fdata-sections -Wall -fstack-usage -fcyclomatic-complexity -MMD -MP -MF"Core/Src/main.d" -MT"Core/Src/main.o" --specs=nano.specs -mfpu=fpv4-sp-d16 -mfloat-abi=hard -mthumb -o "Core/Src/main.o"
../Core/Src/main.c: In function 'main':
../Core/Src/main.c:20:3: warning: implicit declaration of function 'setup_ext_interrupt' [-Wimplicit-function-declaration]
   20 |   setup_ext_interrupt();
      |   ^~~~~~~~~~~~~~~~~~~
../Core/Src/main.c:28:45: warning: suggest parentheses around '-' inside '>>' [-Wparentheses]
   28 |   uint32_t time_delay = get_random_number() >> 32-25;
      |                                             ^~
../Core/Src/main.c:30:3: warning: implicit declaration of function 'setup_TIM2' [-Wimplicit-function-declaration]
   30 |   setup_TIM2(time_delay);
      |   ^~~~~~~~~~
../Core/Src/main.c: At top level:
../Core/Src/main.c:53:6: warning: conflicting types for 'setup_TIM2'; have 'void(int)'
   53 | void setup_TIM2( int iDutyCycle ) {
      |      ^~~~~~~~~~
../Core/Src/main.c:30:3: note: previous implicit declaration of 'setup_TIM2' with type 'void(int)'
   30 |   setup_TIM2(time_delay);
      |   ^~~~~~~~~~
../Core/Src/main.c:104:6: warning: conflicting types for 'setup_ext_interrupt'; have 'void(void)'
  104 | void setup_ext_interrupt(void){
      |      ^~~~~~~~~~~~~~~~~~~
../Core/Src/main.c:20:3: note: previous implicit declaration of 'setup_ext_interrupt' with type 'void(void)'
   20 |   setup_ext_interrupt();
      |   ^~~~~~~~~~~~~~~~~~~
arm-none-eabi-gcc -o "A4_PARTD.elf" @"objects.list"   -mcpu=cortex-m4 -T"C:\Users\rahee\Documents\CPE329\A4_PARTD\STM32L4A6ZGTX_FLASH.ld" --specs=nosys.specs -Wl,-Map="A4_PARTD.map" -Wl,--gc-sections -static --specs=nano.specs -mfpu=fpv4-sp-d16 -mfloat-abi=hard -mthumb -Wl,--start-group -lc -lm -Wl,--end-group
Finished building target: A4_PARTD.elf
 
arm-none-eabi-size  A4_PARTD.elf 
arm-none-eabi-objdump -h -S A4_PARTD.elf  > "A4_PARTD.list"
   text	   data	    bss	    dec	    hex	filename
   6696	     12	   1572	   8280	   2058	A4_PARTD.elf
Finished building: default.size.stdout
 
Finished building: A4_PARTD.list
 
16:13:38 **** Incremental Build of configuration Debug for project A4_PARTD ****
make -j16 all 
arm-none-eabi-gcc "../Core/Src/main.c" -mcpu=cortex-m4 -std=gnu11 -g3 -DDEBUG -DUSE_HAL_DRIVER -DSTM32L4A6xx -c -I../Core/Inc -I../Drivers/STM32L4xx_HAL_Driver/Inc -I../Drivers/STM32L4xx_HAL_Driver/Inc/Legacy -I../Drivers/CMSIS/Device/ST/STM32L4xx/Include -I../Drivers/CMSIS/Include -O0 -ffunction-sections -fdata-sections -Wall -fstack-usage -fcyclomatic-complexity -MMD -MP -MF"Core/Src/main.d" -MT"Core/Src/main.o" --specs=nano.specs -mfpu=fpv4-sp-d16 -mfloat-abi=hard -mthumb -o "Core/Src/main.o"
../Core/Src/main.c: In function 'main':
../Core/Src/main.c:20:3: warning: implicit declaration of function 'setup_ext_interrupt' [-Wimplicit-function-declaration]
   20 |   setup_ext_interrupt();
      |   ^~~~~~~~~~~~~~~~~~~
../Core/Src/main.c:28:45: warning: suggest parentheses around '-' inside '>>' [-Wparentheses]
   28 |   uint32_t time_delay = get_random_number() >> 32-25;
      |                                             ^~
../Core/Src/main.c:30:3: warning: implicit declaration of function 'setup_TIM2' [-Wimplicit-function-declaration]
   30 |   setup_TIM2(time_delay);
      |   ^~~~~~~~~~
../Core/Src/main.c: At top level:
../Core/Src/main.c:53:6: warning: conflicting types for 'setup_TIM2'; have 'void(int)'
   53 | void setup_TIM2( int iDutyCycle ) {
      |      ^~~~~~~~~~
../Core/Src/main.c:30:3: note: previous implicit declaration of 'setup_TIM2' with type 'void(int)'
   30 |   setup_TIM2(time_delay);
      |   ^~~~~~~~~~
../Core/Src/main.c:104:6: warning: conflicting types for 'setup_ext_interrupt'; have 'void(void)'
  104 | void setup_ext_interrupt(void){
      |      ^~~~~~~~~~~~~~~~~~~
../Core/Src/main.c:20:3: note: previous implicit declaration of 'setup_ext_interrupt' with type 'void(void)'
   20 |   setup_ext_interrupt();
      |   ^~~~~~~~~~~~~~~~~~~
arm-none-eabi-gcc -o "A4_PARTD.elf" @"objects.list"   -mcpu=cortex-m4 -T"C:\Users\rahee\Documents\CPE329\A4_PARTD\STM32L4A6ZGTX_FLASH.ld" --specs=nosys.specs -Wl,-Map="A4_PARTD.map" -Wl,--gc-sections -static --specs=nano.specs -mfpu=fpv4-sp-d16 -mfloat-abi=hard -mthumb -Wl,--start-group -lc -lm -Wl,--end-group
Finished building target: A4_PARTD.elf
 
arm-none-eabi-size  A4_PARTD.elf 
arm-none-eabi-objdump -h -S A4_PARTD.elf  > "A4_PARTD.list"
   text	   data	    bss	    dec	    hex	filename
   6712	     12	   1572	   8296	   2068	A4_PARTD.elf
Finished building: default.size.stdout
 
Finished building: A4_PARTD.list
 
16:22:49 **** Incremental Build of configuration Debug for project A4_PARTD ****
make -j16 all 
arm-none-eabi-gcc "../Core/Src/main.c" -mcpu=cortex-m4 -std=gnu11 -g3 -DDEBUG -DUSE_HAL_DRIVER -DSTM32L4A6xx -c -I../Core/Inc -I../Drivers/STM32L4xx_HAL_Driver/Inc -I../Drivers/STM32L4xx_HAL_Driver/Inc/Legacy -I../Drivers/CMSIS/Device/ST/STM32L4xx/Include -I../Drivers/CMSIS/Include -O0 -ffunction-sections -fdata-sections -Wall -fstack-usage -fcyclomatic-complexity -MMD -MP -MF"Core/Src/main.d" -MT"Core/Src/main.o" --specs=nano.specs -mfpu=fpv4-sp-d16 -mfloat-abi=hard -mthumb -o "Core/Src/main.o"
../Core/Src/main.c: In function 'main':
../Core/Src/main.c:20:3: warning: implicit declaration of function 'setup_ext_interrupt' [-Wimplicit-function-declaration]
   20 |   setup_ext_interrupt();
      |   ^~~~~~~~~~~~~~~~~~~
../Core/Src/main.c:28:45: warning: suggest parentheses around '-' inside '>>' [-Wparentheses]
   28 |   uint32_t time_delay = get_random_number() >> 32-25;
      |                                             ^~
../Core/Src/main.c:30:3: warning: implicit declaration of function 'setup_TIM2' [-Wimplicit-function-declaration]
   30 |   setup_TIM2(time_delay);
      |   ^~~~~~~~~~
../Core/Src/main.c: At top level:
../Core/Src/main.c:53:6: warning: conflicting types for 'setup_TIM2'; have 'void(int)'
   53 | void setup_TIM2( int iDutyCycle ) {
      |      ^~~~~~~~~~
../Core/Src/main.c:30:3: note: previous implicit declaration of 'setup_TIM2' with type 'void(int)'
   30 |   setup_TIM2(time_delay);
      |   ^~~~~~~~~~
../Core/Src/main.c:104:6: warning: conflicting types for 'setup_ext_interrupt'; have 'void(void)'
  104 | void setup_ext_interrupt(void){
      |      ^~~~~~~~~~~~~~~~~~~
../Core/Src/main.c:20:3: note: previous implicit declaration of 'setup_ext_interrupt' with type 'void(void)'
   20 |   setup_ext_interrupt();
      |   ^~~~~~~~~~~~~~~~~~~
arm-none-eabi-gcc -o "A4_PARTD.elf" @"objects.list"   -mcpu=cortex-m4 -T"C:\Users\rahee\Documents\CPE329\A4_PARTD\STM32L4A6ZGTX_FLASH.ld" --specs=nosys.specs -Wl,-Map="A4_PARTD.map" -Wl,--gc-sections -static --specs=nano.specs -mfpu=fpv4-sp-d16 -mfloat-abi=hard -mthumb -Wl,--start-group -lc -lm -Wl,--end-group
Finished building target: A4_PARTD.elf
 
arm-none-eabi-size  A4_PARTD.elf 
arm-none-eabi-objdump -h -S A4_PARTD.elf  > "A4_PARTD.list"
   text	   data	    bss	    dec	    hex	filename
   6712	     12	   1572	   8296	   2068	A4_PARTD.elf
Finished building: default.size.stdout
 
Finished building: A4_PARTD.list
 
16:24:24 **** Incremental Build of configuration Debug for project A4_PARTD ****
make -j16 all 
arm-none-eabi-size  A4_PARTD.elf 
   text	   data	    bss	    dec	    hex	filename
   6712	     12	   1572	   8296	   2068	A4_PARTD.elf
Finished building: default.size.stdout
 
16:28:20 **** Incremental Build of configuration Debug for project A4_PARTD ****
make -j16 all 
arm-none-eabi-gcc "../Core/Src/main.c" -mcpu=cortex-m4 -std=gnu11 -g3 -DDEBUG -DUSE_HAL_DRIVER -DSTM32L4A6xx -c -I../Core/Inc -I../Drivers/STM32L4xx_HAL_Driver/Inc -I../Drivers/STM32L4xx_HAL_Driver/Inc/Legacy -I../Drivers/CMSIS/Device/ST/STM32L4xx/Include -I../Drivers/CMSIS/Include -O0 -ffunction-sections -fdata-sections -Wall -fstack-usage -fcyclomatic-complexity -MMD -MP -MF"Core/Src/main.d" -MT"Core/Src/main.o" --specs=nano.specs -mfpu=fpv4-sp-d16 -mfloat-abi=hard -mthumb -o "Core/Src/main.o"
../Core/Src/main.c: In function 'main':
../Core/Src/main.c:22:3: warning: implicit declaration of function 'setup_ext_interrupt' [-Wimplicit-function-declaration]
   22 |   setup_ext_interrupt();
      |   ^~~~~~~~~~~~~~~~~~~
../Core/Src/main.c:30:45: warning: suggest parentheses around '-' inside '>>' [-Wparentheses]
   30 |   uint32_t time_delay = get_random_number() >> 32-25;
      |                                             ^~
../Core/Src/main.c:32:3: warning: implicit declaration of function 'setup_TIM2' [-Wimplicit-function-declaration]
   32 |   setup_TIM2(time_delay);
      |   ^~~~~~~~~~
../Core/Src/main.c: At top level:
../Core/Src/main.c:55:6: warning: conflicting types for 'setup_TIM2'; have 'void(int)'
   55 | void setup_TIM2( int iDutyCycle ) {
      |      ^~~~~~~~~~
../Core/Src/main.c:32:3: note: previous implicit declaration of 'setup_TIM2' with type 'void(int)'
   32 |   setup_TIM2(time_delay);
      |   ^~~~~~~~~~
../Core/Src/main.c:106:6: warning: conflicting types for 'setup_ext_interrupt'; have 'void(void)'
  106 | void setup_ext_interrupt(void){
      |      ^~~~~~~~~~~~~~~~~~~
../Core/Src/main.c:22:3: note: previous implicit declaration of 'setup_ext_interrupt' with type 'void(void)'
   22 |   setup_ext_interrupt();
      |   ^~~~~~~~~~~~~~~~~~~
arm-none-eabi-gcc -o "A4_PARTD.elf" @"objects.list"   -mcpu=cortex-m4 -T"C:\Users\rahee\Documents\CPE329\A4_PARTD\STM32L4A6ZGTX_FLASH.ld" --specs=nosys.specs -Wl,-Map="A4_PARTD.map" -Wl,--gc-sections -static --specs=nano.specs -mfpu=fpv4-sp-d16 -mfloat-abi=hard -mthumb -Wl,--start-group -lc -lm -Wl,--end-group
Finished building target: A4_PARTD.elf
 
arm-none-eabi-size  A4_PARTD.elf 
arm-none-eabi-objdump -h -S A4_PARTD.elf  > "A4_PARTD.list"
   text	   data	    bss	    dec	    hex	filename
   6740	     12	   1580	   8332	   208c	A4_PARTD.elf
Finished building: default.size.stdout
 
Finished building: A4_PARTD.list
 
16:38:16 **** Incremental Build of configuration Debug for project A4_PARTD ****
make -j16 all 
arm-none-eabi-gcc "../Core/Src/main.c" -mcpu=cortex-m4 -std=gnu11 -g3 -DDEBUG -DUSE_HAL_DRIVER -DSTM32L4A6xx -c -I../Core/Inc -I../Drivers/STM32L4xx_HAL_Driver/Inc -I../Drivers/STM32L4xx_HAL_Driver/Inc/Legacy -I../Drivers/CMSIS/Device/ST/STM32L4xx/Include -I../Drivers/CMSIS/Include -O0 -ffunction-sections -fdata-sections -Wall -fstack-usage -fcyclomatic-complexity -MMD -MP -MF"Core/Src/main.d" -MT"Core/Src/main.o" --specs=nano.specs -mfpu=fpv4-sp-d16 -mfloat-abi=hard -mthumb -o "Core/Src/main.o"
../Core/Src/main.c: In function 'main':
../Core/Src/main.c:22:3: warning: implicit declaration of function 'setup_ext_interrupt' [-Wimplicit-function-declaration]
   22 |   setup_ext_interrupt();
      |   ^~~~~~~~~~~~~~~~~~~
../Core/Src/main.c:32:45: warning: suggest parentheses around '-' inside '>>' [-Wparentheses]
   32 |   uint32_t time_delay = get_random_number() >> 32-25;
      |                                             ^~
../Core/Src/main.c:34:3: warning: implicit declaration of function 'setup_TIM2' [-Wimplicit-function-declaration]
   34 |   setup_TIM2(time_delay);
      |   ^~~~~~~~~~
../Core/Src/main.c:17:12: warning: unused variable 'time_of_button_press' [-Wunused-variable]
   17 |   uint32_t time_of_button_press = 0;
      |            ^~~~~~~~~~~~~~~~~~~~
../Core/Src/main.c:16:12: warning: unused variable 'time_of_light_up' [-Wunused-variable]
   16 |   uint32_t time_of_light_up = 0;
      |            ^~~~~~~~~~~~~~~~
../Core/Src/main.c: At top level:
../Core/Src/main.c:49:6: warning: conflicting types for 'setup_TIM2'; have 'void(int)'
   49 | void setup_TIM2( int iDutyCycle ) {
      |      ^~~~~~~~~~
../Core/Src/main.c:34:3: note: previous implicit declaration of 'setup_TIM2' with type 'void(int)'
   34 |   setup_TIM2(time_delay);
      |   ^~~~~~~~~~
../Core/Src/main.c: In function 'TIM2_IRQHandler':
../Core/Src/main.c:64:7: error: 'time_of_light_up' undeclared (first use in this function)
   64 |       time_of_light_up = TIM2->CNT;
      |       ^~~~~~~~~~~~~~~~
../Core/Src/main.c:64:7: note: each undeclared identifier is reported only once for each function it appears in
../Core/Src/main.c: At top level:
../Core/Src/main.c:100:6: warning: conflicting types for 'setup_ext_interrupt'; have 'void(void)'
  100 | void setup_ext_interrupt(void){
      |      ^~~~~~~~~~~~~~~~~~~
../Core/Src/main.c:22:3: note: previous implicit declaration of 'setup_ext_interrupt' with type 'void(void)'
   22 |   setup_ext_interrupt();
      |   ^~~~~~~~~~~~~~~~~~~
../Core/Src/main.c: In function 'EXTI15_10_IRQHandler':
../Core/Src/main.c:122:13: error: 'time_of_light_up' undeclared (first use in this function)
  122 |         if (time_of_light_up > 0){
      |             ^~~~~~~~~~~~~~~~
../Core/Src/main.c:123:17: error: 'time_of_button_press' undeclared (first use in this function)
  123 |                 time_of_button_press = TIM2->CNT;
      |                 ^~~~~~~~~~~~~~~~~~~~
make: *** [Core/Src/subdir.mk:37: Core/Src/main.o] Error 1
"make -j16 all" terminated with exit code 2. Build might be incomplete.
16:38:26 **** Incremental Build of configuration Debug for project A4_PARTD ****
make -j16 all 
arm-none-eabi-gcc "../Core/Src/main.c" -mcpu=cortex-m4 -std=gnu11 -g3 -DDEBUG -DUSE_HAL_DRIVER -DSTM32L4A6xx -c -I../Core/Inc -I../Drivers/STM32L4xx_HAL_Driver/Inc -I../Drivers/STM32L4xx_HAL_Driver/Inc/Legacy -I../Drivers/CMSIS/Device/ST/STM32L4xx/Include -I../Drivers/CMSIS/Include -O0 -ffunction-sections -fdata-sections -Wall -fstack-usage -fcyclomatic-complexity -MMD -MP -MF"Core/Src/main.d" -MT"Core/Src/main.o" --specs=nano.specs -mfpu=fpv4-sp-d16 -mfloat-abi=hard -mthumb -o "Core/Src/main.o"
../Core/Src/main.c: In function 'main':
../Core/Src/main.c:22:3: warning: implicit declaration of function 'setup_ext_interrupt' [-Wimplicit-function-declaration]
   22 |   setup_ext_interrupt();
      |   ^~~~~~~~~~~~~~~~~~~
../Core/Src/main.c:32:45: warning: suggest parentheses around '-' inside '>>' [-Wparentheses]
   32 |   uint32_t time_delay = get_random_number() >> 32-25;
      |                                             ^~
../Core/Src/main.c:34:3: warning: implicit declaration of function 'setup_TIM2' [-Wimplicit-function-declaration]
   34 |   setup_TIM2(time_delay);
      |   ^~~~~~~~~~
../Core/Src/main.c:17:12: warning: unused variable 'time_of_button_press' [-Wunused-variable]
   17 |   uint32_t time_of_button_press = 0;
      |            ^~~~~~~~~~~~~~~~~~~~
../Core/Src/main.c:16:12: warning: unused variable 'time_of_light_up' [-Wunused-variable]
   16 |   uint32_t time_of_light_up = 0;
      |            ^~~~~~~~~~~~~~~~
../Core/Src/main.c: At top level:
../Core/Src/main.c:49:6: warning: conflicting types for 'setup_TIM2'; have 'void(int)'
   49 | void setup_TIM2( int iDutyCycle ) {
      |      ^~~~~~~~~~
../Core/Src/main.c:34:3: note: previous implicit declaration of 'setup_TIM2' with type 'void(int)'
   34 |   setup_TIM2(time_delay);
      |   ^~~~~~~~~~
../Core/Src/main.c:100:6: warning: conflicting types for 'setup_ext_interrupt'; have 'void(void)'
  100 | void setup_ext_interrupt(void){
      |      ^~~~~~~~~~~~~~~~~~~
../Core/Src/main.c:22:3: note: previous implicit declaration of 'setup_ext_interrupt' with type 'void(void)'
   22 |   setup_ext_interrupt();
      |   ^~~~~~~~~~~~~~~~~~~
../Core/Src/main.c: In function 'EXTI15_10_IRQHandler':
../Core/Src/main.c:122:13: error: 'time_of_light_up' undeclared (first use in this function)
  122 |         if (time_of_light_up > 0){
      |             ^~~~~~~~~~~~~~~~
../Core/Src/main.c:122:13: note: each undeclared identifier is reported only once for each function it appears in
../Core/Src/main.c:123:17: error: 'time_of_button_press' undeclared (first use in this function)
  123 |                 time_of_button_press = TIM2->CNT;
      |                 ^~~~~~~~~~~~~~~~~~~~
make: *** [Core/Src/subdir.mk:37: Core/Src/main.o] Error 1
"make -j16 all" terminated with exit code 2. Build might be incomplete.
16:38:37 **** Incremental Build of configuration Debug for project A4_PARTD ****
make -j16 all 
arm-none-eabi-gcc "../Core/Src/main.c" -mcpu=cortex-m4 -std=gnu11 -g3 -DDEBUG -DUSE_HAL_DRIVER -DSTM32L4A6xx -c -I../Core/Inc -I../Drivers/STM32L4xx_HAL_Driver/Inc -I../Drivers/STM32L4xx_HAL_Driver/Inc/Legacy -I../Drivers/CMSIS/Device/ST/STM32L4xx/Include -I../Drivers/CMSIS/Include -O0 -ffunction-sections -fdata-sections -Wall -fstack-usage -fcyclomatic-complexity -MMD -MP -MF"Core/Src/main.d" -MT"Core/Src/main.o" --specs=nano.specs -mfpu=fpv4-sp-d16 -mfloat-abi=hard -mthumb -o "Core/Src/main.o"
../Core/Src/main.c: In function 'main':
../Core/Src/main.c:22:3: warning: implicit declaration of function 'setup_ext_interrupt' [-Wimplicit-function-declaration]
   22 |   setup_ext_interrupt();
      |   ^~~~~~~~~~~~~~~~~~~
../Core/Src/main.c:32:45: warning: suggest parentheses around '-' inside '>>' [-Wparentheses]
   32 |   uint32_t time_delay = get_random_number() >> 32-25;
      |                                             ^~
../Core/Src/main.c:34:3: warning: implicit declaration of function 'setup_TIM2' [-Wimplicit-function-declaration]
   34 |   setup_TIM2(time_delay);
      |   ^~~~~~~~~~
../Core/Src/main.c:17:12: warning: unused variable 'time_of_button_press' [-Wunused-variable]
   17 |   uint32_t time_of_button_press = 0;
      |            ^~~~~~~~~~~~~~~~~~~~
../Core/Src/main.c:16:12: warning: unused variable 'time_of_light_up' [-Wunused-variable]
   16 |   uint32_t time_of_light_up = 0;
      |            ^~~~~~~~~~~~~~~~
../Core/Src/main.c: At top level:
../Core/Src/main.c:49:6: warning: conflicting types for 'setup_TIM2'; have 'void(int)'
   49 | void setup_TIM2( int iDutyCycle ) {
      |      ^~~~~~~~~~
../Core/Src/main.c:34:3: note: previous implicit declaration of 'setup_TIM2' with type 'void(int)'
   34 |   setup_TIM2(time_delay);
      |   ^~~~~~~~~~
../Core/Src/main.c:100:6: warning: conflicting types for 'setup_ext_interrupt'; have 'void(void)'
  100 | void setup_ext_interrupt(void){
      |      ^~~~~~~~~~~~~~~~~~~
../Core/Src/main.c:22:3: note: previous implicit declaration of 'setup_ext_interrupt' with type 'void(void)'
   22 |   setup_ext_interrupt();
      |   ^~~~~~~~~~~~~~~~~~~
arm-none-eabi-gcc -o "A4_PARTD.elf" @"objects.list"   -mcpu=cortex-m4 -T"C:\Users\rahee\Documents\CPE329\A4_PARTD\STM32L4A6ZGTX_FLASH.ld" --specs=nosys.specs -Wl,-Map="A4_PARTD.map" -Wl,--gc-sections -static --specs=nano.specs -mfpu=fpv4-sp-d16 -mfloat-abi=hard -mthumb -Wl,--start-group -lc -lm -Wl,--end-group
Finished building target: A4_PARTD.elf
 
arm-none-eabi-size  A4_PARTD.elf 
arm-none-eabi-objdump -h -S A4_PARTD.elf  > "A4_PARTD.list"
   text	   data	    bss	    dec	    hex	filename
   6732	     12	   1572	   8316	   207c	A4_PARTD.elf
Finished building: default.size.stdout
 
Finished building: A4_PARTD.list
 
16:43:35 **** Incremental Build of configuration Debug for project A4_PARTD ****
make -j16 all 
arm-none-eabi-gcc "../Core/Src/main.c" -mcpu=cortex-m4 -std=gnu11 -g3 -DDEBUG -DUSE_HAL_DRIVER -DSTM32L4A6xx -c -I../Core/Inc -I../Drivers/STM32L4xx_HAL_Driver/Inc -I../Drivers/STM32L4xx_HAL_Driver/Inc/Legacy -I../Drivers/CMSIS/Device/ST/STM32L4xx/Include -I../Drivers/CMSIS/Include -O0 -ffunction-sections -fdata-sections -Wall -fstack-usage -fcyclomatic-complexity -MMD -MP -MF"Core/Src/main.d" -MT"Core/Src/main.o" --specs=nano.specs -mfpu=fpv4-sp-d16 -mfloat-abi=hard -mthumb -o "Core/Src/main.o"
../Core/Src/main.c: In function 'main':
../Core/Src/main.c:22:3: warning: implicit declaration of function 'setup_ext_interrupt' [-Wimplicit-function-declaration]
   22 |   setup_ext_interrupt();
      |   ^~~~~~~~~~~~~~~~~~~
../Core/Src/main.c:32:45: warning: suggest parentheses around '-' inside '>>' [-Wparentheses]
   32 |   uint32_t time_delay = get_random_number() >> 32-25;
      |                                             ^~
../Core/Src/main.c:34:3: warning: implicit declaration of function 'setup_TIM2' [-Wimplicit-function-declaration]
   34 |   setup_TIM2(time_delay);
      |   ^~~~~~~~~~
../Core/Src/main.c:17:12: warning: unused variable 'time_of_button_press' [-Wunused-variable]
   17 |   uint32_t time_of_button_press = 0;
      |            ^~~~~~~~~~~~~~~~~~~~
../Core/Src/main.c:16:12: warning: unused variable 'time_of_light_up' [-Wunused-variable]
   16 |   uint32_t time_of_light_up = 0;
      |            ^~~~~~~~~~~~~~~~
../Core/Src/main.c: At top level:
../Core/Src/main.c:58:6: warning: conflicting types for 'setup_TIM2'; have 'void(int)'
   58 | void setup_TIM2( int iDutyCycle ) {
      |      ^~~~~~~~~~
../Core/Src/main.c:34:3: note: previous implicit declaration of 'setup_TIM2' with type 'void(int)'
   34 |   setup_TIM2(time_delay);
      |   ^~~~~~~~~~
../Core/Src/main.c:109:6: warning: conflicting types for 'setup_ext_interrupt'; have 'void(void)'
  109 | void setup_ext_interrupt(void){
      |      ^~~~~~~~~~~~~~~~~~~
../Core/Src/main.c:22:3: note: previous implicit declaration of 'setup_ext_interrupt' with type 'void(void)'
   22 |   setup_ext_interrupt();
      |   ^~~~~~~~~~~~~~~~~~~
arm-none-eabi-gcc -o "A4_PARTD.elf" @"objects.list"   -mcpu=cortex-m4 -T"C:\Users\rahee\Documents\CPE329\A4_PARTD\STM32L4A6ZGTX_FLASH.ld" --specs=nosys.specs -Wl,-Map="A4_PARTD.map" -Wl,--gc-sections -static --specs=nano.specs -mfpu=fpv4-sp-d16 -mfloat-abi=hard -mthumb -Wl,--start-group -lc -lm -Wl,--end-group
Finished building target: A4_PARTD.elf
 
arm-none-eabi-size  A4_PARTD.elf 
arm-none-eabi-objdump -h -S A4_PARTD.elf  > "A4_PARTD.list"
   text	   data	    bss	    dec	    hex	filename
   6824	     12	   1572	   8408	   20d8	A4_PARTD.elf
Finished building: default.size.stdout
 
Finished building: A4_PARTD.list
 
16:45:42 **** Incremental Build of configuration Debug for project A4_PARTD ****
make -j16 all 
arm-none-eabi-gcc "../Core/Src/main.c" -mcpu=cortex-m4 -std=gnu11 -g3 -DDEBUG -DUSE_HAL_DRIVER -DSTM32L4A6xx -c -I../Core/Inc -I../Drivers/STM32L4xx_HAL_Driver/Inc -I../Drivers/STM32L4xx_HAL_Driver/Inc/Legacy -I../Drivers/CMSIS/Device/ST/STM32L4xx/Include -I../Drivers/CMSIS/Include -O0 -ffunction-sections -fdata-sections -Wall -fstack-usage -fcyclomatic-complexity -MMD -MP -MF"Core/Src/main.d" -MT"Core/Src/main.o" --specs=nano.specs -mfpu=fpv4-sp-d16 -mfloat-abi=hard -mthumb -o "Core/Src/main.o"
../Core/Src/main.c: In function 'main':
../Core/Src/main.c:22:3: warning: implicit declaration of function 'setup_ext_interrupt' [-Wimplicit-function-declaration]
   22 |   setup_ext_interrupt();
      |   ^~~~~~~~~~~~~~~~~~~
../Core/Src/main.c:32:45: warning: suggest parentheses around '-' inside '>>' [-Wparentheses]
   32 |   uint32_t time_delay = get_random_number() >> 32-25;
      |                                             ^~
../Core/Src/main.c:34:3: warning: implicit declaration of function 'setup_TIM2' [-Wimplicit-function-declaration]
   34 |   setup_TIM2(time_delay);
      |   ^~~~~~~~~~
../Core/Src/main.c:17:12: warning: unused variable 'time_of_button_press' [-Wunused-variable]
   17 |   uint32_t time_of_button_press = 0;
      |            ^~~~~~~~~~~~~~~~~~~~
../Core/Src/main.c:16:12: warning: unused variable 'time_of_light_up' [-Wunused-variable]
   16 |   uint32_t time_of_light_up = 0;
      |            ^~~~~~~~~~~~~~~~
../Core/Src/main.c: At top level:
../Core/Src/main.c:59:6: warning: conflicting types for 'setup_TIM2'; have 'void(int)'
   59 | void setup_TIM2( int iDutyCycle ) {
      |      ^~~~~~~~~~
../Core/Src/main.c:34:3: note: previous implicit declaration of 'setup_TIM2' with type 'void(int)'
   34 |   setup_TIM2(time_delay);
      |   ^~~~~~~~~~
../Core/Src/main.c:110:6: warning: conflicting types for 'setup_ext_interrupt'; have 'void(void)'
  110 | void setup_ext_interrupt(void){
      |      ^~~~~~~~~~~~~~~~~~~
../Core/Src/main.c:22:3: note: previous implicit declaration of 'setup_ext_interrupt' with type 'void(void)'
   22 |   setup_ext_interrupt();
      |   ^~~~~~~~~~~~~~~~~~~
arm-none-eabi-gcc -o "A4_PARTD.elf" @"objects.list"   -mcpu=cortex-m4 -T"C:\Users\rahee\Documents\CPE329\A4_PARTD\STM32L4A6ZGTX_FLASH.ld" --specs=nosys.specs -Wl,-Map="A4_PARTD.map" -Wl,--gc-sections -static --specs=nano.specs -mfpu=fpv4-sp-d16 -mfloat-abi=hard -mthumb -Wl,--start-group -lc -lm -Wl,--end-group
Finished building target: A4_PARTD.elf
 
arm-none-eabi-size  A4_PARTD.elf 
arm-none-eabi-objdump -h -S A4_PARTD.elf  > "A4_PARTD.list"
   text	   data	    bss	    dec	    hex	filename
   6816	     12	   1572	   8400	   20d0	A4_PARTD.elf
Finished building: default.size.stdout
 
Finished building: A4_PARTD.list
 
16:46:10 **** Incremental Build of configuration Debug for project A4_PARTD ****
make -j16 all 
arm-none-eabi-size  A4_PARTD.elf 
   text	   data	    bss	    dec	    hex	filename
   6816	     12	   1572	   8400	   20d0	A4_PARTD.elf
Finished building: default.size.stdout
 
16:47:20 **** Incremental Build of configuration Debug for project A4_PARTD ****
make -j16 all 
arm-none-eabi-gcc "../Core/Src/main.c" -mcpu=cortex-m4 -std=gnu11 -g3 -DDEBUG -DUSE_HAL_DRIVER -DSTM32L4A6xx -c -I../Core/Inc -I../Drivers/STM32L4xx_HAL_Driver/Inc -I../Drivers/STM32L4xx_HAL_Driver/Inc/Legacy -I../Drivers/CMSIS/Device/ST/STM32L4xx/Include -I../Drivers/CMSIS/Include -O0 -ffunction-sections -fdata-sections -Wall -fstack-usage -fcyclomatic-complexity -MMD -MP -MF"Core/Src/main.d" -MT"Core/Src/main.o" --specs=nano.specs -mfpu=fpv4-sp-d16 -mfloat-abi=hard -mthumb -o "Core/Src/main.o"
../Core/Src/main.c: In function 'main':
../Core/Src/main.c:22:3: warning: implicit declaration of function 'setup_ext_interrupt' [-Wimplicit-function-declaration]
   22 |   setup_ext_interrupt();
      |   ^~~~~~~~~~~~~~~~~~~
../Core/Src/main.c:32:45: warning: suggest parentheses around '-' inside '>>' [-Wparentheses]
   32 |   uint32_t time_delay = get_random_number() >> 32-25;
      |                                             ^~
../Core/Src/main.c:34:3: warning: implicit declaration of function 'setup_TIM2' [-Wimplicit-function-declaration]
   34 |   setup_TIM2(time_delay);
      |   ^~~~~~~~~~
../Core/Src/main.c:17:12: warning: unused variable 'time_of_button_press' [-Wunused-variable]
   17 |   uint32_t time_of_button_press = 0;
      |            ^~~~~~~~~~~~~~~~~~~~
../Core/Src/main.c:16:12: warning: unused variable 'time_of_light_up' [-Wunused-variable]
   16 |   uint32_t time_of_light_up = 0;
      |            ^~~~~~~~~~~~~~~~
../Core/Src/main.c: At top level:
../Core/Src/main.c:59:6: warning: conflicting types for 'setup_TIM2'; have 'void(int)'
   59 | void setup_TIM2( int iDutyCycle ) {
      |      ^~~~~~~~~~
../Core/Src/main.c:34:3: note: previous implicit declaration of 'setup_TIM2' with type 'void(int)'
   34 |   setup_TIM2(time_delay);
      |   ^~~~~~~~~~
../Core/Src/main.c:110:6: warning: conflicting types for 'setup_ext_interrupt'; have 'void(void)'
  110 | void setup_ext_interrupt(void){
      |      ^~~~~~~~~~~~~~~~~~~
../Core/Src/main.c:22:3: note: previous implicit declaration of 'setup_ext_interrupt' with type 'void(void)'
   22 |   setup_ext_interrupt();
      |   ^~~~~~~~~~~~~~~~~~~
arm-none-eabi-gcc -o "A4_PARTD.elf" @"objects.list"   -mcpu=cortex-m4 -T"C:\Users\rahee\Documents\CPE329\A4_PARTD\STM32L4A6ZGTX_FLASH.ld" --specs=nosys.specs -Wl,-Map="A4_PARTD.map" -Wl,--gc-sections -static --specs=nano.specs -mfpu=fpv4-sp-d16 -mfloat-abi=hard -mthumb -Wl,--start-group -lc -lm -Wl,--end-group
Finished building target: A4_PARTD.elf
 
arm-none-eabi-size  A4_PARTD.elf 
arm-none-eabi-objdump -h -S A4_PARTD.elf  > "A4_PARTD.list"
   text	   data	    bss	    dec	    hex	filename
   6816	     12	   1572	   8400	   20d0	A4_PARTD.elf
Finished building: default.size.stdout
 
Finished building: A4_PARTD.list
 
22:09:43 **** Clean-only build of configuration Debug for project A5 ****
make -j16 clean 
rm -rf ./Drivers/STM32L4xx_HAL_Driver/Src/stm32l4xx_hal.cyclo ./Drivers/STM32L4xx_HAL_Driver/Src/stm32l4xx_hal.d ./Drivers/STM32L4xx_HAL_Driver/Src/stm32l4xx_hal.o ./Drivers/STM32L4xx_HAL_Driver/Src/stm32l4xx_hal.su ./Drivers/STM32L4xx_HAL_Driver/Src/stm32l4xx_hal_cortex.cyclo ./Drivers/STM32L4xx_HAL_Driver/Src/stm32l4xx_hal_cortex.d ./Drivers/STM32L4xx_HAL_Driver/Src/stm32l4xx_hal_cortex.o ./Drivers/STM32L4xx_HAL_Driver/Src/stm32l4xx_hal_cortex.su ./Drivers/STM32L4xx_HAL_Driver/Src/stm32l4xx_hal_dma.cyclo ./Drivers/STM32L4xx_HAL_Driver/Src/stm32l4xx_hal_dma.d ./Drivers/STM32L4xx_HAL_Driver/Src/stm32l4xx_hal_dma.o ./Drivers/STM32L4xx_HAL_Driver/Src/stm32l4xx_hal_dma.su ./Drivers/STM32L4xx_HAL_Driver/Src/stm32l4xx_hal_dma_ex.cyclo ./Drivers/STM32L4xx_HAL_Driver/Src/stm32l4xx_hal_dma_ex.d ./Drivers/STM32L4xx_HAL_Driver/Src/stm32l4xx_hal_dma_ex.o ./Drivers/STM32L4xx_HAL_Driver/Src/stm32l4xx_hal_dma_ex.su ./Drivers/STM32L4xx_HAL_Driver/Src/stm32l4xx_hal_exti.cyclo ./Drivers/STM32L4xx_HAL_Driver/Src/stm32l4xx_hal_exti.d ./Drivers/STM32L4xx_HAL_Driver/Src/stm32l4xx_hal_exti.o ./Drivers/STM32L4xx_HAL_Driver/Src/stm32l4xx_hal_exti.su ./Drivers/STM32L4xx_HAL_Driver/Src/stm32l4xx_hal_flash.cyclo ./Drivers/STM32L4xx_HAL_Driver/Src/stm32l4xx_hal_flash.d ./Drivers/STM32L4xx_HAL_Driver/Src/stm32l4xx_hal_flash.o ./Drivers/STM32L4xx_HAL_Driver/Src/stm32l4xx_hal_flash.su ./Drivers/STM32L4xx_HAL_Driver/Src/stm32l4xx_hal_flash_ex.cyclo ./Drivers/STM32L4xx_HAL_Driver/Src/stm32l4xx_hal_flash_ex.d ./Drivers/STM32L4xx_HAL_Driver/Src/stm32l4xx_hal_flash_ex.o ./Drivers/STM32L4xx_HAL_Driver/Src/stm32l4xx_hal_flash_ex.su ./Drivers/STM32L4xx_HAL_Driver/Src/stm32l4xx_hal_flash_ramfunc.cyclo ./Drivers/STM32L4xx_HAL_Driver/Src/stm32l4xx_hal_flash_ramfunc.d ./Drivers/STM32L4xx_HAL_Driver/Src/stm32l4xx_hal_flash_ramfunc.o ./Drivers/STM32L4xx_HAL_Driver/Src/stm32l4xx_hal_flash_ramfunc.su ./Drivers/STM32L4xx_HAL_Driver/Src/stm32l4xx_hal_gpio.cyclo ./Drivers/STM32L4xx_HAL_Driver/Src/stm32l4xx_hal_gpio.d ./Drivers/STM32L4xx_HAL_Driver/Src/stm32l4xx_hal_gpio.o ./Drivers/STM32L4xx_HAL_Driver/Src/stm32l4xx_hal_gpio.su ./Drivers/STM32L4xx_HAL_Driver/Src/stm32l4xx_hal_i2c.cyclo ./Drivers/STM32L4xx_HAL_Driver/Src/stm32l4xx_hal_i2c.d ./Drivers/STM32L4xx_HAL_Driver/Src/stm32l4xx_hal_i2c.o ./Drivers/STM32L4xx_HAL_Driver/Src/stm32l4xx_hal_i2c.su ./Drivers/STM32L4xx_HAL_Driver/Src/stm32l4xx_hal_i2c_ex.cyclo ./Drivers/STM32L4xx_HAL_Driver/Src/stm32l4xx_hal_i2c_ex.d ./Drivers/STM32L4xx_HAL_Driver/Src/stm32l4xx_hal_i2c_ex.o ./Drivers/STM32L4xx_HAL_Driver/Src/stm32l4xx_hal_i2c_ex.su ./Drivers/STM32L4xx_HAL_Driver/Src/stm32l4xx_hal_pwr.cyclo ./Drivers/STM32L4xx_HAL_Driver/Src/stm32l4xx_hal_pwr.d ./Drivers/STM32L4xx_HAL_Driver/Src/stm32l4xx_hal_pwr.o ./Drivers/STM32L4xx_HAL_Driver/Src/stm32l4xx_hal_pwr.su ./Drivers/STM32L4xx_HAL_Driver/Src/stm32l4xx_hal_pwr_ex.cyclo ./Drivers/STM32L4xx_HAL_Driver/Src/stm32l4xx_hal_pwr_ex.d ./Drivers/STM32L4xx_HAL_Driver/Src/stm32l4xx_hal_pwr_ex.o ./Drivers/STM32L4xx_HAL_Driver/Src/stm32l4xx_hal_pwr_ex.su ./Drivers/STM32L4xx_HAL_Driver/Src/stm32l4xx_hal_rcc.cyclo ./Drivers/STM32L4xx_HAL_Driver/Src/stm32l4xx_hal_rcc.d ./Drivers/STM32L4xx_HAL_Driver/Src/stm32l4xx_hal_rcc.o ./Drivers/STM32L4xx_HAL_Driver/Src/stm32l4xx_hal_rcc.su ./Drivers/STM32L4xx_HAL_Driver/Src/stm32l4xx_hal_rcc_ex.cyclo ./Drivers/STM32L4xx_HAL_Driver/Src/stm32l4xx_hal_rcc_ex.d ./Drivers/STM32L4xx_HAL_Driver/Src/stm32l4xx_hal_rcc_ex.o ./Drivers/STM32L4xx_HAL_Driver/Src/stm32l4xx_hal_rcc_ex.su ./Drivers/STM32L4xx_HAL_Driver/Src/stm32l4xx_hal_tim.cyclo ./Drivers/STM32L4xx_HAL_Driver/Src/stm32l4xx_hal_tim.d ./Drivers/STM32L4xx_HAL_Driver/Src/stm32l4xx_hal_tim.o ./Drivers/STM32L4xx_HAL_Driver/Src/stm32l4xx_hal_tim.su ./Drivers/STM32L4xx_HAL_Driver/Src/stm32l4xx_hal_tim_ex.cyclo ./Drivers/STM32L4xx_HAL_Driver/Src/stm32l4xx_hal_tim_ex.d ./Drivers/STM32L4xx_HAL_Driver/Src/stm32l4xx_hal_tim_ex.o ./Drivers/STM32L4xx_HAL_Driver/Src/stm32l4xx_hal_tim_ex.su
rm -rf ./Core/Startup/startup_stm32l4a6zgtx.d ./Core/Startup/startup_stm32l4a6zgtx.o
rm -rf ./Core/Src/dac.cyclo ./Core/Src/dac.d ./Core/Src/dac.o ./Core/Src/dac.su ./Core/Src/main.cyclo ./Core/Src/main.d ./Core/Src/main.o ./Core/Src/main.su ./Core/Src/stm32l4xx_hal_msp.cyclo ./Core/Src/stm32l4xx_hal_msp.d ./Core/Src/stm32l4xx_hal_msp.o ./Core/Src/stm32l4xx_hal_msp.su ./Core/Src/stm32l4xx_it.cyclo ./Core/Src/stm32l4xx_it.d ./Core/Src/stm32l4xx_it.o ./Core/Src/stm32l4xx_it.su ./Core/Src/syscalls.cyclo ./Core/Src/syscalls.d ./Core/Src/syscalls.o ./Core/Src/syscalls.su ./Core/Src/sysmem.cyclo ./Core/Src/sysmem.d ./Core/Src/sysmem.o ./Core/Src/sysmem.su ./Core/Src/system_stm32l4xx.cyclo ./Core/Src/system_stm32l4xx.d ./Core/Src/system_stm32l4xx.o ./Core/Src/system_stm32l4xx.su ./Core/Src/uart.cyclo ./Core/Src/uart.d ./Core/Src/uart.o ./Core/Src/uart.su
rm -rf A5.elf A5.list A5.map default.size.stdout
 
22:09:43 **** Build of configuration Debug for project A5 ****
make -j16 all 
arm-none-eabi-gcc "../Drivers/STM32L4xx_HAL_Driver/Src/stm32l4xx_hal.c" -mcpu=cortex-m4 -std=gnu11 -g3 -DDEBUG -DUSE_HAL_DRIVER -DSTM32L4A6xx -c -I../Core/Inc -I../Drivers/STM32L4xx_HAL_Driver/Inc -I../Drivers/STM32L4xx_HAL_Driver/Inc/Legacy -I../Drivers/CMSIS/Device/ST/STM32L4xx/Include -I../Drivers/CMSIS/Include -O0 -ffunction-sections -fdata-sections -Wall -fstack-usage -fcyclomatic-complexity -MMD -MP -MF"Drivers/STM32L4xx_HAL_Driver/Src/stm32l4xx_hal.d" -MT"Drivers/STM32L4xx_HAL_Driver/Src/stm32l4xx_hal.o" --specs=nano.specs -mfpu=fpv4-sp-d16 -mfloat-abi=hard -mthumb -o "Drivers/STM32L4xx_HAL_Driver/Src/stm32l4xx_hal.o"
arm-none-eabi-gcc "../Drivers/STM32L4xx_HAL_Driver/Src/stm32l4xx_hal_cortex.c" -mcpu=cortex-m4 -std=gnu11 -g3 -DDEBUG -DUSE_HAL_DRIVER -DSTM32L4A6xx -c -I../Core/Inc -I../Drivers/STM32L4xx_HAL_Driver/Inc -I../Drivers/STM32L4xx_HAL_Driver/Inc/Legacy -I../Drivers/CMSIS/Device/ST/STM32L4xx/Include -I../Drivers/CMSIS/Include -O0 -ffunction-sections -fdata-sections -Wall -fstack-usage -fcyclomatic-complexity -MMD -MP -MF"Drivers/STM32L4xx_HAL_Driver/Src/stm32l4xx_hal_cortex.d" -MT"Drivers/STM32L4xx_HAL_Driver/Src/stm32l4xx_hal_cortex.o" --specs=nano.specs -mfpu=fpv4-sp-d16 -mfloat-abi=hard -mthumb -o "Drivers/STM32L4xx_HAL_Driver/Src/stm32l4xx_hal_cortex.o"
arm-none-eabi-gcc "../Drivers/STM32L4xx_HAL_Driver/Src/stm32l4xx_hal_dma.c" -mcpu=cortex-m4 -std=gnu11 -g3 -DDEBUG -DUSE_HAL_DRIVER -DSTM32L4A6xx -c -I../Core/Inc -I../Drivers/STM32L4xx_HAL_Driver/Inc -I../Drivers/STM32L4xx_HAL_Driver/Inc/Legacy -I../Drivers/CMSIS/Device/ST/STM32L4xx/Include -I../Drivers/CMSIS/Include -O0 -ffunction-sections -fdata-sections -Wall -fstack-usage -fcyclomatic-complexity -MMD -MP -MF"Drivers/STM32L4xx_HAL_Driver/Src/stm32l4xx_hal_dma.d" -MT"Drivers/STM32L4xx_HAL_Driver/Src/stm32l4xx_hal_dma.o" --specs=nano.specs -mfpu=fpv4-sp-d16 -mfloat-abi=hard -mthumb -o "Drivers/STM32L4xx_HAL_Driver/Src/stm32l4xx_hal_dma.o"
arm-none-eabi-gcc "../Drivers/STM32L4xx_HAL_Driver/Src/stm32l4xx_hal_dma_ex.c" -mcpu=cortex-m4 -std=gnu11 -g3 -DDEBUG -DUSE_HAL_DRIVER -DSTM32L4A6xx -c -I../Core/Inc -I../Drivers/STM32L4xx_HAL_Driver/Inc -I../Drivers/STM32L4xx_HAL_Driver/Inc/Legacy -I../Drivers/CMSIS/Device/ST/STM32L4xx/Include -I../Drivers/CMSIS/Include -O0 -ffunction-sections -fdata-sections -Wall -fstack-usage -fcyclomatic-complexity -MMD -MP -MF"Drivers/STM32L4xx_HAL_Driver/Src/stm32l4xx_hal_dma_ex.d" -MT"Drivers/STM32L4xx_HAL_Driver/Src/stm32l4xx_hal_dma_ex.o" --specs=nano.specs -mfpu=fpv4-sp-d16 -mfloat-abi=hard -mthumb -o "Drivers/STM32L4xx_HAL_Driver/Src/stm32l4xx_hal_dma_ex.o"
arm-none-eabi-gcc "../Drivers/STM32L4xx_HAL_Driver/Src/stm32l4xx_hal_exti.c" -mcpu=cortex-m4 -std=gnu11 -g3 -DDEBUG -DUSE_HAL_DRIVER -DSTM32L4A6xx -c -I../Core/Inc -I../Drivers/STM32L4xx_HAL_Driver/Inc -I../Drivers/STM32L4xx_HAL_Driver/Inc/Legacy -I../Drivers/CMSIS/Device/ST/STM32L4xx/Include -I../Drivers/CMSIS/Include -O0 -ffunction-sections -fdata-sections -Wall -fstack-usage -fcyclomatic-complexity -MMD -MP -MF"Drivers/STM32L4xx_HAL_Driver/Src/stm32l4xx_hal_exti.d" -MT"Drivers/STM32L4xx_HAL_Driver/Src/stm32l4xx_hal_exti.o" --specs=nano.specs -mfpu=fpv4-sp-d16 -mfloat-abi=hard -mthumb -o "Drivers/STM32L4xx_HAL_Driver/Src/stm32l4xx_hal_exti.o"
arm-none-eabi-gcc "../Drivers/STM32L4xx_HAL_Driver/Src/stm32l4xx_hal_flash.c" -mcpu=cortex-m4 -std=gnu11 -g3 -DDEBUG -DUSE_HAL_DRIVER -DSTM32L4A6xx -c -I../Core/Inc -I../Drivers/STM32L4xx_HAL_Driver/Inc -I../Drivers/STM32L4xx_HAL_Driver/Inc/Legacy -I../Drivers/CMSIS/Device/ST/STM32L4xx/Include -I../Drivers/CMSIS/Include -O0 -ffunction-sections -fdata-sections -Wall -fstack-usage -fcyclomatic-complexity -MMD -MP -MF"Drivers/STM32L4xx_HAL_Driver/Src/stm32l4xx_hal_flash.d" -MT"Drivers/STM32L4xx_HAL_Driver/Src/stm32l4xx_hal_flash.o" --specs=nano.specs -mfpu=fpv4-sp-d16 -mfloat-abi=hard -mthumb -o "Drivers/STM32L4xx_HAL_Driver/Src/stm32l4xx_hal_flash.o"
arm-none-eabi-gcc "../Drivers/STM32L4xx_HAL_Driver/Src/stm32l4xx_hal_flash_ex.c" -mcpu=cortex-m4 -std=gnu11 -g3 -DDEBUG -DUSE_HAL_DRIVER -DSTM32L4A6xx -c -I../Core/Inc -I../Drivers/STM32L4xx_HAL_Driver/Inc -I../Drivers/STM32L4xx_HAL_Driver/Inc/Legacy -I../Drivers/CMSIS/Device/ST/STM32L4xx/Include -I../Drivers/CMSIS/Include -O0 -ffunction-sections -fdata-sections -Wall -fstack-usage -fcyclomatic-complexity -MMD -MP -MF"Drivers/STM32L4xx_HAL_Driver/Src/stm32l4xx_hal_flash_ex.d" -MT"Drivers/STM32L4xx_HAL_Driver/Src/stm32l4xx_hal_flash_ex.o" --specs=nano.specs -mfpu=fpv4-sp-d16 -mfloat-abi=hard -mthumb -o "Drivers/STM32L4xx_HAL_Driver/Src/stm32l4xx_hal_flash_ex.o"
arm-none-eabi-gcc "../Drivers/STM32L4xx_HAL_Driver/Src/stm32l4xx_hal_flash_ramfunc.c" -mcpu=cortex-m4 -std=gnu11 -g3 -DDEBUG -DUSE_HAL_DRIVER -DSTM32L4A6xx -c -I../Core/Inc -I../Drivers/STM32L4xx_HAL_Driver/Inc -I../Drivers/STM32L4xx_HAL_Driver/Inc/Legacy -I../Drivers/CMSIS/Device/ST/STM32L4xx/Include -I../Drivers/CMSIS/Include -O0 -ffunction-sections -fdata-sections -Wall -fstack-usage -fcyclomatic-complexity -MMD -MP -MF"Drivers/STM32L4xx_HAL_Driver/Src/stm32l4xx_hal_flash_ramfunc.d" -MT"Drivers/STM32L4xx_HAL_Driver/Src/stm32l4xx_hal_flash_ramfunc.o" --specs=nano.specs -mfpu=fpv4-sp-d16 -mfloat-abi=hard -mthumb -o "Drivers/STM32L4xx_HAL_Driver/Src/stm32l4xx_hal_flash_ramfunc.o"
arm-none-eabi-gcc "../Drivers/STM32L4xx_HAL_Driver/Src/stm32l4xx_hal_gpio.c" -mcpu=cortex-m4 -std=gnu11 -g3 -DDEBUG -DUSE_HAL_DRIVER -DSTM32L4A6xx -c -I../Core/Inc -I../Drivers/STM32L4xx_HAL_Driver/Inc -I../Drivers/STM32L4xx_HAL_Driver/Inc/Legacy -I../Drivers/CMSIS/Device/ST/STM32L4xx/Include -I../Drivers/CMSIS/Include -O0 -ffunction-sections -fdata-sections -Wall -fstack-usage -fcyclomatic-complexity -MMD -MP -MF"Drivers/STM32L4xx_HAL_Driver/Src/stm32l4xx_hal_gpio.d" -MT"Drivers/STM32L4xx_HAL_Driver/Src/stm32l4xx_hal_gpio.o" --specs=nano.specs -mfpu=fpv4-sp-d16 -mfloat-abi=hard -mthumb -o "Drivers/STM32L4xx_HAL_Driver/Src/stm32l4xx_hal_gpio.o"
arm-none-eabi-gcc "../Drivers/STM32L4xx_HAL_Driver/Src/stm32l4xx_hal_i2c.c" -mcpu=cortex-m4 -std=gnu11 -g3 -DDEBUG -DUSE_HAL_DRIVER -DSTM32L4A6xx -c -I../Core/Inc -I../Drivers/STM32L4xx_HAL_Driver/Inc -I../Drivers/STM32L4xx_HAL_Driver/Inc/Legacy -I../Drivers/CMSIS/Device/ST/STM32L4xx/Include -I../Drivers/CMSIS/Include -O0 -ffunction-sections -fdata-sections -Wall -fstack-usage -fcyclomatic-complexity -MMD -MP -MF"Drivers/STM32L4xx_HAL_Driver/Src/stm32l4xx_hal_i2c.d" -MT"Drivers/STM32L4xx_HAL_Driver/Src/stm32l4xx_hal_i2c.o" --specs=nano.specs -mfpu=fpv4-sp-d16 -mfloat-abi=hard -mthumb -o "Drivers/STM32L4xx_HAL_Driver/Src/stm32l4xx_hal_i2c.o"
arm-none-eabi-gcc "../Drivers/STM32L4xx_HAL_Driver/Src/stm32l4xx_hal_i2c_ex.c" -mcpu=cortex-m4 -std=gnu11 -g3 -DDEBUG -DUSE_HAL_DRIVER -DSTM32L4A6xx -c -I../Core/Inc -I../Drivers/STM32L4xx_HAL_Driver/Inc -I../Drivers/STM32L4xx_HAL_Driver/Inc/Legacy -I../Drivers/CMSIS/Device/ST/STM32L4xx/Include -I../Drivers/CMSIS/Include -O0 -ffunction-sections -fdata-sections -Wall -fstack-usage -fcyclomatic-complexity -MMD -MP -MF"Drivers/STM32L4xx_HAL_Driver/Src/stm32l4xx_hal_i2c_ex.d" -MT"Drivers/STM32L4xx_HAL_Driver/Src/stm32l4xx_hal_i2c_ex.o" --specs=nano.specs -mfpu=fpv4-sp-d16 -mfloat-abi=hard -mthumb -o "Drivers/STM32L4xx_HAL_Driver/Src/stm32l4xx_hal_i2c_ex.o"
arm-none-eabi-gcc "../Drivers/STM32L4xx_HAL_Driver/Src/stm32l4xx_hal_pwr.c" -mcpu=cortex-m4 -std=gnu11 -g3 -DDEBUG -DUSE_HAL_DRIVER -DSTM32L4A6xx -c -I../Core/Inc -I../Drivers/STM32L4xx_HAL_Driver/Inc -I../Drivers/STM32L4xx_HAL_Driver/Inc/Legacy -I../Drivers/CMSIS/Device/ST/STM32L4xx/Include -I../Drivers/CMSIS/Include -O0 -ffunction-sections -fdata-sections -Wall -fstack-usage -fcyclomatic-complexity -MMD -MP -MF"Drivers/STM32L4xx_HAL_Driver/Src/stm32l4xx_hal_pwr.d" -MT"Drivers/STM32L4xx_HAL_Driver/Src/stm32l4xx_hal_pwr.o" --specs=nano.specs -mfpu=fpv4-sp-d16 -mfloat-abi=hard -mthumb -o "Drivers/STM32L4xx_HAL_Driver/Src/stm32l4xx_hal_pwr.o"
arm-none-eabi-gcc "../Drivers/STM32L4xx_HAL_Driver/Src/stm32l4xx_hal_pwr_ex.c" -mcpu=cortex-m4 -std=gnu11 -g3 -DDEBUG -DUSE_HAL_DRIVER -DSTM32L4A6xx -c -I../Core/Inc -I../Drivers/STM32L4xx_HAL_Driver/Inc -I../Drivers/STM32L4xx_HAL_Driver/Inc/Legacy -I../Drivers/CMSIS/Device/ST/STM32L4xx/Include -I../Drivers/CMSIS/Include -O0 -ffunction-sections -fdata-sections -Wall -fstack-usage -fcyclomatic-complexity -MMD -MP -MF"Drivers/STM32L4xx_HAL_Driver/Src/stm32l4xx_hal_pwr_ex.d" -MT"Drivers/STM32L4xx_HAL_Driver/Src/stm32l4xx_hal_pwr_ex.o" --specs=nano.specs -mfpu=fpv4-sp-d16 -mfloat-abi=hard -mthumb -o "Drivers/STM32L4xx_HAL_Driver/Src/stm32l4xx_hal_pwr_ex.o"
arm-none-eabi-gcc "../Drivers/STM32L4xx_HAL_Driver/Src/stm32l4xx_hal_rcc.c" -mcpu=cortex-m4 -std=gnu11 -g3 -DDEBUG -DUSE_HAL_DRIVER -DSTM32L4A6xx -c -I../Core/Inc -I../Drivers/STM32L4xx_HAL_Driver/Inc -I../Drivers/STM32L4xx_HAL_Driver/Inc/Legacy -I../Drivers/CMSIS/Device/ST/STM32L4xx/Include -I../Drivers/CMSIS/Include -O0 -ffunction-sections -fdata-sections -Wall -fstack-usage -fcyclomatic-complexity -MMD -MP -MF"Drivers/STM32L4xx_HAL_Driver/Src/stm32l4xx_hal_rcc.d" -MT"Drivers/STM32L4xx_HAL_Driver/Src/stm32l4xx_hal_rcc.o" --specs=nano.specs -mfpu=fpv4-sp-d16 -mfloat-abi=hard -mthumb -o "Drivers/STM32L4xx_HAL_Driver/Src/stm32l4xx_hal_rcc.o"
arm-none-eabi-gcc "../Drivers/STM32L4xx_HAL_Driver/Src/stm32l4xx_hal_rcc_ex.c" -mcpu=cortex-m4 -std=gnu11 -g3 -DDEBUG -DUSE_HAL_DRIVER -DSTM32L4A6xx -c -I../Core/Inc -I../Drivers/STM32L4xx_HAL_Driver/Inc -I../Drivers/STM32L4xx_HAL_Driver/Inc/Legacy -I../Drivers/CMSIS/Device/ST/STM32L4xx/Include -I../Drivers/CMSIS/Include -O0 -ffunction-sections -fdata-sections -Wall -fstack-usage -fcyclomatic-complexity -MMD -MP -MF"Drivers/STM32L4xx_HAL_Driver/Src/stm32l4xx_hal_rcc_ex.d" -MT"Drivers/STM32L4xx_HAL_Driver/Src/stm32l4xx_hal_rcc_ex.o" --specs=nano.specs -mfpu=fpv4-sp-d16 -mfloat-abi=hard -mthumb -o "Drivers/STM32L4xx_HAL_Driver/Src/stm32l4xx_hal_rcc_ex.o"
arm-none-eabi-gcc "../Drivers/STM32L4xx_HAL_Driver/Src/stm32l4xx_hal_tim.c" -mcpu=cortex-m4 -std=gnu11 -g3 -DDEBUG -DUSE_HAL_DRIVER -DSTM32L4A6xx -c -I../Core/Inc -I../Drivers/STM32L4xx_HAL_Driver/Inc -I../Drivers/STM32L4xx_HAL_Driver/Inc/Legacy -I../Drivers/CMSIS/Device/ST/STM32L4xx/Include -I../Drivers/CMSIS/Include -O0 -ffunction-sections -fdata-sections -Wall -fstack-usage -fcyclomatic-complexity -MMD -MP -MF"Drivers/STM32L4xx_HAL_Driver/Src/stm32l4xx_hal_tim.d" -MT"Drivers/STM32L4xx_HAL_Driver/Src/stm32l4xx_hal_tim.o" --specs=nano.specs -mfpu=fpv4-sp-d16 -mfloat-abi=hard -mthumb -o "Drivers/STM32L4xx_HAL_Driver/Src/stm32l4xx_hal_tim.o"
arm-none-eabi-gcc "../Drivers/STM32L4xx_HAL_Driver/Src/stm32l4xx_hal_tim_ex.c" -mcpu=cortex-m4 -std=gnu11 -g3 -DDEBUG -DUSE_HAL_DRIVER -DSTM32L4A6xx -c -I../Core/Inc -I../Drivers/STM32L4xx_HAL_Driver/Inc -I../Drivers/STM32L4xx_HAL_Driver/Inc/Legacy -I../Drivers/CMSIS/Device/ST/STM32L4xx/Include -I../Drivers/CMSIS/Include -O0 -ffunction-sections -fdata-sections -Wall -fstack-usage -fcyclomatic-complexity -MMD -MP -MF"Drivers/STM32L4xx_HAL_Driver/Src/stm32l4xx_hal_tim_ex.d" -MT"Drivers/STM32L4xx_HAL_Driver/Src/stm32l4xx_hal_tim_ex.o" --specs=nano.specs -mfpu=fpv4-sp-d16 -mfloat-abi=hard -mthumb -o "Drivers/STM32L4xx_HAL_Driver/Src/stm32l4xx_hal_tim_ex.o"
arm-none-eabi-gcc -mcpu=cortex-m4 -g3 -DDEBUG -c -x assembler-with-cpp -MMD -MP -MF"Core/Startup/startup_stm32l4a6zgtx.d" -MT"Core/Startup/startup_stm32l4a6zgtx.o" --specs=nano.specs -mfpu=fpv4-sp-d16 -mfloat-abi=hard -mthumb -o "Core/Startup/startup_stm32l4a6zgtx.o" "../Core/Startup/startup_stm32l4a6zgtx.s"
arm-none-eabi-gcc "../Core/Src/dac.c" -mcpu=cortex-m4 -std=gnu11 -g3 -DDEBUG -DUSE_HAL_DRIVER -DSTM32L4A6xx -c -I../Core/Inc -I../Drivers/STM32L4xx_HAL_Driver/Inc -I../Drivers/STM32L4xx_HAL_Driver/Inc/Legacy -I../Drivers/CMSIS/Device/ST/STM32L4xx/Include -I../Drivers/CMSIS/Include -O0 -ffunction-sections -fdata-sections -Wall -fstack-usage -fcyclomatic-complexity -MMD -MP -MF"Core/Src/dac.d" -MT"Core/Src/dac.o" --specs=nano.specs -mfpu=fpv4-sp-d16 -mfloat-abi=hard -mthumb -o "Core/Src/dac.o"
arm-none-eabi-gcc "../Core/Src/main.c" -mcpu=cortex-m4 -std=gnu11 -g3 -DDEBUG -DUSE_HAL_DRIVER -DSTM32L4A6xx -c -I../Core/Inc -I../Drivers/STM32L4xx_HAL_Driver/Inc -I../Drivers/STM32L4xx_HAL_Driver/Inc/Legacy -I../Drivers/CMSIS/Device/ST/STM32L4xx/Include -I../Drivers/CMSIS/Include -O0 -ffunction-sections -fdata-sections -Wall -fstack-usage -fcyclomatic-complexity -MMD -MP -MF"Core/Src/main.d" -MT"Core/Src/main.o" --specs=nano.specs -mfpu=fpv4-sp-d16 -mfloat-abi=hard -mthumb -o "Core/Src/main.o"
arm-none-eabi-gcc "../Core/Src/stm32l4xx_hal_msp.c" -mcpu=cortex-m4 -std=gnu11 -g3 -DDEBUG -DUSE_HAL_DRIVER -DSTM32L4A6xx -c -I../Core/Inc -I../Drivers/STM32L4xx_HAL_Driver/Inc -I../Drivers/STM32L4xx_HAL_Driver/Inc/Legacy -I../Drivers/CMSIS/Device/ST/STM32L4xx/Include -I../Drivers/CMSIS/Include -O0 -ffunction-sections -fdata-sections -Wall -fstack-usage -fcyclomatic-complexity -MMD -MP -MF"Core/Src/stm32l4xx_hal_msp.d" -MT"Core/Src/stm32l4xx_hal_msp.o" --specs=nano.specs -mfpu=fpv4-sp-d16 -mfloat-abi=hard -mthumb -o "Core/Src/stm32l4xx_hal_msp.o"
arm-none-eabi-gcc "../Core/Src/stm32l4xx_it.c" -mcpu=cortex-m4 -std=gnu11 -g3 -DDEBUG -DUSE_HAL_DRIVER -DSTM32L4A6xx -c -I../Core/Inc -I../Drivers/STM32L4xx_HAL_Driver/Inc -I../Drivers/STM32L4xx_HAL_Driver/Inc/Legacy -I../Drivers/CMSIS/Device/ST/STM32L4xx/Include -I../Drivers/CMSIS/Include -O0 -ffunction-sections -fdata-sections -Wall -fstack-usage -fcyclomatic-complexity -MMD -MP -MF"Core/Src/stm32l4xx_it.d" -MT"Core/Src/stm32l4xx_it.o" --specs=nano.specs -mfpu=fpv4-sp-d16 -mfloat-abi=hard -mthumb -o "Core/Src/stm32l4xx_it.o"
arm-none-eabi-gcc "../Core/Src/syscalls.c" -mcpu=cortex-m4 -std=gnu11 -g3 -DDEBUG -DUSE_HAL_DRIVER -DSTM32L4A6xx -c -I../Core/Inc -I../Drivers/STM32L4xx_HAL_Driver/Inc -I../Drivers/STM32L4xx_HAL_Driver/Inc/Legacy -I../Drivers/CMSIS/Device/ST/STM32L4xx/Include -I../Drivers/CMSIS/Include -O0 -ffunction-sections -fdata-sections -Wall -fstack-usage -fcyclomatic-complexity -MMD -MP -MF"Core/Src/syscalls.d" -MT"Core/Src/syscalls.o" --specs=nano.specs -mfpu=fpv4-sp-d16 -mfloat-abi=hard -mthumb -o "Core/Src/syscalls.o"
arm-none-eabi-gcc "../Core/Src/sysmem.c" -mcpu=cortex-m4 -std=gnu11 -g3 -DDEBUG -DUSE_HAL_DRIVER -DSTM32L4A6xx -c -I../Core/Inc -I../Drivers/STM32L4xx_HAL_Driver/Inc -I../Drivers/STM32L4xx_HAL_Driver/Inc/Legacy -I../Drivers/CMSIS/Device/ST/STM32L4xx/Include -I../Drivers/CMSIS/Include -O0 -ffunction-sections -fdata-sections -Wall -fstack-usage -fcyclomatic-complexity -MMD -MP -MF"Core/Src/sysmem.d" -MT"Core/Src/sysmem.o" --specs=nano.specs -mfpu=fpv4-sp-d16 -mfloat-abi=hard -mthumb -o "Core/Src/sysmem.o"
arm-none-eabi-gcc "../Core/Src/system_stm32l4xx.c" -mcpu=cortex-m4 -std=gnu11 -g3 -DDEBUG -DUSE_HAL_DRIVER -DSTM32L4A6xx -c -I../Core/Inc -I../Drivers/STM32L4xx_HAL_Driver/Inc -I../Drivers/STM32L4xx_HAL_Driver/Inc/Legacy -I../Drivers/CMSIS/Device/ST/STM32L4xx/Include -I../Drivers/CMSIS/Include -O0 -ffunction-sections -fdata-sections -Wall -fstack-usage -fcyclomatic-complexity -MMD -MP -MF"Core/Src/system_stm32l4xx.d" -MT"Core/Src/system_stm32l4xx.o" --specs=nano.specs -mfpu=fpv4-sp-d16 -mfloat-abi=hard -mthumb -o "Core/Src/system_stm32l4xx.o"
arm-none-eabi-gcc "../Core/Src/uart.c" -mcpu=cortex-m4 -std=gnu11 -g3 -DDEBUG -DUSE_HAL_DRIVER -DSTM32L4A6xx -c -I../Core/Inc -I../Drivers/STM32L4xx_HAL_Driver/Inc -I../Drivers/STM32L4xx_HAL_Driver/Inc/Legacy -I../Drivers/CMSIS/Device/ST/STM32L4xx/Include -I../Drivers/CMSIS/Include -O0 -ffunction-sections -fdata-sections -Wall -fstack-usage -fcyclomatic-complexity -MMD -MP -MF"Core/Src/uart.d" -MT"Core/Src/uart.o" --specs=nano.specs -mfpu=fpv4-sp-d16 -mfloat-abi=hard -mthumb -o "Core/Src/uart.o"
../Core/Src/main.c: In function 'main':
../Core/Src/main.c:50:6: warning: unused variable 'iLoopFlag' [-Wunused-variable]
   50 |  int iLoopFlag = 1;
      |      ^~~~~~~~~
../Core/Src/main.c: At top level:
../Core/Src/main.c:64:1: error: expected identifier or '(' before '}' token
   64 | }
      | ^
make: *** [Core/Src/subdir.mk:40: Core/Src/main.o] Error 1
make: *** Waiting for unfinished jobs....
"make -j16 all" terminated with exit code 2. Build might be incomplete.
22:09:57 **** Incremental Build of configuration Debug for project A5 ****
make -j16 all 
arm-none-eabi-gcc "../Core/Src/main.c" -mcpu=cortex-m4 -std=gnu11 -g3 -DDEBUG -DUSE_HAL_DRIVER -DSTM32L4A6xx -c -I../Core/Inc -I../Drivers/STM32L4xx_HAL_Driver/Inc -I../Drivers/STM32L4xx_HAL_Driver/Inc/Legacy -I../Drivers/CMSIS/Device/ST/STM32L4xx/Include -I../Drivers/CMSIS/Include -O0 -ffunction-sections -fdata-sections -Wall -fstack-usage -fcyclomatic-complexity -MMD -MP -MF"Core/Src/main.d" -MT"Core/Src/main.o" --specs=nano.specs -mfpu=fpv4-sp-d16 -mfloat-abi=hard -mthumb -o "Core/Src/main.o"
../Core/Src/main.c: In function 'main':
../Core/Src/main.c:50:6: warning: unused variable 'iLoopFlag' [-Wunused-variable]
   50 |  int iLoopFlag = 1;
      |      ^~~~~~~~~
arm-none-eabi-gcc -o "A5.elf" @"objects.list"   -mcpu=cortex-m4 -T"C:\Users\rahee\Documents\CPE329\A5\STM32L4A6ZGTX_FLASH.ld" --specs=nosys.specs -Wl,-Map="A5.map" -Wl,--gc-sections -static --specs=nano.specs -mfpu=fpv4-sp-d16 -mfloat-abi=hard -mthumb -Wl,--start-group -lc -lm -Wl,--end-group
Finished building target: A5.elf
 
arm-none-eabi-size  A5.elf 
arm-none-eabi-objdump -h -S A5.elf  > "A5.list"
   text	   data	    bss	    dec	    hex	filename
   6328	     12	   1580	   7920	   1ef0	A5.elf
Finished building: default.size.stdout
 
Finished building: A5.list
 
22:28:01 **** Incremental Build of configuration Debug for project A5 ****
make -j16 all 
arm-none-eabi-gcc "../Core/Src/main.c" -mcpu=cortex-m4 -std=gnu11 -g3 -DDEBUG -DUSE_HAL_DRIVER -DSTM32L4A6xx -c -I../Core/Inc -I../Drivers/STM32L4xx_HAL_Driver/Inc -I../Drivers/STM32L4xx_HAL_Driver/Inc/Legacy -I../Drivers/CMSIS/Device/ST/STM32L4xx/Include -I../Drivers/CMSIS/Include -O0 -ffunction-sections -fdata-sections -Wall -fstack-usage -fcyclomatic-complexity -MMD -MP -MF"Core/Src/main.d" -MT"Core/Src/main.o" --specs=nano.specs -mfpu=fpv4-sp-d16 -mfloat-abi=hard -mthumb -o "Core/Src/main.o"
../Core/Src/main.c: In function 'main':
../Core/Src/main.c:50:6: warning: unused variable 'iLoopFlag' [-Wunused-variable]
   50 |  int iLoopFlag = 1;
      |      ^~~~~~~~~
arm-none-eabi-gcc -o "A5.elf" @"objects.list"   -mcpu=cortex-m4 -T"C:\Users\rahee\Documents\CPE329\A5\STM32L4A6ZGTX_FLASH.ld" --specs=nosys.specs -Wl,-Map="A5.map" -Wl,--gc-sections -static --specs=nano.specs -mfpu=fpv4-sp-d16 -mfloat-abi=hard -mthumb -Wl,--start-group -lc -lm -Wl,--end-group
Finished building target: A5.elf
 
arm-none-eabi-size  A5.elf 
arm-none-eabi-objdump -h -S A5.elf  > "A5.list"
   text	   data	    bss	    dec	    hex	filename
   6356	     12	   1580	   7948	   1f0c	A5.elf
Finished building: default.size.stdout
 
Finished building: A5.list
 
22:32:35 **** Incremental Build of configuration Debug for project A5 ****
make -j16 all 
arm-none-eabi-gcc "../Core/Src/main.c" -mcpu=cortex-m4 -std=gnu11 -g3 -DDEBUG -DUSE_HAL_DRIVER -DSTM32L4A6xx -c -I../Core/Inc -I../Drivers/STM32L4xx_HAL_Driver/Inc -I../Drivers/STM32L4xx_HAL_Driver/Inc/Legacy -I../Drivers/CMSIS/Device/ST/STM32L4xx/Include -I../Drivers/CMSIS/Include -O0 -ffunction-sections -fdata-sections -Wall -fstack-usage -fcyclomatic-complexity -MMD -MP -MF"Core/Src/main.d" -MT"Core/Src/main.o" --specs=nano.specs -mfpu=fpv4-sp-d16 -mfloat-abi=hard -mthumb -o "Core/Src/main.o"
../Core/Src/main.c: In function 'main':
../Core/Src/main.c:50:6: warning: unused variable 'iLoopFlag' [-Wunused-variable]
   50 |  int iLoopFlag = 1;
      |      ^~~~~~~~~
arm-none-eabi-gcc -o "A5.elf" @"objects.list"   -mcpu=cortex-m4 -T"C:\Users\rahee\Documents\CPE329\A5\STM32L4A6ZGTX_FLASH.ld" --specs=nosys.specs -Wl,-Map="A5.map" -Wl,--gc-sections -static --specs=nano.specs -mfpu=fpv4-sp-d16 -mfloat-abi=hard -mthumb -Wl,--start-group -lc -lm -Wl,--end-group
Finished building target: A5.elf
 
arm-none-eabi-size  A5.elf 
arm-none-eabi-objdump -h -S A5.elf  > "A5.list"
   text	   data	    bss	    dec	    hex	filename
   6380	     12	   1580	   7972	   1f24	A5.elf
Finished building: default.size.stdout
 
Finished building: A5.list
 
22:41:22 **** Incremental Build of configuration Debug for project A5 ****
make -j16 all 
arm-none-eabi-gcc "../Core/Src/main.c" -mcpu=cortex-m4 -std=gnu11 -g3 -DDEBUG -DUSE_HAL_DRIVER -DSTM32L4A6xx -c -I../Core/Inc -I../Drivers/STM32L4xx_HAL_Driver/Inc -I../Drivers/STM32L4xx_HAL_Driver/Inc/Legacy -I../Drivers/CMSIS/Device/ST/STM32L4xx/Include -I../Drivers/CMSIS/Include -O0 -ffunction-sections -fdata-sections -Wall -fstack-usage -fcyclomatic-complexity -MMD -MP -MF"Core/Src/main.d" -MT"Core/Src/main.o" --specs=nano.specs -mfpu=fpv4-sp-d16 -mfloat-abi=hard -mthumb -o "Core/Src/main.o"
../Core/Src/main.c: In function 'main':
../Core/Src/main.c:50:6: warning: unused variable 'iLoopFlag' [-Wunused-variable]
   50 |  int iLoopFlag = 1;
      |      ^~~~~~~~~
arm-none-eabi-gcc -o "A5.elf" @"objects.list"   -mcpu=cortex-m4 -T"C:\Users\rahee\Documents\CPE329\A5\STM32L4A6ZGTX_FLASH.ld" --specs=nosys.specs -Wl,-Map="A5.map" -Wl,--gc-sections -static --specs=nano.specs -mfpu=fpv4-sp-d16 -mfloat-abi=hard -mthumb -Wl,--start-group -lc -lm -Wl,--end-group
Finished building target: A5.elf
 
arm-none-eabi-size  A5.elf 
arm-none-eabi-objdump -h -S A5.elf  > "A5.list"
   text	   data	    bss	    dec	    hex	filename
   6380	     12	   1580	   7972	   1f24	A5.elf
Finished building: default.size.stdout
 
Finished building: A5.list
 
22:43:58 **** Incremental Build of configuration Debug for project A5 ****
make -j16 all 
arm-none-eabi-gcc "../Core/Src/main.c" -mcpu=cortex-m4 -std=gnu11 -g3 -DDEBUG -DUSE_HAL_DRIVER -DSTM32L4A6xx -c -I../Core/Inc -I../Drivers/STM32L4xx_HAL_Driver/Inc -I../Drivers/STM32L4xx_HAL_Driver/Inc/Legacy -I../Drivers/CMSIS/Device/ST/STM32L4xx/Include -I../Drivers/CMSIS/Include -O0 -ffunction-sections -fdata-sections -Wall -fstack-usage -fcyclomatic-complexity -MMD -MP -MF"Core/Src/main.d" -MT"Core/Src/main.o" --specs=nano.specs -mfpu=fpv4-sp-d16 -mfloat-abi=hard -mthumb -o "Core/Src/main.o"
../Core/Src/main.c: In function 'main':
../Core/Src/main.c:50:6: warning: unused variable 'iLoopFlag' [-Wunused-variable]
   50 |  int iLoopFlag = 1;
      |      ^~~~~~~~~
arm-none-eabi-gcc -o "A5.elf" @"objects.list"   -mcpu=cortex-m4 -T"C:\Users\rahee\Documents\CPE329\A5\STM32L4A6ZGTX_FLASH.ld" --specs=nosys.specs -Wl,-Map="A5.map" -Wl,--gc-sections -static --specs=nano.specs -mfpu=fpv4-sp-d16 -mfloat-abi=hard -mthumb -Wl,--start-group -lc -lm -Wl,--end-group
Finished building target: A5.elf
 
arm-none-eabi-size  A5.elf 
arm-none-eabi-objdump -h -S A5.elf  > "A5.list"
   text	   data	    bss	    dec	    hex	filename
   6424	     12	   1580	   8016	   1f50	A5.elf
Finished building: default.size.stdout
 
Finished building: A5.list
 
22:47:32 **** Incremental Build of configuration Debug for project A5 ****
make -j16 all 
arm-none-eabi-gcc "../Core/Src/main.c" -mcpu=cortex-m4 -std=gnu11 -g3 -DDEBUG -DUSE_HAL_DRIVER -DSTM32L4A6xx -c -I../Core/Inc -I../Drivers/STM32L4xx_HAL_Driver/Inc -I../Drivers/STM32L4xx_HAL_Driver/Inc/Legacy -I../Drivers/CMSIS/Device/ST/STM32L4xx/Include -I../Drivers/CMSIS/Include -O0 -ffunction-sections -fdata-sections -Wall -fstack-usage -fcyclomatic-complexity -MMD -MP -MF"Core/Src/main.d" -MT"Core/Src/main.o" --specs=nano.specs -mfpu=fpv4-sp-d16 -mfloat-abi=hard -mthumb -o "Core/Src/main.o"
../Core/Src/main.c: In function 'main':
../Core/Src/main.c:50:6: warning: unused variable 'iLoopFlag' [-Wunused-variable]
   50 |  int iLoopFlag = 1;
      |      ^~~~~~~~~
arm-none-eabi-gcc -o "A5.elf" @"objects.list"   -mcpu=cortex-m4 -T"C:\Users\rahee\Documents\CPE329\A5\STM32L4A6ZGTX_FLASH.ld" --specs=nosys.specs -Wl,-Map="A5.map" -Wl,--gc-sections -static --specs=nano.specs -mfpu=fpv4-sp-d16 -mfloat-abi=hard -mthumb -Wl,--start-group -lc -lm -Wl,--end-group
Finished building target: A5.elf
 
arm-none-eabi-size  A5.elf 
arm-none-eabi-objdump -h -S A5.elf  > "A5.list"
   text	   data	    bss	    dec	    hex	filename
   6388	     12	   1580	   7980	   1f2c	A5.elf
Finished building: default.size.stdout
 
Finished building: A5.list
 
22:48:12 **** Incremental Build of configuration Debug for project A5 ****
make -j16 all 
arm-none-eabi-gcc "../Core/Src/main.c" -mcpu=cortex-m4 -std=gnu11 -g3 -DDEBUG -DUSE_HAL_DRIVER -DSTM32L4A6xx -c -I../Core/Inc -I../Drivers/STM32L4xx_HAL_Driver/Inc -I../Drivers/STM32L4xx_HAL_Driver/Inc/Legacy -I../Drivers/CMSIS/Device/ST/STM32L4xx/Include -I../Drivers/CMSIS/Include -O0 -ffunction-sections -fdata-sections -Wall -fstack-usage -fcyclomatic-complexity -MMD -MP -MF"Core/Src/main.d" -MT"Core/Src/main.o" --specs=nano.specs -mfpu=fpv4-sp-d16 -mfloat-abi=hard -mthumb -o "Core/Src/main.o"
../Core/Src/main.c: In function 'main':
../Core/Src/main.c:50:6: warning: unused variable 'iLoopFlag' [-Wunused-variable]
   50 |  int iLoopFlag = 1;
      |      ^~~~~~~~~
arm-none-eabi-gcc -o "A5.elf" @"objects.list"   -mcpu=cortex-m4 -T"C:\Users\rahee\Documents\CPE329\A5\STM32L4A6ZGTX_FLASH.ld" --specs=nosys.specs -Wl,-Map="A5.map" -Wl,--gc-sections -static --specs=nano.specs -mfpu=fpv4-sp-d16 -mfloat-abi=hard -mthumb -Wl,--start-group -lc -lm -Wl,--end-group
Finished building target: A5.elf
 
arm-none-eabi-size  A5.elf 
arm-none-eabi-objdump -h -S A5.elf  > "A5.list"
   text	   data	    bss	    dec	    hex	filename
   6388	     12	   1580	   7980	   1f2c	A5.elf
Finished building: default.size.stdout
 
Finished building: A5.list
 
22:48:47 **** Incremental Build of configuration Debug for project A5 ****
make -j16 all 
arm-none-eabi-gcc "../Core/Src/main.c" -mcpu=cortex-m4 -std=gnu11 -g3 -DDEBUG -DUSE_HAL_DRIVER -DSTM32L4A6xx -c -I../Core/Inc -I../Drivers/STM32L4xx_HAL_Driver/Inc -I../Drivers/STM32L4xx_HAL_Driver/Inc/Legacy -I../Drivers/CMSIS/Device/ST/STM32L4xx/Include -I../Drivers/CMSIS/Include -O0 -ffunction-sections -fdata-sections -Wall -fstack-usage -fcyclomatic-complexity -MMD -MP -MF"Core/Src/main.d" -MT"Core/Src/main.o" --specs=nano.specs -mfpu=fpv4-sp-d16 -mfloat-abi=hard -mthumb -o "Core/Src/main.o"
../Core/Src/main.c: In function 'main':
../Core/Src/main.c:50:6: warning: unused variable 'iLoopFlag' [-Wunused-variable]
   50 |  int iLoopFlag = 1;
      |      ^~~~~~~~~
arm-none-eabi-gcc -o "A5.elf" @"objects.list"   -mcpu=cortex-m4 -T"C:\Users\rahee\Documents\CPE329\A5\STM32L4A6ZGTX_FLASH.ld" --specs=nosys.specs -Wl,-Map="A5.map" -Wl,--gc-sections -static --specs=nano.specs -mfpu=fpv4-sp-d16 -mfloat-abi=hard -mthumb -Wl,--start-group -lc -lm -Wl,--end-group
Finished building target: A5.elf
 
arm-none-eabi-size  A5.elf 
arm-none-eabi-objdump -h -S A5.elf  > "A5.list"
   text	   data	    bss	    dec	    hex	filename
   6392	     12	   1580	   7984	   1f30	A5.elf
Finished building: default.size.stdout
 
Finished building: A5.list
 
22:49:08 **** Incremental Build of configuration Debug for project A5 ****
make -j16 all 
arm-none-eabi-gcc "../Core/Src/main.c" -mcpu=cortex-m4 -std=gnu11 -g3 -DDEBUG -DUSE_HAL_DRIVER -DSTM32L4A6xx -c -I../Core/Inc -I../Drivers/STM32L4xx_HAL_Driver/Inc -I../Drivers/STM32L4xx_HAL_Driver/Inc/Legacy -I../Drivers/CMSIS/Device/ST/STM32L4xx/Include -I../Drivers/CMSIS/Include -O0 -ffunction-sections -fdata-sections -Wall -fstack-usage -fcyclomatic-complexity -MMD -MP -MF"Core/Src/main.d" -MT"Core/Src/main.o" --specs=nano.specs -mfpu=fpv4-sp-d16 -mfloat-abi=hard -mthumb -o "Core/Src/main.o"
../Core/Src/main.c: In function 'main':
[...]
arm-none-eabi-gcc "../Core/Src/main.c" -mcpu=cortex-m4 -std=gnu11 -g3 -DDEBUG -DUSE_HAL_DRIVER -DSTM32L4A6xx -c -I../Core/Inc -I../Drivers/STM32L4xx_HAL_Driver/Inc -I../Drivers/STM32L4xx_HAL_Driver/Inc/Legacy -I../Drivers/CMSIS/Device/ST/STM32L4xx/Include -I../Drivers/CMSIS/Include -O0 -ffunction-sections -fdata-sections -Wall -fstack-usage -fcyclomatic-complexity -MMD -MP -MF"Core/Src/main.d" -MT"Core/Src/main.o" --specs=nano.specs -mfpu=fpv4-sp-d16 -mfloat-abi=hard -mthumb -o "Core/Src/main.o"
arm-none-eabi-gcc "../Core/Src/stm32l4xx_hal_msp.c" -mcpu=cortex-m4 -std=gnu11 -g3 -DDEBUG -DUSE_HAL_DRIVER -DSTM32L4A6xx -c -I../Core/Inc -I../Drivers/STM32L4xx_HAL_Driver/Inc -I../Drivers/STM32L4xx_HAL_Driver/Inc/Legacy -I../Drivers/CMSIS/Device/ST/STM32L4xx/Include -I../Drivers/CMSIS/Include -O0 -ffunction-sections -fdata-sections -Wall -fstack-usage -fcyclomatic-complexity -MMD -MP -MF"Core/Src/stm32l4xx_hal_msp.d" -MT"Core/Src/stm32l4xx_hal_msp.o" --specs=nano.specs -mfpu=fpv4-sp-d16 -mfloat-abi=hard -mthumb -o "Core/Src/stm32l4xx_hal_msp.o"
arm-none-eabi-gcc "../Core/Src/stm32l4xx_it.c" -mcpu=cortex-m4 -std=gnu11 -g3 -DDEBUG -DUSE_HAL_DRIVER -DSTM32L4A6xx -c -I../Core/Inc -I../Drivers/STM32L4xx_HAL_Driver/Inc -I../Drivers/STM32L4xx_HAL_Driver/Inc/Legacy -I../Drivers/CMSIS/Device/ST/STM32L4xx/Include -I../Drivers/CMSIS/Include -O0 -ffunction-sections -fdata-sections -Wall -fstack-usage -fcyclomatic-complexity -MMD -MP -MF"Core/Src/stm32l4xx_it.d" -MT"Core/Src/stm32l4xx_it.o" --specs=nano.specs -mfpu=fpv4-sp-d16 -mfloat-abi=hard -mthumb -o "Core/Src/stm32l4xx_it.o"
arm-none-eabi-gcc "../Core/Src/syscalls.c" -mcpu=cortex-m4 -std=gnu11 -g3 -DDEBUG -DUSE_HAL_DRIVER -DSTM32L4A6xx -c -I../Core/Inc -I../Drivers/STM32L4xx_HAL_Driver/Inc -I../Drivers/STM32L4xx_HAL_Driver/Inc/Legacy -I../Drivers/CMSIS/Device/ST/STM32L4xx/Include -I../Drivers/CMSIS/Include -O0 -ffunction-sections -fdata-sections -Wall -fstack-usage -fcyclomatic-complexity -MMD -MP -MF"Core/Src/syscalls.d" -MT"Core/Src/syscalls.o" --specs=nano.specs -mfpu=fpv4-sp-d16 -mfloat-abi=hard -mthumb -o "Core/Src/syscalls.o"
arm-none-eabi-gcc "../Core/Src/sysmem.c" -mcpu=cortex-m4 -std=gnu11 -g3 -DDEBUG -DUSE_HAL_DRIVER -DSTM32L4A6xx -c -I../Core/Inc -I../Drivers/STM32L4xx_HAL_Driver/Inc -I../Drivers/STM32L4xx_HAL_Driver/Inc/Legacy -I../Drivers/CMSIS/Device/ST/STM32L4xx/Include -I../Drivers/CMSIS/Include -O0 -ffunction-sections -fdata-sections -Wall -fstack-usage -fcyclomatic-complexity -MMD -MP -MF"Core/Src/sysmem.d" -MT"Core/Src/sysmem.o" --specs=nano.specs -mfpu=fpv4-sp-d16 -mfloat-abi=hard -mthumb -o "Core/Src/sysmem.o"
arm-none-eabi-gcc "../Core/Src/system_stm32l4xx.c" -mcpu=cortex-m4 -std=gnu11 -g3 -DDEBUG -DUSE_HAL_DRIVER -DSTM32L4A6xx -c -I../Core/Inc -I../Drivers/STM32L4xx_HAL_Driver/Inc -I../Drivers/STM32L4xx_HAL_Driver/Inc/Legacy -I../Drivers/CMSIS/Device/ST/STM32L4xx/Include -I../Drivers/CMSIS/Include -O0 -ffunction-sections -fdata-sections -Wall -fstack-usage -fcyclomatic-complexity -MMD -MP -MF"Core/Src/system_stm32l4xx.d" -MT"Core/Src/system_stm32l4xx.o" --specs=nano.specs -mfpu=fpv4-sp-d16 -mfloat-abi=hard -mthumb -o "Core/Src/system_stm32l4xx.o"
../Core/Src/main.c:39:1: warning: "/*" within comment [-Wcomment]
   39 | /* USER CODE END Header */
      |  
arm-none-eabi-gcc -o "A3.elf" @"objects.list"   -mcpu=cortex-m4 -T"C:\Users\rahee\Documents\CPE329\A3\STM32L4A6ZGTX_FLASH.ld" --specs=nosys.specs -Wl,-Map="A3.map" -Wl,--gc-sections -static --specs=nano.specs -mfpu=fpv4-sp-d16 -mfloat-abi=hard -mthumb -Wl,--start-group -lc -lm -Wl,--end-group
Finished building target: A3.elf
 
arm-none-eabi-size  A3.elf 
arm-none-eabi-objdump -h -S A3.elf  > "A3.list"
   text	   data	    bss	    dec	    hex	filename
   7440	     12	   1572	   9024	   2340	A3.elf
Finished building: default.size.stdout
 
Finished building: A3.list
 
01:18:57 **** Incremental Build of configuration Debug for project A5 ****
make -j16 all 
arm-none-eabi-gcc "../Core/Src/main.c" -mcpu=cortex-m4 -std=gnu11 -g3 -DDEBUG -DUSE_HAL_DRIVER -DSTM32L4A6xx -c -I../Core/Inc -I../Drivers/STM32L4xx_HAL_Driver/Inc -I../Drivers/STM32L4xx_HAL_Driver/Inc/Legacy -I../Drivers/CMSIS/Device/ST/STM32L4xx/Include -I../Drivers/CMSIS/Include -O0 -ffunction-sections -fdata-sections -Wall -fstack-usage -fcyclomatic-complexity -MMD -MP -MF"Core/Src/main.d" -MT"Core/Src/main.o" --specs=nano.specs -mfpu=fpv4-sp-d16 -mfloat-abi=hard -mthumb -o "Core/Src/main.o"
../Core/Src/main.c: In function 'main':
../Core/Src/main.c:61:74: error: expected expression before ')' token
   61 |          if ( (keyPressed != lastKeyPressed) && (keyPressed != '\0') &&  ){
      |                                                                          ^
../Core/Src/main.c:83:36: error: 'count' undeclared (first use in this function); did you mean 'iCount'?
   83 |                           else if (count < 3){
      |                                    ^~~~~
      |                                    iCount
../Core/Src/main.c:83:36: note: each undeclared identifier is reported only once for each function it appears in
../Core/Src/main.c:93:41: warning: unused variable 'iDacVolt' [-Wunused-variable]
   93 |                           dac_data_type iDacVolt = DAC_volt_conv( iVoltage );
      |                                         ^~~~~~~~
../Core/Src/main.c:49:6: warning: variable 'iLoopFlag' set but not used [-Wunused-but-set-variable]
   49 |  int iLoopFlag = 1;
      |      ^~~~~~~~~
make: *** [Core/Src/subdir.mk:43: Core/Src/main.o] Error 1
"make -j16 all" terminated with exit code 2. Build might be incomplete.
01:21:03 **** Incremental Build of configuration Debug for project A5 ****
make -j16 all 
arm-none-eabi-gcc "../Core/Src/main.c" -mcpu=cortex-m4 -std=gnu11 -g3 -DDEBUG -DUSE_HAL_DRIVER -DSTM32L4A6xx -c -I../Core/Inc -I../Drivers/STM32L4xx_HAL_Driver/Inc -I../Drivers/STM32L4xx_HAL_Driver/Inc/Legacy -I../Drivers/CMSIS/Device/ST/STM32L4xx/Include -I../Drivers/CMSIS/Include -O0 -ffunction-sections -fdata-sections -Wall -fstack-usage -fcyclomatic-complexity -MMD -MP -MF"Core/Src/main.d" -MT"Core/Src/main.o" --specs=nano.specs -mfpu=fpv4-sp-d16 -mfloat-abi=hard -mthumb -o "Core/Src/main.o"
../Core/Src/main.c: In function 'main':
../Core/Src/main.c:92:41: warning: unused variable 'iDacVolt' [-Wunused-variable]
   92 |                           dac_data_type iDacVolt = DAC_volt_conv( iVoltage );
      |                                         ^~~~~~~~
../Core/Src/main.c:49:6: warning: variable 'iLoopFlag' set but not used [-Wunused-but-set-variable]
   49 |  int iLoopFlag = 1;
      |      ^~~~~~~~~
../Core/Src/main.c:61:13: warning: 'lastKeyPressed' is used uninitialized [-Wuninitialized]
   61 |          if ( (keyPressed != lastKeyPressed) && (keyPressed != '\0') && (keyPressed != '*') ){
      |             ^
../Core/Src/main.c:53:10: note: 'lastKeyPressed' was declared here
   53 |  uint8_t lastKeyPressed;
      |          ^~~~~~~~~~~~~~
arm-none-eabi-gcc -o "A5.elf" @"objects.list"   -mcpu=cortex-m4 -T"C:\Users\rahee\Documents\CPE329\A5\STM32L4A6ZGTX_FLASH.ld" --specs=nosys.specs -Wl,-Map="A5.map" -Wl,--gc-sections -static --specs=nano.specs -mfpu=fpv4-sp-d16 -mfloat-abi=hard -mthumb -Wl,--start-group -lc -lm -Wl,--end-group
Finished building target: A5.elf
 
arm-none-eabi-size  A5.elf 
arm-none-eabi-objdump -h -S A5.elf  > "A5.list"
   text	   data	    bss	    dec	    hex	filename
   6608	     12	   1572	   8192	   2000	A5.elf
Finished building: default.size.stdout
 
Finished building: A5.list
 
01:22:35 **** Incremental Build of configuration Debug for project A5 ****
make -j16 all 
arm-none-eabi-gcc "../Core/Src/main.c" -mcpu=cortex-m4 -std=gnu11 -g3 -DDEBUG -DUSE_HAL_DRIVER -DSTM32L4A6xx -c -I../Core/Inc -I../Drivers/STM32L4xx_HAL_Driver/Inc -I../Drivers/STM32L4xx_HAL_Driver/Inc/Legacy -I../Drivers/CMSIS/Device/ST/STM32L4xx/Include -I../Drivers/CMSIS/Include -O0 -ffunction-sections -fdata-sections -Wall -fstack-usage -fcyclomatic-complexity -MMD -MP -MF"Core/Src/main.d" -MT"Core/Src/main.o" --specs=nano.specs -mfpu=fpv4-sp-d16 -mfloat-abi=hard -mthumb -o "Core/Src/main.o"
../Core/Src/main.c: In function 'main':
../Core/Src/main.c:92:41: warning: unused variable 'iDacVolt' [-Wunused-variable]
   92 |                           dac_data_type iDacVolt = DAC_volt_conv( iVoltage );
      |                                         ^~~~~~~~
../Core/Src/main.c:49:6: warning: variable 'iLoopFlag' set but not used [-Wunused-but-set-variable]
   49 |  int iLoopFlag = 1;
      |      ^~~~~~~~~
../Core/Src/main.c:61:13: warning: 'lastKeyPressed' is used uninitialized [-Wuninitialized]
   61 |          if ( (keyPressed != lastKeyPressed) && (keyPressed != '\0') && (keyPressed != '*') ){
      |             ^
../Core/Src/main.c:53:10: note: 'lastKeyPressed' was declared here
   53 |  uint8_t lastKeyPressed;
      |          ^~~~~~~~~~~~~~
arm-none-eabi-gcc -o "A5.elf" @"objects.list"   -mcpu=cortex-m4 -T"C:\Users\rahee\Documents\CPE329\A5\STM32L4A6ZGTX_FLASH.ld" --specs=nosys.specs -Wl,-Map="A5.map" -Wl,--gc-sections -static --specs=nano.specs -mfpu=fpv4-sp-d16 -mfloat-abi=hard -mthumb -Wl,--start-group -lc -lm -Wl,--end-group
Finished building target: A5.elf
 
arm-none-eabi-size  A5.elf 
arm-none-eabi-objdump -h -S A5.elf  > "A5.list"
   text	   data	    bss	    dec	    hex	filename
   6608	     12	   1572	   8192	   2000	A5.elf
Finished building: default.size.stdout
 
Finished building: A5.list
 
01:24:17 **** Incremental Build of configuration Debug for project A5 ****
make -j16 all 
arm-none-eabi-gcc "../Core/Src/main.c" -mcpu=cortex-m4 -std=gnu11 -g3 -DDEBUG -DUSE_HAL_DRIVER -DSTM32L4A6xx -c -I../Core/Inc -I../Drivers/STM32L4xx_HAL_Driver/Inc -I../Drivers/STM32L4xx_HAL_Driver/Inc/Legacy -I../Drivers/CMSIS/Device/ST/STM32L4xx/Include -I../Drivers/CMSIS/Include -O0 -ffunction-sections -fdata-sections -Wall -fstack-usage -fcyclomatic-complexity -MMD -MP -MF"Core/Src/main.d" -MT"Core/Src/main.o" --specs=nano.specs -mfpu=fpv4-sp-d16 -mfloat-abi=hard -mthumb -o "Core/Src/main.o"
../Core/Src/main.c: In function 'main':
../Core/Src/main.c:92:41: warning: unused variable 'iDacVolt' [-Wunused-variable]
   92 |                           dac_data_type iDacVolt = DAC_volt_conv( iVoltage );
      |                                         ^~~~~~~~
../Core/Src/main.c:49:6: warning: unused variable 'iLoopFlag' [-Wunused-variable]
   49 |  int iLoopFlag = 1;
      |      ^~~~~~~~~
../Core/Src/main.c:61:13: warning: 'lastKeyPressed' is used uninitialized [-Wuninitialized]
   61 |          if ( (keyPressed != lastKeyPressed) && (keyPressed != '\0') && (keyPressed != '*') ){
      |             ^
../Core/Src/main.c:53:10: note: 'lastKeyPressed' was declared here
   53 |  uint8_t lastKeyPressed;
      |          ^~~~~~~~~~~~~~
arm-none-eabi-gcc -o "A5.elf" @"objects.list"   -mcpu=cortex-m4 -T"C:\Users\rahee\Documents\CPE329\A5\STM32L4A6ZGTX_FLASH.ld" --specs=nosys.specs -Wl,-Map="A5.map" -Wl,--gc-sections -static --specs=nano.specs -mfpu=fpv4-sp-d16 -mfloat-abi=hard -mthumb -Wl,--start-group -lc -lm -Wl,--end-group
Finished building target: A5.elf
 
arm-none-eabi-size  A5.elf 
arm-none-eabi-objdump -h -S A5.elf  > "A5.list"
   text	   data	    bss	    dec	    hex	filename
   6604	     12	   1572	   8188	   1ffc	A5.elf
Finished building: default.size.stdout
 
Finished building: A5.list
 
01:26:54 **** Incremental Build of configuration Debug for project A5 ****
make -j16 all 
arm-none-eabi-size  A5.elf 
   text	   data	    bss	    dec	    hex	filename
   6604	     12	   1572	   8188	   1ffc	A5.elf
Finished building: default.size.stdout
 
01:31:50 **** Incremental Build of configuration Debug for project A5 ****
make -j16 all 
arm-none-eabi-gcc "../Core/Src/main.c" -mcpu=cortex-m4 -std=gnu11 -g3 -DDEBUG -DUSE_HAL_DRIVER -DSTM32L4A6xx -c -I../Core/Inc -I../Drivers/STM32L4xx_HAL_Driver/Inc -I../Drivers/STM32L4xx_HAL_Driver/Inc/Legacy -I../Drivers/CMSIS/Device/ST/STM32L4xx/Include -I../Drivers/CMSIS/Include -O0 -ffunction-sections -fdata-sections -Wall -fstack-usage -fcyclomatic-complexity -MMD -MP -MF"Core/Src/main.d" -MT"Core/Src/main.o" --specs=nano.specs -mfpu=fpv4-sp-d16 -mfloat-abi=hard -mthumb -o "Core/Src/main.o"
../Core/Src/main.c: In function 'main':
../Core/Src/main.c:93:41: warning: unused variable 'iDacVolt' [-Wunused-variable]
   93 |                           dac_data_type iDacVolt = DAC_volt_conv( iVoltage );
      |                                         ^~~~~~~~
../Core/Src/main.c:49:6: warning: unused variable 'iLoopFlag' [-Wunused-variable]
   49 |  int iLoopFlag = 1;
      |      ^~~~~~~~~
../Core/Src/main.c:61:13: warning: 'lastKeyPressed' is used uninitialized [-Wuninitialized]
   61 |          if ( (keyPressed != lastKeyPressed) && (keyPressed != '\0') && (keyPressed != '*') ){
      |             ^
../Core/Src/main.c:53:10: note: 'lastKeyPressed' was declared here
   53 |  uint8_t lastKeyPressed;
      |          ^~~~~~~~~~~~~~
arm-none-eabi-gcc -o "A5.elf" @"objects.list"   -mcpu=cortex-m4 -T"C:\Users\rahee\Documents\CPE329\A5\STM32L4A6ZGTX_FLASH.ld" --specs=nosys.specs -Wl,-Map="A5.map" -Wl,--gc-sections -static --specs=nano.specs -mfpu=fpv4-sp-d16 -mfloat-abi=hard -mthumb -Wl,--start-group -lc -lm -Wl,--end-group
Finished building target: A5.elf
 
arm-none-eabi-size  A5.elf 
arm-none-eabi-objdump -h -S A5.elf  > "A5.list"
   text	   data	    bss	    dec	    hex	filename
   6608	     12	   1572	   8192	   2000	A5.elf
Finished building: default.size.stdout
 
Finished building: A5.list
 
01:35:17 **** Incremental Build of configuration Debug for project A5 ****
make -j16 all 
arm-none-eabi-gcc "../Core/Src/dac.c" -mcpu=cortex-m4 -std=gnu11 -g3 -DDEBUG -DUSE_HAL_DRIVER -DSTM32L4A6xx -c -I../Core/Inc -I../Drivers/STM32L4xx_HAL_Driver/Inc -I../Drivers/STM32L4xx_HAL_Driver/Inc/Legacy -I../Drivers/CMSIS/Device/ST/STM32L4xx/Include -I../Drivers/CMSIS/Include -O0 -ffunction-sections -fdata-sections -Wall -fstack-usage -fcyclomatic-complexity -MMD -MP -MF"Core/Src/dac.d" -MT"Core/Src/dac.o" --specs=nano.specs -mfpu=fpv4-sp-d16 -mfloat-abi=hard -mthumb -o "Core/Src/dac.o"
arm-none-eabi-gcc -o "A5.elf" @"objects.list"   -mcpu=cortex-m4 -T"C:\Users\rahee\Documents\CPE329\A5\STM32L4A6ZGTX_FLASH.ld" --specs=nosys.specs -Wl,-Map="A5.map" -Wl,--gc-sections -static --specs=nano.specs -mfpu=fpv4-sp-d16 -mfloat-abi=hard -mthumb -Wl,--start-group -lc -lm -Wl,--end-group
Finished building target: A5.elf
 
arm-none-eabi-size  A5.elf 
arm-none-eabi-objdump -h -S A5.elf  > "A5.list"
   text	   data	    bss	    dec	    hex	filename
   6612	     12	   1572	   8196	   2004	A5.elf
Finished building: default.size.stdout
 
Finished building: A5.list
 
01:36:02 **** Incremental Build of configuration Debug for project A5 ****
make -j16 all 
arm-none-eabi-gcc "../Core/Src/main.c" -mcpu=cortex-m4 -std=gnu11 -g3 -DDEBUG -DUSE_HAL_DRIVER -DSTM32L4A6xx -c -I../Core/Inc -I../Drivers/STM32L4xx_HAL_Driver/Inc -I../Drivers/STM32L4xx_HAL_Driver/Inc/Legacy -I../Drivers/CMSIS/Device/ST/STM32L4xx/Include -I../Drivers/CMSIS/Include -O0 -ffunction-sections -fdata-sections -Wall -fstack-usage -fcyclomatic-complexity -MMD -MP -MF"Core/Src/main.d" -MT"Core/Src/main.o" --specs=nano.specs -mfpu=fpv4-sp-d16 -mfloat-abi=hard -mthumb -o "Core/Src/main.o"
../Core/Src/main.c: In function 'main':
../Core/Src/main.c:49:6: warning: unused variable 'iLoopFlag' [-Wunused-variable]
   49 |  int iLoopFlag = 1;
      |      ^~~~~~~~~
../Core/Src/main.c:61:13: warning: 'lastKeyPressed' is used uninitialized [-Wuninitialized]
   61 |          if ( (keyPressed != lastKeyPressed) && (keyPressed != '\0') && (keyPressed != '*') ){
      |             ^
../Core/Src/main.c:53:10: note: 'lastKeyPressed' was declared here
   53 |  uint8_t lastKeyPressed;
      |          ^~~~~~~~~~~~~~
arm-none-eabi-gcc -o "A5.elf" @"objects.list"   -mcpu=cortex-m4 -T"C:\Users\rahee\Documents\CPE329\A5\STM32L4A6ZGTX_FLASH.ld" --specs=nosys.specs -Wl,-Map="A5.map" -Wl,--gc-sections -static --specs=nano.specs -mfpu=fpv4-sp-d16 -mfloat-abi=hard -mthumb -Wl,--start-group -lc -lm -Wl,--end-group
Finished building target: A5.elf
 
arm-none-eabi-size  A5.elf 
arm-none-eabi-objdump -h -S A5.elf  > "A5.list"
   text	   data	    bss	    dec	    hex	filename
   6612	     12	   1572	   8196	   2004	A5.elf
Finished building: default.size.stdout
 
Finished building: A5.list
 
01:36:30 **** Incremental Build of configuration Debug for project A5 ****
make -j16 all 
arm-none-eabi-size  A5.elf 
   text	   data	    bss	    dec	    hex	filename
   6612	     12	   1572	   8196	   2004	A5.elf
Finished building: default.size.stdout
 
01:36:49 **** Incremental Build of configuration Debug for project A5 ****
make -j16 all 
arm-none-eabi-size  A5.elf 
   text	   data	    bss	    dec	    hex	filename
   6612	     12	   1572	   8196	   2004	A5.elf
Finished building: default.size.stdout
 
01:36:52 **** Incremental Build of configuration Debug for project A5 ****
make -j16 all 
arm-none-eabi-size  A5.elf 
   text	   data	    bss	    dec	    hex	filename
   6612	     12	   1572	   8196	   2004	A5.elf
Finished building: default.size.stdout
 
01:38:45 **** Incremental Build of configuration Debug for project A5 ****
make -j16 all 
arm-none-eabi-gcc "../Core/Src/dac.c" -mcpu=cortex-m4 -std=gnu11 -g3 -DDEBUG -DUSE_HAL_DRIVER -DSTM32L4A6xx -c -I../Core/Inc -I../Drivers/STM32L4xx_HAL_Driver/Inc -I../Drivers/STM32L4xx_HAL_Driver/Inc/Legacy -I../Drivers/CMSIS/Device/ST/STM32L4xx/Include -I../Drivers/CMSIS/Include -O0 -ffunction-sections -fdata-sections -Wall -fstack-usage -fcyclomatic-complexity -MMD -MP -MF"Core/Src/dac.d" -MT"Core/Src/dac.o" --specs=nano.specs -mfpu=fpv4-sp-d16 -mfloat-abi=hard -mthumb -o "Core/Src/dac.o"
arm-none-eabi-gcc -o "A5.elf" @"objects.list"   -mcpu=cortex-m4 -T"C:\Users\rahee\Documents\CPE329\A5\STM32L4A6ZGTX_FLASH.ld" --specs=nosys.specs -Wl,-Map="A5.map" -Wl,--gc-sections -static --specs=nano.specs -mfpu=fpv4-sp-d16 -mfloat-abi=hard -mthumb -Wl,--start-group -lc -lm -Wl,--end-group
Finished building target: A5.elf
 
arm-none-eabi-size  A5.elf 
arm-none-eabi-objdump -h -S A5.elf  > "A5.list"
   text	   data	    bss	    dec	    hex	filename
   6600	     12	   1572	   8184	   1ff8	A5.elf
Finished building: default.size.stdout
 
Finished building: A5.list
 
01:43:29 **** Incremental Build of configuration Debug for project A5 ****
make -j16 all 
arm-none-eabi-gcc "../Core/Src/main.c" -mcpu=cortex-m4 -std=gnu11 -g3 -DDEBUG -DUSE_HAL_DRIVER -DSTM32L4A6xx -c -I../Core/Inc -I../Drivers/STM32L4xx_HAL_Driver/Inc -I../Drivers/STM32L4xx_HAL_Driver/Inc/Legacy -I../Drivers/CMSIS/Device/ST/STM32L4xx/Include -I../Drivers/CMSIS/Include -O0 -ffunction-sections -fdata-sections -Wall -fstack-usage -fcyclomatic-complexity -MMD -MP -MF"Core/Src/main.d" -MT"Core/Src/main.o" --specs=nano.specs -mfpu=fpv4-sp-d16 -mfloat-abi=hard -mthumb -o "Core/Src/main.o"
../Core/Src/main.c: In function 'main':
../Core/Src/main.c:49:6: warning: unused variable 'iLoopFlag' [-Wunused-variable]
   49 |  int iLoopFlag = 1;
      |      ^~~~~~~~~
../Core/Src/main.c:61:13: warning: 'lastKeyPressed' is used uninitialized [-Wuninitialized]
   61 |          if ( (keyPressed != lastKeyPressed) && (keyPressed != '\0') && (keyPressed != '*') ){
      |             ^
../Core/Src/main.c:53:10: note: 'lastKeyPressed' was declared here
   53 |  uint8_t lastKeyPressed;
      |          ^~~~~~~~~~~~~~
arm-none-eabi-gcc -o "A5.elf" @"objects.list"   -mcpu=cortex-m4 -T"C:\Users\rahee\Documents\CPE329\A5\STM32L4A6ZGTX_FLASH.ld" --specs=nosys.specs -Wl,-Map="A5.map" -Wl,--gc-sections -static --specs=nano.specs -mfpu=fpv4-sp-d16 -mfloat-abi=hard -mthumb -Wl,--start-group -lc -lm -Wl,--end-group
Finished building target: A5.elf
 
arm-none-eabi-size  A5.elf 
arm-none-eabi-objdump -h -S A5.elf  > "A5.list"
   text	   data	    bss	    dec	    hex	filename
   6600	     12	   1572	   8184	   1ff8	A5.elf
Finished building: default.size.stdout
 
Finished building: A5.list
 
