18:38:22 **** Incremental Build of configuration Debug for project A9 ****
make -j16 all 
arm-none-eabi-gcc "../Core/Src/i2c.c" -mcpu=cortex-m4 -std=gnu11 -g3 -DDEBUG -DUSE_HAL_DRIVER -DSTM32L4A6xx -c -I../Core/Inc -I../Drivers/STM32L4xx_HAL_Driver/Inc -I../Drivers/STM32L4xx_HAL_Driver/Inc/Legacy -I../Drivers/CMSIS/Device/ST/STM32L4xx/Include -I../Drivers/CMSIS/Include -O0 -ffunction-sections -fdata-sections -Wall -fstack-usage -fcyclomatic-complexity -MMD -MP -MF"Core/Src/i2c.d" -MT"Core/Src/i2c.o" --specs=nano.specs -mfpu=fpv4-sp-d16 -mfloat-abi=hard -mthumb -o "Core/Src/i2c.o"
arm-none-eabi-gcc -o "A9.elf" @"objects.list"   -mcpu=cortex-m4 -T"C:\Users\rahee\Documents\CPE329\A9\STM32L4A6ZGTX_FLASH.ld" --specs=nosys.specs -Wl,-Map="A9.map" -Wl,--gc-sections -static --specs=nano.specs -mfpu=fpv4-sp-d16 -mfloat-abi=hard -mthumb -Wl,--start-group -lc -lm -Wl,--end-group
Finished building target: A9.elf
 
arm-none-eabi-size  A9.elf 
arm-none-eabi-objdump -h -S A9.elf  > "A9.list"
   text	   data	    bss	    dec	    hex	filename
   5112	     12	   1572	   6696	   1a28	A9.elf
Finished building: default.size.stdout
 
Finished building: A9.list
 
19:23:53 **** Incremental Build of configuration Debug for project A9 ****
make -j16 all 
arm-none-eabi-gcc "../Core/Src/i2c.c" -mcpu=cortex-m4 -std=gnu11 -g3 -DDEBUG -DUSE_HAL_DRIVER -DSTM32L4A6xx -c -I../Core/Inc -I../Drivers/STM32L4xx_HAL_Driver/Inc -I../Drivers/STM32L4xx_HAL_Driver/Inc/Legacy -I../Drivers/CMSIS/Device/ST/STM32L4xx/Include -I../Drivers/CMSIS/Include -O0 -ffunction-sections -fdata-sections -Wall -fstack-usage -fcyclomatic-complexity -MMD -MP -MF"Core/Src/i2c.d" -MT"Core/Src/i2c.o" --specs=nano.specs -mfpu=fpv4-sp-d16 -mfloat-abi=hard -mthumb -o "Core/Src/i2c.o"
arm-none-eabi-gcc "../Core/Src/main.c" -mcpu=cortex-m4 -std=gnu11 -g3 -DDEBUG -DUSE_HAL_DRIVER -DSTM32L4A6xx -c -I../Core/Inc -I../Drivers/STM32L4xx_HAL_Driver/Inc -I../Drivers/STM32L4xx_HAL_Driver/Inc/Legacy -I../Drivers/CMSIS/Device/ST/STM32L4xx/Include -I../Drivers/CMSIS/Include -O0 -ffunction-sections -fdata-sections -Wall -fstack-usage -fcyclomatic-complexity -MMD -MP -MF"Core/Src/main.d" -MT"Core/Src/main.o" --specs=nano.specs -mfpu=fpv4-sp-d16 -mfloat-abi=hard -mthumb -o "Core/Src/main.o"
arm-none-eabi-gcc -o "A9.elf" @"objects.list"   -mcpu=cortex-m4 -T"C:\Users\rahee\Documents\CPE329\A9\STM32L4A6ZGTX_FLASH.ld" --specs=nosys.specs -Wl,-Map="A9.map" -Wl,--gc-sections -static --specs=nano.specs -mfpu=fpv4-sp-d16 -mfloat-abi=hard -mthumb -Wl,--start-group -lc -lm -Wl,--end-group
Finished building target: A9.elf
 
arm-none-eabi-size  A9.elf 
arm-none-eabi-objdump -h -S A9.elf  > "A9.list"
   text	   data	    bss	    dec	    hex	filename
   5560	     12	   1572	   7144	   1be8	A9.elf
Finished building: default.size.stdout
 
Finished building: A9.list
 
19:25:17 **** Incremental Build of configuration Debug for project A9 ****
make -j16 all 
arm-none-eabi-size  A9.elf 
   text	   data	    bss	    dec	    hex	filename
   5560	     12	   1572	   7144	   1be8	A9.elf
Finished building: default.size.stdout
 
19:48:49 **** Incremental Build of configuration Debug for project A9 ****
make -j16 all 
arm-none-eabi-gcc "../Core/Src/i2c.c" -mcpu=cortex-m4 -std=gnu11 -g3 -DDEBUG -DUSE_HAL_DRIVER -DSTM32L4A6xx -c -I../Core/Inc -I../Drivers/STM32L4xx_HAL_Driver/Inc -I../Drivers/STM32L4xx_HAL_Driver/Inc/Legacy -I../Drivers/CMSIS/Device/ST/STM32L4xx/Include -I../Drivers/CMSIS/Include -O0 -ffunction-sections -fdata-sections -Wall -fstack-usage -fcyclomatic-complexity -MMD -MP -MF"Core/Src/i2c.d" -MT"Core/Src/i2c.o" --specs=nano.specs -mfpu=fpv4-sp-d16 -mfloat-abi=hard -mthumb -o "Core/Src/i2c.o"
arm-none-eabi-gcc -o "A9.elf" @"objects.list"   -mcpu=cortex-m4 -T"C:\Users\rahee\Documents\CPE329\A9\STM32L4A6ZGTX_FLASH.ld" --specs=nosys.specs -Wl,-Map="A9.map" -Wl,--gc-sections -static --specs=nano.specs -mfpu=fpv4-sp-d16 -mfloat-abi=hard -mthumb -Wl,--start-group -lc -lm -Wl,--end-group
Finished building target: A9.elf
 
arm-none-eabi-size  A9.elf 
arm-none-eabi-objdump -h -S A9.elf  > "A9.list"
   text	   data	    bss	    dec	    hex	filename
   5548	     12	   1572	   7132	   1bdc	A9.elf
Finished building: default.size.stdout
 
Finished building: A9.list
 
20:09:28 **** Incremental Build of configuration Debug for project A9 ****
make -j16 all 
arm-none-eabi-gcc "../Core/Src/i2c.c" -mcpu=cortex-m4 -std=gnu11 -g3 -DDEBUG -DUSE_HAL_DRIVER -DSTM32L4A6xx -c -I../Core/Inc -I../Drivers/STM32L4xx_HAL_Driver/Inc -I../Drivers/STM32L4xx_HAL_Driver/Inc/Legacy -I../Drivers/CMSIS/Device/ST/STM32L4xx/Include -I../Drivers/CMSIS/Include -O0 -ffunction-sections -fdata-sections -Wall -fstack-usage -fcyclomatic-complexity -MMD -MP -MF"Core/Src/i2c.d" -MT"Core/Src/i2c.o" --specs=nano.specs -mfpu=fpv4-sp-d16 -mfloat-abi=hard -mthumb -o "Core/Src/i2c.o"
arm-none-eabi-gcc -o "A9.elf" @"objects.list"   -mcpu=cortex-m4 -T"C:\Users\rahee\Documents\CPE329\A9\STM32L4A6ZGTX_FLASH.ld" --specs=nosys.specs -Wl,-Map="A9.map" -Wl,--gc-sections -static --specs=nano.specs -mfpu=fpv4-sp-d16 -mfloat-abi=hard -mthumb -Wl,--start-group -lc -lm -Wl,--end-group
Finished building target: A9.elf
 
arm-none-eabi-size  A9.elf 
arm-none-eabi-objdump -h -S A9.elf  > "A9.list"
   text	   data	    bss	    dec	    hex	filename
   5584	     12	   1572	   7168	   1c00	A9.elf
Finished building: default.size.stdout
 
Finished building: A9.list
 
20:09:42 **** Incremental Build of configuration Debug for project A9 ****
make -j16 all 
arm-none-eabi-size  A9.elf 
   text	   data	    bss	    dec	    hex	filename
   5584	     12	   1572	   7168	   1c00	A9.elf
Finished building: default.size.stdout
 
20:10:08 **** Incremental Build of configuration Debug for project A9 ****
make -j16 all 
arm-none-eabi-gcc "../Core/Src/i2c.c" -mcpu=cortex-m4 -std=gnu11 -g3 -DDEBUG -DUSE_HAL_DRIVER -DSTM32L4A6xx -c -I../Core/Inc -I../Drivers/STM32L4xx_HAL_Driver/Inc -I../Drivers/STM32L4xx_HAL_Driver/Inc/Legacy -I../Drivers/CMSIS/Device/ST/STM32L4xx/Include -I../Drivers/CMSIS/Include -O0 -ffunction-sections -fdata-sections -Wall -fstack-usage -fcyclomatic-complexity -MMD -MP -MF"Core/Src/i2c.d" -MT"Core/Src/i2c.o" --specs=nano.specs -mfpu=fpv4-sp-d16 -mfloat-abi=hard -mthumb -o "Core/Src/i2c.o"
arm-none-eabi-gcc -o "A9.elf" @"objects.list"   -mcpu=cortex-m4 -T"C:\Users\rahee\Documents\CPE329\A9\STM32L4A6ZGTX_FLASH.ld" --specs=nosys.specs -Wl,-Map="A9.map" -Wl,--gc-sections -static --specs=nano.specs -mfpu=fpv4-sp-d16 -mfloat-abi=hard -mthumb -Wl,--start-group -lc -lm -Wl,--end-group
Finished building target: A9.elf
 
arm-none-eabi-size  A9.elf 
arm-none-eabi-objdump -h -S A9.elf  > "A9.list"
   text	   data	    bss	    dec	    hex	filename
   5584	     12	   1572	   7168	   1c00	A9.elf
Finished building: default.size.stdout
 
Finished building: A9.list
 
20:17:55 **** Incremental Build of configuration Debug for project A9 ****
make -j16 all 
arm-none-eabi-gcc "../Core/Src/i2c.c" -mcpu=cortex-m4 -std=gnu11 -g3 -DDEBUG -DUSE_HAL_DRIVER -DSTM32L4A6xx -c -I../Core/Inc -I../Drivers/STM32L4xx_HAL_Driver/Inc -I../Drivers/STM32L4xx_HAL_Driver/Inc/Legacy -I../Drivers/CMSIS/Device/ST/STM32L4xx/Include -I../Drivers/CMSIS/Include -O0 -ffunction-sections -fdata-sections -Wall -fstack-usage -fcyclomatic-complexity -MMD -MP -MF"Core/Src/i2c.d" -MT"Core/Src/i2c.o" --specs=nano.specs -mfpu=fpv4-sp-d16 -mfloat-abi=hard -mthumb -o "Core/Src/i2c.o"
../Core/Src/i2c.c: In function 'I2C_init':
../Core/Src/i2c.c:44:27: error: 'EEPROM_ADDRESS' undeclared (first use in this function)
   44 |         I2C1->CR2   |=  ( EEPROM_ADDRESS << (I2C_CR2_SADD_Pos) ); // device addr SHL 1
      |                           ^~~~~~~~~~~~~~
../Core/Src/i2c.c:44:27: note: each undeclared identifier is reported only once for each function it appears in
make: *** [Core/Src/subdir.mk:37: Core/Src/i2c.o] Error 1
"make -j16 all" terminated with exit code 2. Build might be incomplete.
20:18:33 **** Incremental Build of configuration Debug for project A9 ****
make -j16 all 
arm-none-eabi-gcc "../Core/Src/i2c.c" -mcpu=cortex-m4 -std=gnu11 -g3 -DDEBUG -DUSE_HAL_DRIVER -DSTM32L4A6xx -c -I../Core/Inc -I../Drivers/STM32L4xx_HAL_Driver/Inc -I../Drivers/STM32L4xx_HAL_Driver/Inc/Legacy -I../Drivers/CMSIS/Device/ST/STM32L4xx/Include -I../Drivers/CMSIS/Include -O0 -ffunction-sections -fdata-sections -Wall -fstack-usage -fcyclomatic-complexity -MMD -MP -MF"Core/Src/i2c.d" -MT"Core/Src/i2c.o" --specs=nano.specs -mfpu=fpv4-sp-d16 -mfloat-abi=hard -mthumb -o "Core/Src/i2c.o"
arm-none-eabi-gcc -o "A9.elf" @"objects.list"   -mcpu=cortex-m4 -T"C:\Users\rahee\Documents\CPE329\A9\STM32L4A6ZGTX_FLASH.ld" --specs=nosys.specs -Wl,-Map="A9.map" -Wl,--gc-sections -static --specs=nano.specs -mfpu=fpv4-sp-d16 -mfloat-abi=hard -mthumb -Wl,--start-group -lc -lm -Wl,--end-group
Finished building target: A9.elf
 
arm-none-eabi-size  A9.elf 
arm-none-eabi-objdump -h -S A9.elf  > "A9.list"
   text	   data	    bss	    dec	    hex	filename
   5608	     12	   1572	   7192	   1c18	A9.elf
Finished building: default.size.stdout
 
Finished building: A9.list
 
20:19:59 **** Incremental Build of configuration Debug for project A9 ****
make -j16 all 
arm-none-eabi-gcc "../Core/Src/i2c.c" -mcpu=cortex-m4 -std=gnu11 -g3 -DDEBUG -DUSE_HAL_DRIVER -DSTM32L4A6xx -c -I../Core/Inc -I../Drivers/STM32L4xx_HAL_Driver/Inc -I../Drivers/STM32L4xx_HAL_Driver/Inc/Legacy -I../Drivers/CMSIS/Device/ST/STM32L4xx/Include -I../Drivers/CMSIS/Include -O0 -ffunction-sections -fdata-sections -Wall -fstack-usage -fcyclomatic-complexity -MMD -MP -MF"Core/Src/i2c.d" -MT"Core/Src/i2c.o" --specs=nano.specs -mfpu=fpv4-sp-d16 -mfloat-abi=hard -mthumb -o "Core/Src/i2c.o"
arm-none-eabi-gcc -o "A9.elf" @"objects.list"   -mcpu=cortex-m4 -T"C:\Users\rahee\Documents\CPE329\A9\STM32L4A6ZGTX_FLASH.ld" --specs=nosys.specs -Wl,-Map="A9.map" -Wl,--gc-sections -static --specs=nano.specs -mfpu=fpv4-sp-d16 -mfloat-abi=hard -mthumb -Wl,--start-group -lc -lm -Wl,--end-group
Finished building target: A9.elf
 
arm-none-eabi-size  A9.elf 
arm-none-eabi-objdump -h -S A9.elf  > "A9.list"
   text	   data	    bss	    dec	    hex	filename
   5584	     12	   1572	   7168	   1c00	A9.elf
Finished building: default.size.stdout
 
Finished building: A9.list
 
20:20:34 **** Incremental Build of configuration Debug for project A9 ****
make -j16 all 
arm-none-eabi-gcc "../Core/Src/i2c.c" -mcpu=cortex-m4 -std=gnu11 -g3 -DDEBUG -DUSE_HAL_DRIVER -DSTM32L4A6xx -c -I../Core/Inc -I../Drivers/STM32L4xx_HAL_Driver/Inc -I../Drivers/STM32L4xx_HAL_Driver/Inc/Legacy -I../Drivers/CMSIS/Device/ST/STM32L4xx/Include -I../Drivers/CMSIS/Include -O0 -ffunction-sections -fdata-sections -Wall -fstack-usage -fcyclomatic-complexity -MMD -MP -MF"Core/Src/i2c.d" -MT"Core/Src/i2c.o" --specs=nano.specs -mfpu=fpv4-sp-d16 -mfloat-abi=hard -mthumb -o "Core/Src/i2c.o"
arm-none-eabi-gcc -o "A9.elf" @"objects.list"   -mcpu=cortex-m4 -T"C:\Users\rahee\Documents\CPE329\A9\STM32L4A6ZGTX_FLASH.ld" --specs=nosys.specs -Wl,-Map="A9.map" -Wl,--gc-sections -static --specs=nano.specs -mfpu=fpv4-sp-d16 -mfloat-abi=hard -mthumb -Wl,--start-group -lc -lm -Wl,--end-group
Finished building target: A9.elf
 
arm-none-eabi-size  A9.elf 
arm-none-eabi-objdump -h -S A9.elf  > "A9.list"
   text	   data	    bss	    dec	    hex	filename
   5580	     12	   1572	   7164	   1bfc	A9.elf
Finished building: default.size.stdout
 
Finished building: A9.list
 
20:23:00 **** Incremental Build of configuration Debug for project A9 ****
make -j16 all 
arm-none-eabi-gcc "../Core/Src/i2c.c" -mcpu=cortex-m4 -std=gnu11 -g3 -DDEBUG -DUSE_HAL_DRIVER -DSTM32L4A6xx -c -I../Core/Inc -I../Drivers/STM32L4xx_HAL_Driver/Inc -I../Drivers/STM32L4xx_HAL_Driver/Inc/Legacy -I../Drivers/CMSIS/Device/ST/STM32L4xx/Include -I../Drivers/CMSIS/Include -O0 -ffunction-sections -fdata-sections -Wall -fstack-usage -fcyclomatic-complexity -MMD -MP -MF"Core/Src/i2c.d" -MT"Core/Src/i2c.o" --specs=nano.specs -mfpu=fpv4-sp-d16 -mfloat-abi=hard -mthumb -o "Core/Src/i2c.o"
arm-none-eabi-gcc -o "A9.elf" @"objects.list"   -mcpu=cortex-m4 -T"C:\Users\rahee\Documents\CPE329\A9\STM32L4A6ZGTX_FLASH.ld" --specs=nosys.specs -Wl,-Map="A9.map" -Wl,--gc-sections -static --specs=nano.specs -mfpu=fpv4-sp-d16 -mfloat-abi=hard -mthumb -Wl,--start-group -lc -lm -Wl,--end-group
Finished building target: A9.elf
 
arm-none-eabi-size  A9.elf 
arm-none-eabi-objdump -h -S A9.elf  > "A9.list"
   text	   data	    bss	    dec	    hex	filename
   5556	     12	   1572	   7140	   1be4	A9.elf
Finished building: default.size.stdout
 
Finished building: A9.list
 
20:24:38 **** Incremental Build of configuration Debug for project A9 ****
make -j16 all 
arm-none-eabi-gcc "../Core/Src/i2c.c" -mcpu=cortex-m4 -std=gnu11 -g3 -DDEBUG -DUSE_HAL_DRIVER -DSTM32L4A6xx -c -I../Core/Inc -I../Drivers/STM32L4xx_HAL_Driver/Inc -I../Drivers/STM32L4xx_HAL_Driver/Inc/Legacy -I../Drivers/CMSIS/Device/ST/STM32L4xx/Include -I../Drivers/CMSIS/Include -O0 -ffunction-sections -fdata-sections -Wall -fstack-usage -fcyclomatic-complexity -MMD -MP -MF"Core/Src/i2c.d" -MT"Core/Src/i2c.o" --specs=nano.specs -mfpu=fpv4-sp-d16 -mfloat-abi=hard -mthumb -o "Core/Src/i2c.o"
arm-none-eabi-gcc -o "A9.elf" @"objects.list"   -mcpu=cortex-m4 -T"C:\Users\rahee\Documents\CPE329\A9\STM32L4A6ZGTX_FLASH.ld" --specs=nosys.specs -Wl,-Map="A9.map" -Wl,--gc-sections -static --specs=nano.specs -mfpu=fpv4-sp-d16 -mfloat-abi=hard -mthumb -Wl,--start-group -lc -lm -Wl,--end-group
Finished building target: A9.elf
 
arm-none-eabi-size  A9.elf 
arm-none-eabi-objdump -h -S A9.elf  > "A9.list"
   text	   data	    bss	    dec	    hex	filename
   5532	     12	   1572	   7116	   1bcc	A9.elf
Finished building: default.size.stdout
 
Finished building: A9.list
 
20:25:21 **** Build of configuration Debug for project A3 ****
make -j16 all 
arm-none-eabi-size  A3.elf 
   text	   data	    bss	    dec	    hex	filename
   7440	     12	   1572	   9024	   2340	A3.elf
Finished building: default.size.stdout
 
20:25:21 **** Build of configuration Debug for project A5 ****
make -j16 all 
arm-none-eabi-size  A5.elf 
   text	   data	    bss	    dec	    hex	filename
   6600	     12	   1572	   8184	   1ff8	A5.elf
Finished building: default.size.stdout
 
20:25:21 **** Incremental Build of configuration Debug for project A9 ****
make -j16 all 
arm-none-eabi-size  A9.elf 
   text	   data	    bss	    dec	    hex	filename
   5532	     12	   1572	   7116	   1bcc	A9.elf
Finished building: default.size.stdout
 
20:25:37 **** Incremental Build of configuration Debug for project A9 ****
make -j16 all 
arm-none-eabi-gcc "../Core/Src/i2c.c" -mcpu=cortex-m4 -std=gnu11 -g3 -DDEBUG -DUSE_HAL_DRIVER -DSTM32L4A6xx -c -I../Core/Inc -I../Drivers/STM32L4xx_HAL_Driver/Inc -I../Drivers/STM32L4xx_HAL_Driver/Inc/Legacy -I../Drivers/CMSIS/Device/ST/STM32L4xx/Include -I../Drivers/CMSIS/Include -O0 -ffunction-sections -fdata-sections -Wall -fstack-usage -fcyclomatic-complexity -MMD -MP -MF"Core/Src/i2c.d" -MT"Core/Src/i2c.o" --specs=nano.specs -mfpu=fpv4-sp-d16 -mfloat-abi=hard -mthumb -o "Core/Src/i2c.o"
../Core/Src/i2c.c: In function 'I2C_write':
../Core/Src/i2c.c:47:27: error: 'EEPROM_ADDRESS' undeclared (first use in this function)
   47 |         I2C1->CR2   |=  ( EEPROM_ADDRESS << (I2C_CR2_SADD_Pos) ); // device addr SHL 1
      |                           ^~~~~~~~~~~~~~
../Core/Src/i2c.c:47:27: note: each undeclared identifier is reported only once for each function it appears in
make: *** [Core/Src/subdir.mk:37: Core/Src/i2c.o] Error 1
"make -j16 all" terminated with exit code 2. Build might be incomplete.
20:25:59 **** Incremental Build of configuration Debug for project A9 ****
make -j16 all 
arm-none-eabi-gcc "../Core/Src/i2c.c" -mcpu=cortex-m4 -std=gnu11 -g3 -DDEBUG -DUSE_HAL_DRIVER -DSTM32L4A6xx -c -I../Core/Inc -I../Drivers/STM32L4xx_HAL_Driver/Inc -I../Drivers/STM32L4xx_HAL_Driver/Inc/Legacy -I../Drivers/CMSIS/Device/ST/STM32L4xx/Include -I../Drivers/CMSIS/Include -O0 -ffunction-sections -fdata-sections -Wall -fstack-usage -fcyclomatic-complexity -MMD -MP -MF"Core/Src/i2c.d" -MT"Core/Src/i2c.o" --specs=nano.specs -mfpu=fpv4-sp-d16 -mfloat-abi=hard -mthumb -o "Core/Src/i2c.o"
arm-none-eabi-gcc -o "A9.elf" @"objects.list"   -mcpu=cortex-m4 -T"C:\Users\rahee\Documents\CPE329\A9\STM32L4A6ZGTX_FLASH.ld" --specs=nosys.specs -Wl,-Map="A9.map" -Wl,--gc-sections -static --specs=nano.specs -mfpu=fpv4-sp-d16 -mfloat-abi=hard -mthumb -Wl,--start-group -lc -lm -Wl,--end-group
Finished building target: A9.elf
 
arm-none-eabi-size  A9.elf 
arm-none-eabi-objdump -h -S A9.elf  > "A9.list"
   text	   data	    bss	    dec	    hex	filename
   5532	     12	   1572	   7116	   1bcc	A9.elf
Finished building: default.size.stdout
 
Finished building: A9.list
 
20:27:22 **** Incremental Build of configuration Debug for project A9 ****
make -j16 all 
arm-none-eabi-gcc "../Core/Src/i2c.c" -mcpu=cortex-m4 -std=gnu11 -g3 -DDEBUG -DUSE_HAL_DRIVER -DSTM32L4A6xx -c -I../Core/Inc -I../Drivers/STM32L4xx_HAL_Driver/Inc -I../Drivers/STM32L4xx_HAL_Driver/Inc/Legacy -I../Drivers/CMSIS/Device/ST/STM32L4xx/Include -I../Drivers/CMSIS/Include -O0 -ffunction-sections -fdata-sections -Wall -fstack-usage -fcyclomatic-complexity -MMD -MP -MF"Core/Src/i2c.d" -MT"Core/Src/i2c.o" --specs=nano.specs -mfpu=fpv4-sp-d16 -mfloat-abi=hard -mthumb -o "Core/Src/i2c.o"
arm-none-eabi-gcc -o "A9.elf" @"objects.list"   -mcpu=cortex-m4 -T"C:\Users\rahee\Documents\CPE329\A9\STM32L4A6ZGTX_FLASH.ld" --specs=nosys.specs -Wl,-Map="A9.map" -Wl,--gc-sections -static --specs=nano.specs -mfpu=fpv4-sp-d16 -mfloat-abi=hard -mthumb -Wl,--start-group -lc -lm -Wl,--end-group
Finished building target: A9.elf
 
arm-none-eabi-size  A9.elf 
arm-none-eabi-objdump -h -S A9.elf  > "A9.list"
   text	   data	    bss	    dec	    hex	filename
   5568	     12	   1572	   7152	   1bf0	A9.elf
Finished building: default.size.stdout
 
Finished building: A9.list
 
20:33:15 **** Incremental Build of configuration Debug for project A9 ****
make -j16 all 
arm-none-eabi-gcc "../Core/Src/i2c.c" -mcpu=cortex-m4 -std=gnu11 -g3 -DDEBUG -DUSE_HAL_DRIVER -DSTM32L4A6xx -c -I../Core/Inc -I../Drivers/STM32L4xx_HAL_Driver/Inc -I../Drivers/STM32L4xx_HAL_Driver/Inc/Legacy -I../Drivers/CMSIS/Device/ST/STM32L4xx/Include -I../Drivers/CMSIS/Include -O0 -ffunction-sections -fdata-sections -Wall -fstack-usage -fcyclomatic-complexity -MMD -MP -MF"Core/Src/i2c.d" -MT"Core/Src/i2c.o" --specs=nano.specs -mfpu=fpv4-sp-d16 -mfloat-abi=hard -mthumb -o "Core/Src/i2c.o"
arm-none-eabi-gcc -o "A9.elf" @"objects.list"   -mcpu=cortex-m4 -T"C:\Users\rahee\Documents\CPE329\A9\STM32L4A6ZGTX_FLASH.ld" --specs=nosys.specs -Wl,-Map="A9.map" -Wl,--gc-sections -static --specs=nano.specs -mfpu=fpv4-sp-d16 -mfloat-abi=hard -mthumb -Wl,--start-group -lc -lm -Wl,--end-group
Finished building target: A9.elf
 
arm-none-eabi-size  A9.elf 
arm-none-eabi-objdump -h -S A9.elf  > "A9.list"
   text	   data	    bss	    dec	    hex	filename
   5544	     12	   1572	   7128	   1bd8	A9.elf
Finished building: default.size.stdout
 
Finished building: A9.list
 
20:38:26 **** Incremental Build of configuration Debug for project A9 ****
make -j16 all 
arm-none-eabi-gcc "../Core/Src/main.c" -mcpu=cortex-m4 -std=gnu11 -g3 -DDEBUG -DUSE_HAL_DRIVER -DSTM32L4A6xx -c -I../Core/Inc -I../Drivers/STM32L4xx_HAL_Driver/Inc -I../Drivers/STM32L4xx_HAL_Driver/Inc/Legacy -I../Drivers/CMSIS/Device/ST/STM32L4xx/Include -I../Drivers/CMSIS/Include -O0 -ffunction-sections -fdata-sections -Wall -fstack-usage -fcyclomatic-complexity -MMD -MP -MF"Core/Src/main.d" -MT"Core/Src/main.o" --specs=nano.specs -mfpu=fpv4-sp-d16 -mfloat-abi=hard -mthumb -o "Core/Src/main.o"
arm-none-eabi-gcc -o "A9.elf" @"objects.list"   -mcpu=cortex-m4 -T"C:\Users\rahee\Documents\CPE329\A9\STM32L4A6ZGTX_FLASH.ld" --specs=nosys.specs -Wl,-Map="A9.map" -Wl,--gc-sections -static --specs=nano.specs -mfpu=fpv4-sp-d16 -mfloat-abi=hard -mthumb -Wl,--start-group -lc -lm -Wl,--end-group
Finished building target: A9.elf
 
arm-none-eabi-size  A9.elf 
arm-none-eabi-objdump -h -S A9.elf  > "A9.list"
   text	   data	    bss	    dec	    hex	filename
   5544	     12	   1572	   7128	   1bd8	A9.elf
Finished building: default.size.stdout
 
Finished building: A9.list
 
20:38:46 **** Incremental Build of configuration Debug for project A9 ****
make -j16 all 
arm-none-eabi-gcc "../Core/Src/main.c" -mcpu=cortex-m4 -std=gnu11 -g3 -DDEBUG -DUSE_HAL_DRIVER -DSTM32L4A6xx -c -I../Core/Inc -I../Drivers/STM32L4xx_HAL_Driver/Inc -I../Drivers/STM32L4xx_HAL_Driver/Inc/Legacy -I../Drivers/CMSIS/Device/ST/STM32L4xx/Include -I../Drivers/CMSIS/Include -O0 -ffunction-sections -fdata-sections -Wall -fstack-usage -fcyclomatic-complexity -MMD -MP -MF"Core/Src/main.d" -MT"Core/Src/main.o" --specs=nano.specs -mfpu=fpv4-sp-d16 -mfloat-abi=hard -mthumb -o "Core/Src/main.o"
arm-none-eabi-gcc -o "A9.elf" @"objects.list"   -mcpu=cortex-m4 -T"C:\Users\rahee\Documents\CPE329\A9\STM32L4A6ZGTX_FLASH.ld" --specs=nosys.specs -Wl,-Map="A9.map" -Wl,--gc-sections -static --specs=nano.specs -mfpu=fpv4-sp-d16 -mfloat-abi=hard -mthumb -Wl,--start-group -lc -lm -Wl,--end-group
Finished building target: A9.elf
 
arm-none-eabi-size  A9.elf 
arm-none-eabi-objdump -h -S A9.elf  > "A9.list"
   text	   data	    bss	    dec	    hex	filename
   5544	     12	   1572	   7128	   1bd8	A9.elf
Finished building: default.size.stdout
 
Finished building: A9.list
 
20:40:52 **** Incremental Build of configuration Debug for project A9 ****
make -j16 all 
arm-none-eabi-gcc "../Core/Src/i2c.c" -mcpu=cortex-m4 -std=gnu11 -g3 -DDEBUG -DUSE_HAL_DRIVER -DSTM32L4A6xx -c -I../Core/Inc -I../Drivers/STM32L4xx_HAL_Driver/Inc -I../Drivers/STM32L4xx_HAL_Driver/Inc/Legacy -I../Drivers/CMSIS/Device/ST/STM32L4xx/Include -I../Drivers/CMSIS/Include -O0 -ffunction-sections -fdata-sections -Wall -fstack-usage -fcyclomatic-complexity -MMD -MP -MF"Core/Src/i2c.d" -MT"Core/Src/i2c.o" --specs=nano.specs -mfpu=fpv4-sp-d16 -mfloat-abi=hard -mthumb -o "Core/Src/i2c.o"
arm-none-eabi-gcc -o "A9.elf" @"objects.list"   -mcpu=cortex-m4 -T"C:\Users\rahee\Documents\CPE329\A9\STM32L4A6ZGTX_FLASH.ld" --specs=nosys.specs -Wl,-Map="A9.map" -Wl,--gc-sections -static --specs=nano.specs -mfpu=fpv4-sp-d16 -mfloat-abi=hard -mthumb -Wl,--start-group -lc -lm -Wl,--end-group
Finished building target: A9.elf
 
arm-none-eabi-size  A9.elf 
arm-none-eabi-objdump -h -S A9.elf  > "A9.list"
   text	   data	    bss	    dec	    hex	filename
   5532	     12	   1572	   7116	   1bcc	A9.elf
Finished building: default.size.stdout
 
Finished building: A9.list
 
