21:41:45 **** Incremental Build of configuration Debug for project FinalProject ****
make -j16 all 
arm-none-eabi-gcc "../Core/Src/main.c" -mcpu=cortex-m4 -std=gnu11 -g3 -DDEBUG -DUSE_HAL_DRIVER -DSTM32L4A6xx -c -I../Core/Inc -I../Drivers/STM32L4xx_HAL_Driver/Inc -I../Drivers/STM32L4xx_HAL_Driver/Inc/Legacy -I../Drivers/CMSIS/Device/ST/STM32L4xx/Include -I../Drivers/CMSIS/Include -O0 -ffunction-sections -fdata-sections -Wall -fstack-usage -fcyclomatic-complexity -MMD -MP -MF"Core/Src/main.d" -MT"Core/Src/main.o" --specs=nano.specs -mfpu=fpv4-sp-d16 -mfloat-abi=hard -mthumb -o "Core/Src/main.o"
arm-none-eabi-gcc "../Core/Src/spi.c" -mcpu=cortex-m4 -std=gnu11 -g3 -DDEBUG -DUSE_HAL_DRIVER -DSTM32L4A6xx -c -I../Core/Inc -I../Drivers/STM32L4xx_HAL_Driver/Inc -I../Drivers/STM32L4xx_HAL_Driver/Inc/Legacy -I../Drivers/CMSIS/Device/ST/STM32L4xx/Include -I../Drivers/CMSIS/Include -O0 -ffunction-sections -fdata-sections -Wall -fstack-usage -fcyclomatic-complexity -MMD -MP -MF"Core/Src/spi.d" -MT"Core/Src/spi.o" --specs=nano.specs -mfpu=fpv4-sp-d16 -mfloat-abi=hard -mthumb -o "Core/Src/spi.o"
arm-none-eabi-gcc -o "FinalProject.elf" @"objects.list"   -mcpu=cortex-m4 -T"C:\Users\rahee\Documents\CPE329\FinalProject\STM32L4A6ZGTX_FLASH.ld" --specs=nosys.specs -Wl,-Map="FinalProject.map" -Wl,--gc-sections -static --specs=nano.specs -mfpu=fpv4-sp-d16 -mfloat-abi=hard -mthumb -Wl,--start-group -lc -lm -Wl,--end-group
Finished building target: FinalProject.elf
 
arm-none-eabi-size  FinalProject.elf 
arm-none-eabi-objdump -h -S FinalProject.elf  > "FinalProject.list"
   text	   data	    bss	    dec	    hex	filename
   6224	     12	   1572	   7808	   1e80	FinalProject.elf
Finished building: default.size.stdout
 
Finished building: FinalProject.list
 
22:14:21 **** Incremental Build of configuration Debug for project FinalProject ****
make -j16 all 
arm-none-eabi-size  FinalProject.elf 
   text	   data	    bss	    dec	    hex	filename
   6224	     12	   1572	   7808	   1e80	FinalProject.elf
Finished building: default.size.stdout
 
22:23:56 **** Incremental Build of configuration Debug for project FinalProject ****
make -j16 all 
arm-none-eabi-gcc "../Core/Src/main.c" -mcpu=cortex-m4 -std=gnu11 -g3 -DDEBUG -DUSE_HAL_DRIVER -DSTM32L4A6xx -c -I../Core/Inc -I../Drivers/STM32L4xx_HAL_Driver/Inc -I../Drivers/STM32L4xx_HAL_Driver/Inc/Legacy -I../Drivers/CMSIS/Device/ST/STM32L4xx/Include -I../Drivers/CMSIS/Include -O0 -ffunction-sections -fdata-sections -Wall -fstack-usage -fcyclomatic-complexity -MMD -MP -MF"Core/Src/main.d" -MT"Core/Src/main.o" --specs=nano.specs -mfpu=fpv4-sp-d16 -mfloat-abi=hard -mthumb -o "Core/Src/main.o"
arm-none-eabi-gcc -o "FinalProject.elf" @"objects.list"   -mcpu=cortex-m4 -T"C:\Users\rahee\Documents\CPE329\FinalProject\STM32L4A6ZGTX_FLASH.ld" --specs=nosys.specs -Wl,-Map="FinalProject.map" -Wl,--gc-sections -static --specs=nano.specs -mfpu=fpv4-sp-d16 -mfloat-abi=hard -mthumb -Wl,--start-group -lc -lm -Wl,--end-group
Finished building target: FinalProject.elf
 
arm-none-eabi-size  FinalProject.elf 
arm-none-eabi-objdump -h -S FinalProject.elf  > "FinalProject.list"
   text	   data	    bss	    dec	    hex	filename
   5880	     12	   1572	   7464	   1d28	FinalProject.elf
Finished building: default.size.stdout
 
Finished building: FinalProject.list
 
22:24:10 **** Incremental Build of configuration Debug for project FinalProject ****
make -j16 all 
arm-none-eabi-size  FinalProject.elf 
   text	   data	    bss	    dec	    hex	filename
   5880	     12	   1572	   7464	   1d28	FinalProject.elf
Finished building: default.size.stdout
 
22:25:13 **** Incremental Build of configuration Debug for project FinalProject ****
make -j16 all 
arm-none-eabi-gcc "../Core/Src/spi.c" -mcpu=cortex-m4 -std=gnu11 -g3 -DDEBUG -DUSE_HAL_DRIVER -DSTM32L4A6xx -c -I../Core/Inc -I../Drivers/STM32L4xx_HAL_Driver/Inc -I../Drivers/STM32L4xx_HAL_Driver/Inc/Legacy -I../Drivers/CMSIS/Device/ST/STM32L4xx/Include -I../Drivers/CMSIS/Include -O0 -ffunction-sections -fdata-sections -Wall -fstack-usage -fcyclomatic-complexity -MMD -MP -MF"Core/Src/spi.d" -MT"Core/Src/spi.o" --specs=nano.specs -mfpu=fpv4-sp-d16 -mfloat-abi=hard -mthumb -o "Core/Src/spi.o"
arm-none-eabi-gcc -o "FinalProject.elf" @"objects.list"   -mcpu=cortex-m4 -T"C:\Users\rahee\Documents\CPE329\FinalProject\STM32L4A6ZGTX_FLASH.ld" --specs=nosys.specs -Wl,-Map="FinalProject.map" -Wl,--gc-sections -static --specs=nano.specs -mfpu=fpv4-sp-d16 -mfloat-abi=hard -mthumb -Wl,--start-group -lc -lm -Wl,--end-group
Finished building target: FinalProject.elf
 
arm-none-eabi-size  FinalProject.elf 
arm-none-eabi-objdump -h -S FinalProject.elf  > "FinalProject.list"
   text	   data	    bss	    dec	    hex	filename
   5884	     12	   1572	   7468	   1d2c	FinalProject.elf
Finished building: default.size.stdout
 
Finished building: FinalProject.list
 
22:26:58 **** Incremental Build of configuration Debug for project FinalProject ****
make -j16 all 
arm-none-eabi-gcc "../Core/Src/spi.c" -mcpu=cortex-m4 -std=gnu11 -g3 -DDEBUG -DUSE_HAL_DRIVER -DSTM32L4A6xx -c -I../Core/Inc -I../Drivers/STM32L4xx_HAL_Driver/Inc -I../Drivers/STM32L4xx_HAL_Driver/Inc/Legacy -I../Drivers/CMSIS/Device/ST/STM32L4xx/Include -I../Drivers/CMSIS/Include -O0 -ffunction-sections -fdata-sections -Wall -fstack-usage -fcyclomatic-complexity -MMD -MP -MF"Core/Src/spi.d" -MT"Core/Src/spi.o" --specs=nano.specs -mfpu=fpv4-sp-d16 -mfloat-abi=hard -mthumb -o "Core/Src/spi.o"
arm-none-eabi-gcc -o "FinalProject.elf" @"objects.list"   -mcpu=cortex-m4 -T"C:\Users\rahee\Documents\CPE329\FinalProject\STM32L4A6ZGTX_FLASH.ld" --specs=nosys.specs -Wl,-Map="FinalProject.map" -Wl,--gc-sections -static --specs=nano.specs -mfpu=fpv4-sp-d16 -mfloat-abi=hard -mthumb -Wl,--start-group -lc -lm -Wl,--end-group
Finished building target: FinalProject.elf
 
arm-none-eabi-size  FinalProject.elf 
arm-none-eabi-objdump -h -S FinalProject.elf  > "FinalProject.list"
   text	   data	    bss	    dec	    hex	filename
   5868	     12	   1572	   7452	   1d1c	FinalProject.elf
Finished building: default.size.stdout
 
Finished building: FinalProject.list
 
22:34:50 **** Incremental Build of configuration Debug for project FinalProject ****
make -j16 all 
arm-none-eabi-gcc "../Core/Src/main.c" -mcpu=cortex-m4 -std=gnu11 -g3 -DDEBUG -DUSE_HAL_DRIVER -DSTM32L4A6xx -c -I../Core/Inc -I../Drivers/STM32L4xx_HAL_Driver/Inc -I../Drivers/STM32L4xx_HAL_Driver/Inc/Legacy -I../Drivers/CMSIS/Device/ST/STM32L4xx/Include -I../Drivers/CMSIS/Include -O0 -ffunction-sections -fdata-sections -Wall -fstack-usage -fcyclomatic-complexity -MMD -MP -MF"Core/Src/main.d" -MT"Core/Src/main.o" --specs=nano.specs -mfpu=fpv4-sp-d16 -mfloat-abi=hard -mthumb -o "Core/Src/main.o"
../Core/Src/main.c: In function 'main':
../Core/Src/main.c:21:19: error: expected identifier or '(' before numeric constant
   21 |           for(int 1 = 0; i < 10000; i++){};
      |                   ^
../Core/Src/main.c:21:26: error: 'i' undeclared (first use in this function)
   21 |           for(int 1 = 0; i < 10000; i++){};
      |                          ^
../Core/Src/main.c:21:26: note: each undeclared identifier is reported only once for each function it appears in
make: *** [Core/Src/subdir.mk:40: Core/Src/main.o] Error 1
"make -j16 all" terminated with exit code 2. Build might be incomplete.
22:34:57 **** Incremental Build of configuration Debug for project FinalProject ****
make -j16 all 
arm-none-eabi-gcc "../Core/Src/main.c" -mcpu=cortex-m4 -std=gnu11 -g3 -DDEBUG -DUSE_HAL_DRIVER -DSTM32L4A6xx -c -I../Core/Inc -I../Drivers/STM32L4xx_HAL_Driver/Inc -I../Drivers/STM32L4xx_HAL_Driver/Inc/Legacy -I../Drivers/CMSIS/Device/ST/STM32L4xx/Include -I../Drivers/CMSIS/Include -O0 -ffunction-sections -fdata-sections -Wall -fstack-usage -fcyclomatic-complexity -MMD -MP -MF"Core/Src/main.d" -MT"Core/Src/main.o" --specs=nano.specs -mfpu=fpv4-sp-d16 -mfloat-abi=hard -mthumb -o "Core/Src/main.o"
arm-none-eabi-gcc -o "FinalProject.elf" @"objects.list"   -mcpu=cortex-m4 -T"C:\Users\rahee\Documents\CPE329\FinalProject\STM32L4A6ZGTX_FLASH.ld" --specs=nosys.specs -Wl,-Map="FinalProject.map" -Wl,--gc-sections -static --specs=nano.specs -mfpu=fpv4-sp-d16 -mfloat-abi=hard -mthumb -Wl,--start-group -lc -lm -Wl,--end-group
Finished building target: FinalProject.elf
 
arm-none-eabi-size  FinalProject.elf 
arm-none-eabi-objdump -h -S FinalProject.elf  > "FinalProject.list"
   text	   data	    bss	    dec	    hex	filename
   5888	     12	   1572	   7472	   1d30	FinalProject.elf
Finished building: default.size.stdout
 
Finished building: FinalProject.list
 
22:37:41 **** Incremental Build of configuration Debug for project FinalProject ****
make -j16 all 
arm-none-eabi-gcc "../Core/Src/main.c" -mcpu=cortex-m4 -std=gnu11 -g3 -DDEBUG -DUSE_HAL_DRIVER -DSTM32L4A6xx -c -I../Core/Inc -I../Drivers/STM32L4xx_HAL_Driver/Inc -I../Drivers/STM32L4xx_HAL_Driver/Inc/Legacy -I../Drivers/CMSIS/Device/ST/STM32L4xx/Include -I../Drivers/CMSIS/Include -O0 -ffunction-sections -fdata-sections -Wall -fstack-usage -fcyclomatic-complexity -MMD -MP -MF"Core/Src/main.d" -MT"Core/Src/main.o" --specs=nano.specs -mfpu=fpv4-sp-d16 -mfloat-abi=hard -mthumb -o "Core/Src/main.o"
arm-none-eabi-gcc -o "FinalProject.elf" @"objects.list"   -mcpu=cortex-m4 -T"C:\Users\rahee\Documents\CPE329\FinalProject\STM32L4A6ZGTX_FLASH.ld" --specs=nosys.specs -Wl,-Map="FinalProject.map" -Wl,--gc-sections -static --specs=nano.specs -mfpu=fpv4-sp-d16 -mfloat-abi=hard -mthumb -Wl,--start-group -lc -lm -Wl,--end-group
Finished building target: FinalProject.elf
 
arm-none-eabi-size  FinalProject.elf 
arm-none-eabi-objdump -h -S FinalProject.elf  > "FinalProject.list"
   text	   data	    bss	    dec	    hex	filename
   5868	     12	   1572	   7452	   1d1c	FinalProject.elf
Finished building: default.size.stdout
 
Finished building: FinalProject.list
 
22:40:58 **** Incremental Build of configuration Debug for project FinalProject ****
make -j16 all 
arm-none-eabi-size  FinalProject.elf 
   text	   data	    bss	    dec	    hex	filename
   5868	     12	   1572	   7452	   1d1c	FinalProject.elf
Finished building: default.size.stdout
 
22:45:48 **** Incremental Build of configuration Debug for project FinalProject ****
make -j16 all 
arm-none-eabi-gcc "../Core/Src/spi.c" -mcpu=cortex-m4 -std=gnu11 -g3 -DDEBUG -DUSE_HAL_DRIVER -DSTM32L4A6xx -c -I../Core/Inc -I../Drivers/STM32L4xx_HAL_Driver/Inc -I../Drivers/STM32L4xx_HAL_Driver/Inc/Legacy -I../Drivers/CMSIS/Device/ST/STM32L4xx/Include -I../Drivers/CMSIS/Include -O0 -ffunction-sections -fdata-sections -Wall -fstack-usage -fcyclomatic-complexity -MMD -MP -MF"Core/Src/spi.d" -MT"Core/Src/spi.o" --specs=nano.specs -mfpu=fpv4-sp-d16 -mfloat-abi=hard -mthumb -o "Core/Src/spi.o"
arm-none-eabi-gcc -o "FinalProject.elf" @"objects.list"   -mcpu=cortex-m4 -T"C:\Users\rahee\Documents\CPE329\FinalProject\STM32L4A6ZGTX_FLASH.ld" --specs=nosys.specs -Wl,-Map="FinalProject.map" -Wl,--gc-sections -static --specs=nano.specs -mfpu=fpv4-sp-d16 -mfloat-abi=hard -mthumb -Wl,--start-group -lc -lm -Wl,--end-group
Finished building target: FinalProject.elf
 
arm-none-eabi-size  FinalProject.elf 
arm-none-eabi-objdump -h -S FinalProject.elf  > "FinalProject.list"
   text	   data	    bss	    dec	    hex	filename
   5868	     12	   1572	   7452	   1d1c	FinalProject.elf
Finished building: default.size.stdout
 
Finished building: FinalProject.list
 
22:50:11 **** Incremental Build of configuration Debug for project FinalProject ****
make -j16 all 
arm-none-eabi-gcc "../Core/Src/spi.c" -mcpu=cortex-m4 -std=gnu11 -g3 -DDEBUG -DUSE_HAL_DRIVER -DSTM32L4A6xx -c -I../Core/Inc -I../Drivers/STM32L4xx_HAL_Driver/Inc -I../Drivers/STM32L4xx_HAL_Driver/Inc/Legacy -I../Drivers/CMSIS/Device/ST/STM32L4xx/Include -I../Drivers/CMSIS/Include -O0 -ffunction-sections -fdata-sections -Wall -fstack-usage -fcyclomatic-complexity -MMD -MP -MF"Core/Src/spi.d" -MT"Core/Src/spi.o" --specs=nano.specs -mfpu=fpv4-sp-d16 -mfloat-abi=hard -mthumb -o "Core/Src/spi.o"
../Core/Src/spi.c: In function 'SPI_read':
../Core/Src/spi.c:94:9: error: 'tempc' undeclared (first use in this function)
   94 |         tempc = (SPI1->DR | 0x7FF) >> 25;
      |         ^~~~~
../Core/Src/spi.c:94:9: note: each undeclared identifier is reported only once for each function it appears in
make: *** [Core/Src/subdir.mk:40: Core/Src/spi.o] Error 1
"make -j16 all" terminated with exit code 2. Build might be incomplete.
22:50:28 **** Incremental Build of configuration Debug for project FinalProject ****
make -j16 all 
arm-none-eabi-gcc "../Core/Src/spi.c" -mcpu=cortex-m4 -std=gnu11 -g3 -DDEBUG -DUSE_HAL_DRIVER -DSTM32L4A6xx -c -I../Core/Inc -I../Drivers/STM32L4xx_HAL_Driver/Inc -I../Drivers/STM32L4xx_HAL_Driver/Inc/Legacy -I../Drivers/CMSIS/Device/ST/STM32L4xx/Include -I../Drivers/CMSIS/Include -O0 -ffunction-sections -fdata-sections -Wall -fstack-usage -fcyclomatic-complexity -MMD -MP -MF"Core/Src/spi.d" -MT"Core/Src/spi.o" --specs=nano.specs -mfpu=fpv4-sp-d16 -mfloat-abi=hard -mthumb -o "Core/Src/spi.o"
../Core/Src/spi.c: In function 'SPI_read':
../Core/Src/spi.c:86:18: warning: variable 'data' set but not used [-Wunused-but-set-variable]
   86 |         uint32_t data;
      |                  ^~~~
arm-none-eabi-gcc -o "FinalProject.elf" @"objects.list"   -mcpu=cortex-m4 -T"C:\Users\rahee\Documents\CPE329\FinalProject\STM32L4A6ZGTX_FLASH.ld" --specs=nosys.specs -Wl,-Map="FinalProject.map" -Wl,--gc-sections -static --specs=nano.specs -mfpu=fpv4-sp-d16 -mfloat-abi=hard -mthumb -Wl,--start-group -lc -lm -Wl,--end-group
Finished building target: FinalProject.elf
 
arm-none-eabi-size  FinalProject.elf 
arm-none-eabi-objdump -h -S FinalProject.elf  > "FinalProject.list"
   text	   data	    bss	    dec	    hex	filename
   5884	     12	   1572	   7468	   1d2c	FinalProject.elf
Finished building: default.size.stdout
 
Finished building: FinalProject.list
 
22:51:15 **** Incremental Build of configuration Debug for project FinalProject ****
make -j16 all 
arm-none-eabi-gcc "../Core/Src/spi.c" -mcpu=cortex-m4 -std=gnu11 -g3 -DDEBUG -DUSE_HAL_DRIVER -DSTM32L4A6xx -c -I../Core/Inc -I../Drivers/STM32L4xx_HAL_Driver/Inc -I../Drivers/STM32L4xx_HAL_Driver/Inc/Legacy -I../Drivers/CMSIS/Device/ST/STM32L4xx/Include -I../Drivers/CMSIS/Include -O0 -ffunction-sections -fdata-sections -Wall -fstack-usage -fcyclomatic-complexity -MMD -MP -MF"Core/Src/spi.d" -MT"Core/Src/spi.o" --specs=nano.specs -mfpu=fpv4-sp-d16 -mfloat-abi=hard -mthumb -o "Core/Src/spi.o"
arm-none-eabi-gcc -o "FinalProject.elf" @"objects.list"   -mcpu=cortex-m4 -T"C:\Users\rahee\Documents\CPE329\FinalProject\STM32L4A6ZGTX_FLASH.ld" --specs=nosys.specs -Wl,-Map="FinalProject.map" -Wl,--gc-sections -static --specs=nano.specs -mfpu=fpv4-sp-d16 -mfloat-abi=hard -mthumb -Wl,--start-group -lc -lm -Wl,--end-group
Finished building target: FinalProject.elf
 
arm-none-eabi-size  FinalProject.elf 
arm-none-eabi-objdump -h -S FinalProject.elf  > "FinalProject.list"
   text	   data	    bss	    dec	    hex	filename
   5880	     12	   1572	   7464	   1d28	FinalProject.elf
Finished building: default.size.stdout
 
Finished building: FinalProject.list
 
22:58:49 **** Incremental Build of configuration Debug for project FinalProject ****
make -j16 all 
arm-none-eabi-gcc "../Core/Src/spi.c" -mcpu=cortex-m4 -std=gnu11 -g3 -DDEBUG -DUSE_HAL_DRIVER -DSTM32L4A6xx -c -I../Core/Inc -I../Drivers/STM32L4xx_HAL_Driver/Inc -I../Drivers/STM32L4xx_HAL_Driver/Inc/Legacy -I../Drivers/CMSIS/Device/ST/STM32L4xx/Include -I../Drivers/CMSIS/Include -O0 -ffunction-sections -fdata-sections -Wall -fstack-usage -fcyclomatic-complexity -MMD -MP -MF"Core/Src/spi.d" -MT"Core/Src/spi.o" --specs=nano.specs -mfpu=fpv4-sp-d16 -mfloat-abi=hard -mthumb -o "Core/Src/spi.o"
arm-none-eabi-gcc -o "FinalProject.elf" @"objects.list"   -mcpu=cortex-m4 -T"C:\Users\rahee\Documents\CPE329\FinalProject\STM32L4A6ZGTX_FLASH.ld" --specs=nosys.specs -Wl,-Map="FinalProject.map" -Wl,--gc-sections -static --specs=nano.specs -mfpu=fpv4-sp-d16 -mfloat-abi=hard -mthumb -Wl,--start-group -lc -lm -Wl,--end-group
Finished building target: FinalProject.elf
 
arm-none-eabi-size  FinalProject.elf 
arm-none-eabi-objdump -h -S FinalProject.elf  > "FinalProject.list"
   text	   data	    bss	    dec	    hex	filename
   5888	     12	   1572	   7472	   1d30	FinalProject.elf
Finished building: default.size.stdout
 
Finished building: FinalProject.list
 
23:01:24 **** Incremental Build of configuration Debug for project FinalProject ****
make -j16 all 
arm-none-eabi-gcc "../Core/Src/spi.c" -mcpu=cortex-m4 -std=gnu11 -g3 -DDEBUG -DUSE_HAL_DRIVER -DSTM32L4A6xx -c -I../Core/Inc -I../Drivers/STM32L4xx_HAL_Driver/Inc -I../Drivers/STM32L4xx_HAL_Driver/Inc/Legacy -I../Drivers/CMSIS/Device/ST/STM32L4xx/Include -I../Drivers/CMSIS/Include -O0 -ffunction-sections -fdata-sections -Wall -fstack-usage -fcyclomatic-complexity -MMD -MP -MF"Core/Src/spi.d" -MT"Core/Src/spi.o" --specs=nano.specs -mfpu=fpv4-sp-d16 -mfloat-abi=hard -mthumb -o "Core/Src/spi.o"
arm-none-eabi-gcc -o "FinalProject.elf" @"objects.list"   -mcpu=cortex-m4 -T"C:\Users\rahee\Documents\CPE329\FinalProject\STM32L4A6ZGTX_FLASH.ld" --specs=nosys.specs -Wl,-Map="FinalProject.map" -Wl,--gc-sections -static --specs=nano.specs -mfpu=fpv4-sp-d16 -mfloat-abi=hard -mthumb -Wl,--start-group -lc -lm -Wl,--end-group
Finished building target: FinalProject.elf
 
arm-none-eabi-size  FinalProject.elf 
arm-none-eabi-objdump -h -S FinalProject.elf  > "FinalProject.list"
   text	   data	    bss	    dec	    hex	filename
   5888	     12	   1572	   7472	   1d30	FinalProject.elf
Finished building: default.size.stdout
 
Finished building: FinalProject.list
 
23:02:29 **** Incremental Build of configuration Debug for project FinalProject ****
make -j16 all 
arm-none-eabi-gcc "../Core/Src/spi.c" -mcpu=cortex-m4 -std=gnu11 -g3 -DDEBUG -DUSE_HAL_DRIVER -DSTM32L4A6xx -c -I../Core/Inc -I../Drivers/STM32L4xx_HAL_Driver/Inc -I../Drivers/STM32L4xx_HAL_Driver/Inc/Legacy -I../Drivers/CMSIS/Device/ST/STM32L4xx/Include -I../Drivers/CMSIS/Include -O0 -ffunction-sections -fdata-sections -Wall -fstack-usage -fcyclomatic-complexity -MMD -MP -MF"Core/Src/spi.d" -MT"Core/Src/spi.o" --specs=nano.specs -mfpu=fpv4-sp-d16 -mfloat-abi=hard -mthumb -o "Core/Src/spi.o"
arm-none-eabi-gcc -o "FinalProject.elf" @"objects.list"   -mcpu=cortex-m4 -T"C:\Users\rahee\Documents\CPE329\FinalProject\STM32L4A6ZGTX_FLASH.ld" --specs=nosys.specs -Wl,-Map="FinalProject.map" -Wl,--gc-sections -static --specs=nano.specs -mfpu=fpv4-sp-d16 -mfloat-abi=hard -mthumb -Wl,--start-group -lc -lm -Wl,--end-group
Finished building target: FinalProject.elf
 
arm-none-eabi-size  FinalProject.elf 
arm-none-eabi-objdump -h -S FinalProject.elf  > "FinalProject.list"
   text	   data	    bss	    dec	    hex	filename
   5888	     12	   1572	   7472	   1d30	FinalProject.elf
Finished building: default.size.stdout
 
Finished building: FinalProject.list
 
